Archive member included to satisfy reference by file (symbol)

/developer/stratosphere/loader/../libstratosphere/lib/libstratosphere.a(firmware_version.o)
                              ldr_process_creation.o (GetRuntimeFirmwareVersion())
/opt/devkitpro/libnx/lib/libnx.a(detect.o)
                              ldr_map.o (detectKernelVersion)
/opt/devkitpro/libnx/lib/libnx.a(mutex.o)
                              ldr_main.o (mutexLock)
/opt/devkitpro/libnx/lib/libnx.a(thread.o)
                              ldr_main.o (threadStart)
/opt/devkitpro/libnx/lib/libnx.a(hid.o)
                              ldr_hid.o (hidGetSessionService)
/opt/devkitpro/libnx/lib/libnx.a(fsldr.o)
                              ldr_content_management.o (fsldrExit)
/opt/devkitpro/libnx/lib/libnx.a(sm.o)
                              ldr_main.o (smExit)
/opt/devkitpro/libnx/lib/libnx.a(fatal.o)
                              ldr_main.o (fatalSimple)
/opt/devkitpro/libnx/lib/libnx.a(lr.o)
                              ldr_main.o (lrInitialize)
/opt/devkitpro/libnx/lib/libnx.a(fs.o)
                              ldr_main.o (fsInitialize)
/opt/devkitpro/libnx/lib/libnx.a(sha256.o)
                              ldr_nso.o (sha256CalculateHash)
/opt/devkitpro/libnx/lib/libnx.a(hosversion.o)
                              /opt/devkitpro/libnx/lib/libnx.a(fsldr.o) (hosversionGet)
/opt/devkitpro/libnx/lib/libnx.a(console.o)
                              ldr_main.o (consoleDebugInit)
/opt/devkitpro/libnx/lib/libnx.a(console_sw.o)
                              /opt/devkitpro/libnx/lib/libnx.a(console.o) (getDefaultConsoleRenderer)
/opt/devkitpro/libnx/lib/libnx.a(fs_dev.o)
                              ldr_content_management.o (fsdevMountDevice)
/opt/devkitpro/libnx/lib/libnx.a(decode_utf8.o)
                              /opt/devkitpro/libnx/lib/libnx.a(fs_dev.o) (decode_utf8)
/opt/devkitpro/libnx/lib/libnx.a(svc.o)
                              /opt/devkitpro/libnx/lib/libnx.a(thread.o) (svcMapMemory)
/opt/devkitpro/libnx/lib/libnx.a(readtp.o)
                              /opt/devkitpro/libnx/lib/libnx.a(fs_dev.o) (__aarch64_read_tp)
/opt/devkitpro/libnx/lib/libnx.a(switch_crt0.o)
                              (_start)
/opt/devkitpro/libnx/lib/libnx.a(default_font.bin.o)
                              /opt/devkitpro/libnx/lib/libnx.a(console.o) (default_font_bin)
/opt/devkitpro/libnx/lib/libnx.a(wait.o)
                              /opt/devkitpro/libnx/lib/libnx.a(thread.o) (waitHandles)
/opt/devkitpro/libnx/lib/libnx.a(rwlock.o)
                              /opt/devkitpro/libnx/lib/libnx.a(hid.o) (rwlockReadLock)
/opt/devkitpro/libnx/lib/libnx.a(shmem.o)
                              /opt/devkitpro/libnx/lib/libnx.a(hid.o) (shmemLoadRemote)
/opt/devkitpro/libnx/lib/libnx.a(virtmem.o)
                              /opt/devkitpro/libnx/lib/libnx.a(shmem.o) (virtmemReserve)
/opt/devkitpro/libnx/lib/libnx.a(event.o)
                              /opt/devkitpro/libnx/lib/libnx.a(hid.o) (eventLoadRemote)
/opt/devkitpro/libnx/lib/libnx.a(condvar.o)
                              /opt/devkitpro/libnx/lib/libnx.a(rwlock.o) (condvarWaitTimeout)
/opt/devkitpro/libnx/lib/libnx.a(applet.o)
                              /opt/devkitpro/libnx/lib/libnx.a(hid.o) (appletGetAppletResourceUserId)
/opt/devkitpro/libnx/lib/libnx.a(apm.o)
                              /opt/devkitpro/libnx/lib/libnx.a(applet.o) (apmExit)
/opt/devkitpro/libnx/lib/libnx.a(framebuffer.o)
                              /opt/devkitpro/libnx/lib/libnx.a(console_sw.o) (framebufferMakeLinear)
/opt/devkitpro/libnx/lib/libnx.a(default_window.o)
                              /opt/devkitpro/libnx/lib/libnx.a(console_sw.o) (nwindowGetDefault)
/opt/devkitpro/libnx/lib/libnx.a(native_window.o)
                              /opt/devkitpro/libnx/lib/libnx.a(framebuffer.o) (nwindowIsValid)
/opt/devkitpro/libnx/lib/libnx.a(dynamic.o)
                              /opt/devkitpro/libnx/lib/libnx.a(switch_crt0.o) (__nx_dynamic)
/opt/devkitpro/libnx/lib/libnx.a(env.o)
                              /opt/devkitpro/libnx/lib/libnx.a(applet.o) (envIsNso)
/opt/devkitpro/libnx/lib/libnx.a(init.o)
                              /opt/devkitpro/libnx/lib/libnx.a(switch_crt0.o) (__libnx_init)
/opt/devkitpro/libnx/lib/libnx.a(newlib.o)
                              /opt/devkitpro/libnx/lib/libnx.a(init.o) (__libnx_init_time)
/opt/devkitpro/libnx/lib/libnx.a(argv.o)
                              /opt/devkitpro/libnx/lib/libnx.a(init.o) (argvSetup)
/opt/devkitpro/libnx/lib/libnx.a(cache.o)
                              /opt/devkitpro/libnx/lib/libnx.a(framebuffer.o) (armDCacheFlush)
/opt/devkitpro/libnx/lib/libnx.a(exception.o)
                              /opt/devkitpro/libnx/lib/libnx.a(switch_crt0.o) (__libnx_exception_entry)
/opt/devkitpro/libnx/lib/libnx.a(tmem.o)
                              /opt/devkitpro/libnx/lib/libnx.a(applet.o) (tmemCreate)
/opt/devkitpro/libnx/lib/libnx.a(time.o)
[...]
Memory Configuration

Name             Origin             Length             Attributes
*default*        0x0000000000000000 0xffffffffffffffff

Linker script and memory map

                0x0000000000000000                PROVIDE (__start__ = 0x0)
                0x0000000000000000                . = __start__

.crt0           0x0000000000000000      0x150
 *(.crt0)
 .crt0          0x0000000000000000      0x14c /opt/devkitpro/libnx/lib/libnx.a(switch_crt0.o)
                0x0000000000000000                _start
                0x0000000000000120                __nx_exit
                0x0000000000000130                __nx_mod0
                0x0000000000000150                . = ALIGN (0x8)
 *fill*         0x000000000000014c        0x4 

.init           0x0000000000000150       0x38
 *(.init)
 .init          0x0000000000000150       0x18 /opt/devkitpro/devkitA64/lib/gcc/aarch64-none-elf/8.3.0/pic/crti.o
                0x0000000000000150                _init
 .init          0x0000000000000168       0x1c /opt/devkitpro/devkitA64/lib/gcc/aarch64-none-elf/8.3.0/pic/crtn.o
                0x0000000000000188                . = ALIGN (0x8)
 *fill*         0x0000000000000184        0x4 

.plt            0x0000000000000188        0x0
 *(.plt)
 .plt           0x0000000000000188        0x0 /opt/devkitpro/devkitA64/lib/gcc/aarch64-none-elf/8.3.0/pic/crti.o
 *(.iplt)
                0x0000000000000188                . = ALIGN (0x8)

.text           0x00000000000001c0    0x36388
 *(.text.unlikely .text.*_unlikely .text.unlikely.*)
 .text.unlikely._ZN9IWaitable14HandleDeferredEv
                0x00000000000001c0        0xc ldr_main.o
                0x00000000000001c0                IWaitable::HandleDeferred()
 *(.text.exit .text.exit.*)
 *fill*         0x00000000000001cc        0x4 
 .text.exit     0x00000000000001d0       0x38 /opt/devkitpro/devkitA64/lib/gcc/aarch64-none-elf/8.3.0/../../../../aarch64-none-elf/lib/pic/libg.a(lib_a-exit.o)
                0x00000000000001d0                exit
 *(.text.startup .text.startup.*)
 *fill*         0x0000000000000208        0x8 
 .text.startup._GLOBAL__sub_I__ZN17ContentManagement9MountCodeEm11FsStorageId
                0x0000000000000210       0x6c ldr_content_management.o
 *fill*         0x000000000000027c        0x4 
 .text.startup.main
                0x0000000000000280      0x218 ldr_main.o
                0x0000000000000280                main
 .text.startup._GLOBAL__sub_I_eh_alloc.cc
                0x0000000000000498       0x54 /opt/devkitpro/devkitA64/lib/gcc/aarch64-none-elf/8.3.0/../../../../aarch64-none-elf/lib/pic/libstdc++.a(eh_alloc.o)
 *fill*         0x00000000000004ec        0x4 
 .text.startup._GLOBAL__sub_I_eh_globals.cc
                0x00000000000004f0       0x54 /opt/devkitpro/devkitA64/lib/gcc/aarch64-none-elf/8.3.0/../../../../aarch64-none-elf/lib/pic/libstdc++.a(eh_globals.o)
 *(.text.hot .text.hot.*)
 *(.text .stub .text.* .gnu.linkonce.t.*)
 *fill*         0x0000000000000544        0x4 
 .text.deregister_tm_clones
                0x0000000000000548       0x2c /opt/devkitpro/devkitA64/lib/gcc/aarch64-none-elf/8.3.0/pic/crtbegin.o
 *fill*         0x0000000000000574        0x4 
 .text.register_tm_clones
                0x0000000000000578       0x38 /opt/devkitpro/devkitA64/lib/gcc/aarch64-none-elf/8.3.0/pic/crtbegin.o
 .text.__do_global_dtors_aux
                0x00000000000005b0       0x48 /opt/devkitpro/devkitA64/lib/gcc/aarch64-none-elf/8.3.0/pic/crtbegin.o
 .text.frame_dummy
                0x00000000000005f8       0x34 /opt/devkitpro/devkitA64/lib/gcc/aarch64-none-elf/8.3.0/pic/crtbegin.o
 *fill*         0x000000000000062c        0x4 
 .text._ZN8MapUtils27LocateSpaceForMapDeprecatedEPmm
                0x0000000000000630       0xcc ldr_map.o
                0x0000000000000630                MapUtils::LocateSpaceForMapDeprecated(unsigned long*, unsigned long)
 *fill*         0x00000000000006fc        0x4 
 .text._ZN8MapUtils33MapCodeMemoryForProcessDeprecatedEjbmmPm
                0x0000000000000700       0xec ldr_map.o
                0x0000000000000700                MapUtils::MapCodeMemoryForProcessDeprecated(unsigned int, bool, unsigned long, unsigned long, unsigned long*)
 *fill*         0x00000000000007ec        0x4 
 .text._ZN8MapUtils19GetAddressSpaceInfoEPNS_16AddressSpaceInfoEj
                0x00000000000007f0       0xd8 ldr_map.o
                0x00000000000007f0                MapUtils::GetAddressSpaceInfo(MapUtils::AddressSpaceInfo*, unsigned int)
 *fill*         0x00000000000008c8        0x8 
 .text._ZN8MapUtils23LocateSpaceForMapModernEPmm
                0x00000000000008d0      0x15c ldr_map.o
                0x00000000000008d0                MapUtils::LocateSpaceForMapModern(unsigned long*, unsigned long)
 *fill*         0x0000000000000a2c        0x4 
 .text._ZN8MapUtils17LocateSpaceForMapEPmm
                0x0000000000000a30       0x40 ldr_map.o
                0x0000000000000a30                MapUtils::LocateSpaceForMap(unsigned long*, unsigned long)
 .text._ZN8MapUtils29MapCodeMemoryForProcessModernEjmmPm
                0x0000000000000a70      0x130 ldr_map.o
                0x0000000000000a70                MapUtils::MapCodeMemoryForProcessModern(unsigned int, unsigned long, unsigned long, unsigned long*)
 .text._ZN8MapUtils23MapCodeMemoryForProcessEjbmmPm
                0x0000000000000ba0       0x74 ldr_map.o
                0x0000000000000ba0                MapUtils::MapCodeMemoryForProcess(unsigned int, bool, unsigned long, unsigned long, unsigned long*)
 *fill*         0x0000000000000c14        0xc 
 .text._ZN12ShellService21AddTitleToLaunchQueueEm9InPointerIcEj
                0x0000000000000c20       0x1c ldr_shell.o
                0x0000000000000c20                ShellService::AddTitleToLaunchQueue(unsigned long, InPointer<char>, unsigned int)
 *fill*         0x0000000000000c3c        0x4 
 .text._ZN12ShellService16ClearLaunchQueueEv
                0x0000000000000c40        0x4 ldr_shell.o
                0x0000000000000c40                ShellService::ClearLaunchQueue()
 *fill*         0x0000000000000c44        0xc 
 .text._ZN12ShellService24SetExternalContentSourceE3OutI11MovedHandlevEm
                0x0000000000000c50       0x70 ldr_shell.o
                0x0000000000000c50                ShellService::SetExternalContentSource(Out<MovedHandle, void>, unsigned long)
 .text._ZN12ShellService26ClearExternalContentSourceEm
                0x0000000000000cc0        0x8 ldr_shell.o
                0x0000000000000cc0                ShellService::ClearExternalContentSource(unsigned long)
 *fill*         0x0000000000000cc8        0x8 
 .text._ZN9NpdmUtils15OpenNpdmFromECSEPN17ContentManagement21ExternalContentSourceE
                0x0000000000000cd0       0x5c ldr_npdm.o
                0x0000000000000cd0                NpdmUtils::OpenNpdmFromECS(ContentManagement::ExternalContentSource*)
 *fill*         0x0000000000000d2c        0x4 
 .text._ZN9NpdmUtils15OpenNpdmFromHBLEv
                0x0000000000000d30       0x44 ldr_npdm.o
                0x0000000000000d30                NpdmUtils::OpenNpdmFromHBL()
 *fill*         0x0000000000000d74        0xc 
 .text._ZN9NpdmUtils17OpenNpdmFromExeFSEv
                0x0000000000000d80       0x3c ldr_npdm.o
                0x0000000000000d80                NpdmUtils::OpenNpdmFromExeFS()
 *fill*         0x0000000000000dbc        0x4 
 .text._ZN9NpdmUtils18OpenNpdmFromSdCardEm
                0x0000000000000dc0       0x5c ldr_npdm.o
                0x0000000000000dc0                NpdmUtils::OpenNpdmFromSdCard(unsigned long)
 *fill*         0x0000000000000e1c        0x4 
 .text._ZN9NpdmUtils8OpenNpdmEm
                0x0000000000000e20       0x74 ldr_npdm.o
                0x0000000000000e20                NpdmUtils::OpenNpdm(unsigned long)
 *fill*         0x0000000000000e94        0xc 
 .text._ZN9NpdmUtils16LoadNpdmInternalEP7__sFILEPNS_9NpdmCacheE
                0x0000000000000ea0      0x27c ldr_npdm.o
                0x0000000000000ea0                NpdmUtils::LoadNpdmInternal(__sFILE*, NpdmUtils::NpdmCache*)
 *fill*         0x000000000000111c        0x4 
 .text._ZN9NpdmUtils8LoadNpdmEmPNS_8NpdmInfoE
                0x0000000000001120      0x220 ldr_npdm.o
                0x0000000000001120                NpdmUtils::LoadNpdm(unsigned long, NpdmUtils::NpdmInfo*)
 .text._ZN9NpdmUtils17LoadNpdmFromCacheEmPNS_8NpdmInfoE
                0x0000000000001340       0x48 ldr_npdm.o
                0x0000000000001340                NpdmUtils::LoadNpdmFromCache(unsigned long, NpdmUtils::NpdmInfo*)
 *fill*         0x0000000000001388        0x8 
 .text._ZN9NpdmUtils37ValidateCapabilityAgainstRestrictionsEPjmRS0_Rm
                0x0000000000001390      0x4a0 ldr_npdm.o
                0x0000000000001390                NpdmUtils::ValidateCapabilityAgainstRestrictions(unsigned int*, unsigned long, unsigned int*&, unsigned long&)
 .text._ZN9NpdmUtils20ValidateCapabilitiesEPjmS0_m
                0x0000000000001830       0x50 ldr_npdm.o
                0x0000000000001830                NpdmUtils::ValidateCapabilities(unsigned int*, unsigned long, unsigned int*, unsigned long)
 .text._ZN9NpdmUtils18GetApplicationTypeEPjm
                0x0000000000001880       0xdc ldr_npdm.o
                0x0000000000001880                NpdmUtils::GetApplicationType(unsigned int*, unsigned long)
 *fill*         0x000000000000195c        0x4 
 .text._ZN9NpdmUtils15InvalidateCacheEm
                0x0000000000001960       0x30 ldr_npdm.o
                0x0000000000001960                NpdmUtils::InvalidateCache(unsigned long)
 .text._ZL13ApplyIpsPatchPhmbP7__sFILE
                0x0000000000001990      0x290 ldr_patcher.o
 .text._ZN10PatchUtils12ApplyPatchesEPKN8NsoUtils9NsoHeaderEPhm
                0x0000000000001c20      0x39c ldr_patcher.o
                0x0000000000001c20                PatchUtils::ApplyPatches(NsoUtils::NsoHeader const*, unsigned char*, unsigned long)
 *fill*         0x0000000000001fbc        0x4 
 .text._ZN16MappedCodeMemory8IsActiveEv
                0x0000000000001fc0       0x10 ldr_registration.o
                0x0000000000001fc0                MappedCodeMemory::IsActive()
 .text._ZN12Registration10GetProcessEm
                0x0000000000001fd0       0x50 ldr_registration.o
                0x0000000000001fd0                Registration::GetProcess(unsigned long)
 .text._ZN12Registration21GetProcessByProcessIdEm
                0x0000000000002020       0x50 ldr_registration.o
                0x0000000000002020                Registration::GetProcessByProcessId(unsigned long)
 .text._ZN12Registration15UnregisterIndexEm
                0x0000000000002070       0x7c ldr_registration.o
                0x0000000000002070                Registration::UnregisterIndex(unsigned long)
 *fill*         0x00000000000020ec        0x4 
 .text._ZN12Registration19GetRegisteredTidSidEmPNS_6TidSidE
                0x00000000000020f0       0x5c ldr_registration.o
                0x00000000000020f0                Registration::GetRegisteredTidSid(unsigned long, Registration::TidSid*)
 *fill*         0x000000000000214c        0x4 
 .text._ZN12Registration37SetProcessIdTidAndIs64BitAddressSpaceEmmmb
                0x0000000000002150       0x54 ldr_registration.o
                0x0000000000002150                Registration::SetProcessIdTidAndIs64BitAddressSpace(unsigned long, unsigned long, unsigned long, bool)
 *fill*         0x00000000000021a4        0xc 
 .text._ZN12Registration10AddNsoInfoEmmmPKh
                0x00000000000021b0      0x1c0 ldr_registration.o
                0x00000000000021b0                Registration::AddNsoInfo(unsigned long, unsigned long, unsigned long, unsigned char const*)
 .text._ZN12Registration14CloseRoServiceEPvj
                0x0000000000002370      0x118 ldr_registration.o
                0x0000000000002370                Registration::CloseRoService(void*, unsigned int)
 *fill*         0x0000000000002488        0x8 
 .text._ZN12Registration13RemoveNrrInfoEmm
                0x0000000000002490      0x120 ldr_registration.o
                0x0000000000002490                Registration::RemoveNrrInfo(unsigned long, unsigned long)
 .text._ZN12Registration16IsNroHashPresentEmPh
                0x00000000000025b0      0x134 ldr_registration.o
                0x00000000000025b0                Registration::IsNroHashPresent(unsigned long, unsigned char*)
 *fill*         0x00000000000026e4        0xc 
 .text._ZN12Registration18IsNroAlreadyLoadedEmPh
                0x00000000000026f0       0xbc ldr_registration.o
                0x00000000000026f0                Registration::IsNroAlreadyLoaded(unsigned long, unsigned char*)
 *fill*         0x00000000000027ac        0x4 
 .text._ZN12Registration15AddNroToProcessEmP16MappedCodeMemoryS1_jjjPh
                0x00000000000027b0      0x1f8 ldr_registration.o
                0x00000000000027b0                Registration::AddNroToProcess(unsigned long, MappedCodeMemory*, MappedCodeMemory*, unsigned int, unsigned int, unsigned int, unsigned char*)
 *fill*         0x00000000000029a8        0x8 
 .text._ZN12Registration13RemoveNroInfoEmjm
                0x00000000000029b0      0x15c ldr_registration.o
                0x00000000000029b0                Registration::RemoveNroInfo(unsigned long, unsigned int, unsigned long)
 *fill*         0x0000000000002b0c        0x4 
 .text._ZN12Registration23GetNsoInfosForProcessIdEPNS_7NsoInfoEjmPj
                0x0000000000002b10       0xb8 ldr_registration.o
                0x0000000000002b10                Registration::GetNsoInfosForProcessId(Registration::NsoInfo*, unsigned int, unsigned long, unsigned int*)
 *fill*         0x0000000000002bc8        0x8 
 .text._ZN12Registration22AssociatePidTidForMitMEm
                0x0000000000002bd0      0x18c ldr_registration.o
                0x0000000000002bd0                Registration::AssociatePidTidForMitM(unsigned long)
 *fill*         0x0000000000002d5c        0x4 
 .text._ZSt9__find_ifIPN12Registration7ProcessEN9__gnu_cxx5__ops12_Iter_negateISt7_Mem_fnIMS1_bEEEET_SA_SA_T0_St26random_access_iterator_tag
                0x0000000000002d60      0x154 ldr_registration.o
                0x0000000000002d60                Registration::Process* std::__find_if<Registration::Process*, __gnu_cxx::__ops::_Iter_negate<std::_Mem_fn<bool Registration::Process::*> > >(Registration::Process*, Registration::Process*, __gnu_cxx::__ops::_Iter_negate<std::_Mem_fn<bool Registration::Process::*> >, std::random_access_iterator_tag)
 *fill*         0x0000000000002eb4        0xc 
 .text._ZN12Registration14RegisterTidSidEPKNS_6TidSidEPm
                0x0000000000002ec0       0xa4 ldr_registration.o
                0x0000000000002ec0                Registration::RegisterTidSid(Registration::TidSid const*, unsigned long*)
 *fill*         0x0000000000002f64        0xc 
 .text._ZSt9__find_ifIP16MappedCodeMemoryN9__gnu_cxx5__ops12_Iter_negateISt7_Mem_fnIMS0_FbvEEEEET_SA_SA_T0_St26random_access_iterator_tag
                0x0000000000002f70      0x258 ldr_registration.o
                0x0000000000002f70                MappedCodeMemory* std::__find_if<MappedCodeMemory*, __gnu_cxx::__ops::_Iter_negate<std::_Mem_fn<bool (MappedCodeMemory::*)()> > >(MappedCodeMemory*, MappedCodeMemory*, __gnu_cxx::__ops::_Iter_negate<std::_Mem_fn<bool (MappedCodeMemory::*)()> >, std::random_access_iterator_tag)
 *fill*         0x00000000000031c8        0x8 
 .text._ZN12Registration10AddNrrInfoEmP16MappedCodeMemory
                0x00000000000031d0       0xc0 ldr_registration.o
                0x00000000000031d0                Registration::AddNrrInfo(unsigned long, MappedCodeMemory*)
 .text._ZN8NsoUtils14OpenNsoFromECSEjPN17ContentManagement21ExternalContentSourceE
                0x0000000000003290      0x160 ldr_nso.o
                0x0000000000003290                NsoUtils::OpenNsoFromECS(unsigned int, ContentManagement::ExternalContentSource*)
 .text._ZN8NsoUtils14OpenNsoFromHBLEj
                0x00000000000033f0      0x15c ldr_nso.o
                0x00000000000033f0                NsoUtils::OpenNsoFromHBL(unsigned int)
 *fill*         0x000000000000354c        0x4 
 .text._ZN8NsoUtils16OpenNsoFromExeFSEj
                0x0000000000003550      0x15c ldr_nso.o
                0x0000000000003550                NsoUtils::OpenNsoFromExeFS(unsigned int)
 *fill*         0x00000000000036ac        0x4 
 .text._ZN8NsoUtils17OpenNsoFromSdCardEjm
                0x00000000000036b0      0x160 ldr_nso.o
                0x00000000000036b0                NsoUtils::OpenNsoFromSdCard(unsigned int, unsigned long)
 .text._ZN8NsoUtils15CheckNsoStubbedEjm
                0x0000000000003810      0x178 ldr_nso.o
                0x0000000000003810                NsoUtils::CheckNsoStubbed(unsigned int, unsigned long)
 *fill*         0x0000000000003988        0x8 
 .text._ZN8NsoUtils7OpenNsoEjm
                0x0000000000003990       0xb8 ldr_nso.o
                0x0000000000003990                NsoUtils::OpenNso(unsigned int, unsigned long)
 *fill*         0x0000000000003a48        0x8 
 .text._ZN8NsoUtils12IsNsoPresentEj
                0x0000000000003a50       0x14 ldr_nso.o
                0x0000000000003a50                NsoUtils::IsNsoPresent(unsigned int)
 *fill*         0x0000000000003a64        0xc 
 .text._ZN8NsoUtils13GetNsoBuildIdEj
                0x0000000000003a70       0x2c ldr_nso.o
                0x0000000000003a70                NsoUtils::GetNsoBuildId(unsigned int)
 *fill*         0x0000000000003a9c        0x4 
 .text._ZN8NsoUtils14LoadNsoHeadersEm
                0x0000000000003aa0      0x118 ldr_nso.o
                0x0000000000003aa0                NsoUtils::LoadNsoHeaders(unsigned long)
 *fill*         0x0000000000003bb8        0x8 
 .text._ZN8NsoUtils18ValidateNsoLoadSetEv
                0x0000000000003bc0       0x94 ldr_nso.o
                0x0000000000003bc0                NsoUtils::ValidateNsoLoadSet()
 *fill*         0x0000000000003c54        0xc 
 .text._ZN8NsoUtils23CalculateNsoLoadExtentsEjjPNS_14NsoLoadExtentsE
                0x0000000000003c60      0x1fc ldr_nso.o
                0x0000000000003c60                NsoUtils::CalculateNsoLoadExtents(unsigned int, unsigned int, NsoUtils::NsoLoadExtents*)
 *fill*         0x0000000000003e5c        0x4 
 .text._ZN8NsoUtils14LoadNsoSegmentEmjjP7__sFILEPhS2_
                0x0000000000003e60      0x1d4 ldr_nso.o
                0x0000000000003e60                NsoUtils::LoadNsoSegment(unsigned long, unsigned int, unsigned int, __sFILE*, unsigned char*, unsigned char*)
 *fill*         0x0000000000004034        0xc 
 .text._ZN8NsoUtils25LoadNsosIntoProcessMemoryEjmPNS_14NsoLoadExtentsEPhj
                0x0000000000004040      0x340 ldr_nso.o
                0x0000000000004040                NsoUtils::LoadNsosIntoProcessMemory(unsigned int, unsigned long, NsoUtils::NsoLoadExtents*, unsigned char*, unsigned int)
 .text._ZN21ProcessManagerService13CreateProcessE3OutI11MovedHandlevEmj12CopiedHandle
                0x0000000000004380       0xf4 ldr_process_manager.o
                0x0000000000004380                ProcessManagerService::CreateProcess(Out<MovedHandle, void>, unsigned long, unsigned int, CopiedHandle)
 *fill*         0x0000000000004474        0xc 
 .text._ZN21ProcessManagerService13RegisterTitleE3OutImvEN12Registration6TidSidE
                0x0000000000004480       0x28 ldr_process_manager.o
                0x0000000000004480                ProcessManagerService::RegisterTitle(Out<unsigned long, void>, Registration::TidSid)
 *fill*         0x00000000000044a8        0x8 
 .text._ZN21ProcessManagerService15UnregisterTitleEm
                0x00000000000044b0       0x24 ldr_process_manager.o
                0x00000000000044b0                ProcessManagerService::UnregisterTitle(unsigned long)
 *fill*         0x00000000000044d4        0xc 
 .text._ZN21ProcessManagerService25PopulateProgramInfoBufferEPNS_11ProgramInfoEPN12Registration6TidSidE
                0x00000000000044e0      0x1a0 ldr_process_manager.o
                0x00000000000044e0                ProcessManagerService::PopulateProgramInfoBuffer(ProcessManagerService::ProgramInfo*, Registration::TidSid*)
 .text._ZN21ProcessManagerService14GetProgramInfoE24OutPointerWithServerSizeINS_11ProgramInfoELm1EEN12Registration6TidSidE
                0x0000000000004680       0xbc ldr_process_manager.o
                0x0000000000004680                ProcessManagerService::GetProgramInfo(OutPointerWithServerSize<ProcessManagerService::ProgramInfo, 1ul>, Registration::TidSid)
 *fill*         0x000000000000473c        0x4 
 .text._ZN15ProcessCreation21InitializeProcessInfoEPN9NpdmUtils8NpdmInfoEjmPNS_11ProcessInfoE
                0x0000000000004740      0x1f8 ldr_process_creation.o
                0x0000000000004740                ProcessCreation::InitializeProcessInfo(NpdmUtils::NpdmInfo*, unsigned int, unsigned long, ProcessCreation::ProcessInfo*)
 *fill*         0x0000000000004938        0x8 
 .text._ZN15ProcessCreation13CreateProcessEPjmPcPN11LaunchQueue10LaunchItemEmj
                0x0000000000004940      0x384 ldr_process_creation.o
                0x0000000000004940                ProcessCreation::CreateProcess(unsigned int*, unsigned long, char*, LaunchQueue::LaunchItem*, unsigned long, unsigned int)
 *fill*         0x0000000000004cc4        0xc 
 .text._ZN13HidManagement11GetKeysHeldEPm
                0x0000000000004cd0       0x70 ldr_hid.o
                0x0000000000004cd0                HidManagement::GetKeysHeld(unsigned long*)
 .text._ZNSt6vectorImSaImEED2Ev
                0x0000000000004d40       0x10 ldr_content_management.o
                0x0000000000004d40                std::vector<unsigned long, std::allocator<unsigned long> >::~vector()
                0x0000000000004d40                std::vector<unsigned long, std::allocator<unsigned long> >::~vector()
 .text._ZL16ParseOverrideKeyPKc
                0x0000000000004d50      0x210 ldr_content_management.o
 .text._ZL29LoaderTitleSpecificIniHandlerPvPKcS1_S1_
                0x0000000000004f60       0x88 ldr_content_management.o
 *fill*         0x0000000000004fe8        0x8 
 .text._ZL16LoaderIniHandlerPvPKcS1_S1_
                0x0000000000004ff0      0x250 ldr_content_management.o
 .text._ZL22ShouldOverrideContentsP11OverrideKey.isra.8
                0x0000000000005240       0x5c ldr_content_management.o
 *fill*         0x000000000000529c        0x4 
 .text.ipcCloseObjectById
                0x00000000000052a0       0x34 ldr_content_management.o
 *fill*         0x00000000000052d4        0xc 
 .text._ZN17ContentManagement11UnmountCodeEv
                0x00000000000052e0       0x64 ldr_content_management.o
                0x00000000000052e0                ContentManagement::UnmountCode()
 *fill*         0x0000000000005344        0xc 
 .text._ZN17ContentManagement18TryMountHblNspOnSdEv
                0x0000000000005350       0xc0 ldr_content_management.o
                0x0000000000005350                ContentManagement::TryMountHblNspOnSd()
 .text._ZN17ContentManagement16MountCodeNspOnSdEm
                0x0000000000005410       0xb4 ldr_content_management.o
                0x0000000000005410                ContentManagement::MountCodeNspOnSd(unsigned long)
 *fill*         0x00000000000054c4        0xc 
 .text._ZN17ContentManagement18ResolveContentPathEPcm11FsStorageId
                0x00000000000054d0      0x1ec ldr_content_management.o
                0x00000000000054d0                ContentManagement::ResolveContentPath(char*, unsigned long, FsStorageId)
 *fill*         0x00000000000056bc        0x4 
 .text._ZN17ContentManagement27ResolveContentPathForTidSidEPcPN12Registration6TidSidE
                0x00000000000056c0       0x10 ldr_content_management.o
                0x00000000000056c0                ContentManagement::ResolveContentPathForTidSid(char*, Registration::TidSid*)
 .text._ZN17ContentManagement19RedirectContentPathEPKcm11FsStorageId
                0x00000000000056d0       0xbc ldr_content_management.o
                0x00000000000056d0                ContentManagement::RedirectContentPath(char const*, unsigned long, FsStorageId)
 *fill*         0x000000000000578c        0x4 
 .text._ZN17ContentManagement30RedirectHtmlDocumentPathForHblEm11FsStorageId
                0x0000000000005790      0x130 ldr_content_management.o
                0x0000000000005790                ContentManagement::RedirectHtmlDocumentPathForHbl(unsigned long, FsStorageId)
 .text._ZN17ContentManagement15HasCreatedTitleEm
                0x00000000000058c0      0x150 ldr_content_management.o
                0x00000000000058c0                ContentManagement::HasCreatedTitle(unsigned long)
 .text._ZN17ContentManagement24RefreshConfigurationDataEv
                0x0000000000005a10       0x8c ldr_content_management.o
                0x0000000000005a10                ContentManagement::RefreshConfigurationData()
 *fill*         0x0000000000005a9c        0x4 
 .text._ZN17ContentManagement14TryMountSdCardEv
                0x0000000000005aa0       0xe4 ldr_content_management.o
                0x0000000000005aa0                ContentManagement::TryMountSdCard()
 *fill*         0x0000000000005b84        0xc 
 .text._ZN17ContentManagement19GetTitleOverrideKeyEm
                0x0000000000005b90       0x98 ldr_content_management.o
                0x0000000000005b90                ContentManagement::GetTitleOverrideKey(unsigned long)
 *fill*         0x0000000000005c28        0x8 
 .text._ZN17ContentManagement29ShouldOverrideContentsWithHBLEm
                0x0000000000005c30       0xa8 ldr_content_management.o
                0x0000000000005c30                ContentManagement::ShouldOverrideContentsWithHBL(unsigned long)
 *fill*         0x0000000000005cd8        0x8 
 .text._ZN17ContentManagement28ShouldOverrideContentsWithSDEm
                0x0000000000005ce0       0x7c ldr_content_management.o
                0x0000000000005ce0                ContentManagement::ShouldOverrideContentsWithSD(unsigned long)
 *fill*         0x0000000000005d5c        0x4 
 .text._ZN17ContentManagement9MountCodeEm11FsStorageId
                0x0000000000005d60      0x13c ldr_content_management.o
                0x0000000000005d60                ContentManagement::MountCode(unsigned long, FsStorageId)
 *fill*         0x0000000000005e9c        0x4 
 .text._ZN17ContentManagement18MountCodeForTidSidEPN12Registration6TidSidE
                0x0000000000005ea0       0x10 ldr_content_management.o
                0x0000000000005ea0                ContentManagement::MountCodeForTidSid(Registration::TidSid*)
 .text._ZN17ContentManagement24GetExternalContentSourceEm
                0x0000000000005eb0       0x64 ldr_content_management.o
                0x0000000000005eb0                ContentManagement::GetExternalContentSource(unsigned long)
 *fill*         0x0000000000005f14        0xc 
 .text._ZN17ContentManagement26ClearExternalContentSourceEm
                0x0000000000005f20       0xa8 ldr_content_management.o
                0x0000000000005f20                ContentManagement::ClearExternalContentSource(unsigned long)
 *fill*         0x0000000000005fc8        0x8 
 .text._ZNSt8_Rb_treeImSt4pairIKmN17ContentManagement21ExternalContentSourceEESt10_Select1stIS4_ESt4lessImESaIS4_EE8_M_eraseEPSt13_Rb_tree_nodeIS4_E
                0x0000000000005fd0       0x58 ldr_content_management.o
                0x0000000000005fd0                std::_Rb_tree<unsigned long, std::pair<unsigned long const, ContentManagement::ExternalContentSource>, std::_Select1st<std::pair<unsigned long const, ContentManagement::ExternalContentSource> >, std::less<unsigned long>, std::allocator<std::pair<unsigned long const, ContentManagement::ExternalContentSource> > >::_M_erase(std::_Rb_tree_node<std::pair<unsigned long const, ContentManagement::ExternalContentSource> >*)
 *fill*         0x0000000000006028        0x8 
 .text._ZNSt3mapImN17ContentManagement21ExternalContentSourceESt4lessImESaISt4pairIKmS1_EEED2Ev
                0x0000000000006030        0x8 ldr_content_management.o
                0x0000000000006030                std::map<unsigned long, ContentManagement::ExternalContentSource, std::less<unsigned long>, std::allocator<std::pair<unsigned long const, ContentManagement::ExternalContentSource> > >::~map()
                0x0000000000006030                std::map<unsigned long, ContentManagement::ExternalContentSource, std::less<unsigned long>, std::allocator<std::pair<unsigned long const, ContentManagement::ExternalContentSource> > >::~map()
 *fill*         0x0000000000006038        0x8 
 .text._ZNSt6vectorImSaImEE17_M_realloc_insertIJRKmEEEvN9__gnu_cxx17__normal_iteratorIPmS1_EEDpOT_
                0x0000000000006040      0x120 ldr_content_management.o
                0x0000000000006040                void std::vector<unsigned long, std::allocator<unsigned long> >::_M_realloc_insert<unsigned long const&>(__gnu_cxx::__normal_iterator<unsigned long*, std::vector<unsigned long, std::allocator<unsigned long> > >, unsigned long const&)
 .text._ZN17ContentManagement15SetCreatedTitleEm
                0x0000000000006160       0x58 ldr_content_management.o
                0x0000000000006160                ContentManagement::SetCreatedTitle(unsigned long)
 *fill*         0x00000000000061b8        0x8 
 .text._ZNSt8_Rb_treeImSt4pairIKmN17ContentManagement21ExternalContentSourceEESt10_Select1stIS4_ESt4lessImESaIS4_EE17_M_emplace_uniqueIJRKSt21piecewise_construct_tSt5tupleIJmEESF_IJmPcEEEEES0_ISt17_Rb_tree_iteratorIS4_EbEDpOT_
                0x00000000000061c0      0x180 ldr_content_management.o
                0x00000000000061c0                std::pair<std::_Rb_tree_iterator<std::pair<unsigned long const, ContentManagement::ExternalContentSource> >, bool> std::_Rb_tree<unsigned long, std::pair<unsigned long const, ContentManagement::ExternalContentSource>, std::_Select1st<std::pair<unsigned long const, ContentManagement::ExternalContentSource> >, std::less<unsigned long>, std::allocator<std::pair<unsigned long const, ContentManagement::ExternalContentSource> > >::_M_emplace_unique<std::piecewise_construct_t const&, std::tuple<unsigned long>, std::tuple<unsigned long, char*> >(std::piecewise_construct_t const&, std::tuple<unsigned long>&&, std::tuple<unsigned long, char*>&&)
 .text._ZN17ContentManagement24SetExternalContentSourceEm12FsFileSystem
                0x0000000000006340       0xc4 ldr_content_management.o
                0x0000000000006340                ContentManagement::SetExternalContentSource(unsigned long, FsFileSystem)
 *fill*         0x0000000000006404        0xc 
 .text._ZN11RandomUtils7GetNextEv
                0x0000000000006410       0xa4 ldr_random.o
                0x0000000000006410                RandomUtils::GetNext()
 *fill*         0x00000000000064b4        0xc 
 .text._ZN11RandomUtils12GetRandomU64Em
                0x00000000000064c0       0x34 ldr_random.o
                0x00000000000064c0                RandomUtils::GetRandomU64(unsigned long)
 *fill*         0x00000000000064f4        0xc 
 .text._ZN8NroUtils17ValidateNrrHeaderEPNS_9NrrHeaderEmm
                0x0000000000006500       0x44 ldr_nro.o
                0x0000000000006500                NroUtils::ValidateNrrHeader(NroUtils::NrrHeader*, unsigned long, unsigned long)
 *fill*         0x0000000000006544        0xc 
 .text._ZN8NroUtils7LoadNroEPN12Registration7ProcessEjmmmmPm
                0x0000000000006550      0x568 ldr_nro.o
                0x0000000000006550                NroUtils::LoadNro(Registration::Process*, unsigned int, unsigned long, unsigned long, unsigned long, unsigned long, unsigned long*)
 *fill*         0x0000000000006ab8        0x8 
 .text._ZN11LaunchQueue3AddEmPKcm.part.1
                0x0000000000006ac0       0x84 ldr_launch_queue.o
 *fill*         0x0000000000006b44        0xc 
 .text._ZN11LaunchQueue3AddEmPKcm
                0x0000000000006b50       0x14 ldr_launch_queue.o
                0x0000000000006b50                LaunchQueue::Add(unsigned long, char const*, unsigned long)
 *fill*         0x0000000000006b64        0xc 
 .text._ZN11LaunchQueue8GetIndexEm
                0x0000000000006b70      0x15c ldr_launch_queue.o
                0x0000000000006b70                LaunchQueue::GetIndex(unsigned long)
 *fill*         0x0000000000006ccc        0x4 
 .text._ZN11LaunchQueue7AddCopyEmm
                0x0000000000006cd0       0x6c ldr_launch_queue.o
                0x0000000000006cd0                LaunchQueue::AddCopy(unsigned long, unsigned long)
 *fill*         0x0000000000006d3c        0x4 
 .text._ZN11LaunchQueue5ClearEv
                0x0000000000006d40       0x2c ldr_launch_queue.o
                0x0000000000006d40                LaunchQueue::Clear()
 *fill*         0x0000000000006d6c        0x4 
 .text._ZN11LaunchQueue7GetItemEm
                0x0000000000006d70       0x34 ldr_launch_queue.o
                0x0000000000006d70                LaunchQueue::GetItem(unsigned long)
 *fill*         0x0000000000006da4        0xc 
 .text._ZN19DebugMonitorService21AddTitleToLaunchQueueEm9InPointerIcEj
                0x0000000000006db0       0x1c ldr_debug_monitor.o
                0x0000000000006db0                DebugMonitorService::AddTitleToLaunchQueue(unsigned long, InPointer<char>, unsigned int)
 *fill*         0x0000000000006dcc        0x4 
 .text._ZN19DebugMonitorService16ClearLaunchQueueEv
                0x0000000000006dd0        0x4 ldr_debug_monitor.o
                0x0000000000006dd0                DebugMonitorService::ClearLaunchQueue()
 *fill*         0x0000000000006dd4        0xc 
 .text._ZN19DebugMonitorService10GetNsoInfoE3OutIjvE24OutPointerWithClientSizeIN12Registration7NsoInfoEEm
                0x0000000000006de0       0x6c ldr_debug_monitor.o
                0x0000000000006de0                DebugMonitorService::GetNsoInfo(Out<unsigned int, void>, OutPointerWithClientSize<Registration::NsoInfo>, unsigned long)
 *fill*         0x0000000000006e4c        0x4 
 .text.ipcPrepareHeader
                0x0000000000006e50      0x254 ldr_main.o
 *fill*         0x00000000000070a4        0xc 
 .text._ZN14ServiceSession9GetHandleEv
                0x00000000000070b0        0x8 ldr_main.o
                0x00000000000070b0                ServiceSession::GetHandle()
 *fill*         0x00000000000070b8        0x8 
 .text._ZN14ServiceSession17PreProcessRequestEP18IpcResponseContext
                0x00000000000070c0        0x4 ldr_main.o
                0x00000000000070c0                ServiceSession::PreProcessRequest(IpcResponseContext*)
 *fill*         0x00000000000070c4        0xc 
 .text._ZN14ServiceSession19PostProcessResponseEP18IpcResponseContext
                0x00000000000070d0        0x4 ldr_main.o
                0x00000000000070d0                ServiceSession::PostProcessResponse(IpcResponseContext*)
 *fill*         0x00000000000070d4        0xc 
 .text._ZN14ServiceSession19IHipcControlServiceD2Ev
                0x00000000000070e0        0x4 ldr_main.o
                0x00000000000070e0                ServiceSession::IHipcControlService::~IHipcControlService()
                0x00000000000070e0                ServiceSession::IHipcControlService::~IHipcControlService()
 *fill*         0x00000000000070e4        0xc 
 .text._ZNSt23_Sp_counted_ptr_inplaceIN14ServiceSession19IHipcControlServiceESaIS1_ELN9__gnu_cxx12_Lock_policyE2EED2Ev
                0x00000000000070f0        0x4 ldr_main.o
                0x00000000000070f0                std::_Sp_counted_ptr_inplace<ServiceSession::IHipcControlService, std::allocator<ServiceSession::IHipcControlService>, (__gnu_cxx::_Lock_policy)2>::~_Sp_counted_ptr_inplace()
                0x00000000000070f0                std::_Sp_counted_ptr_inplace<ServiceSession::IHipcControlService, std::allocator<ServiceSession::IHipcControlService>, (__gnu_cxx::_Lock_policy)2>::~_Sp_counted_ptr_inplace()
 *fill*         0x00000000000070f4        0xc 
 .text._ZNSt23_Sp_counted_ptr_inplaceIN14ServiceSession19IHipcControlServiceESaIS1_ELN9__gnu_cxx12_Lock_policyE2EE14_M_get_deleterERKSt9type_info
                0x0000000000007100       0x18 ldr_main.o
                0x0000000000007100                std::_Sp_counted_ptr_inplace<ServiceSession::IHipcControlService, std::allocator<ServiceSession::IHipcControlService>, (__gnu_cxx::_Lock_policy)2>::_M_get_deleter(std::type_info const&)
 *fill*         0x0000000000007118        0x8 
 .text._ZN7IServerI25RelocatableObjectsServiceE9GetHandleEv
                0x0000000000007120        0x8 ldr_main.o
                0x0000000000007120                IServer<RelocatableObjectsService>::GetHandle()
 *fill*         0x0000000000007128        0x8 
 .text._ZN7IServerI19DebugMonitorServiceE9GetHandleEv
                0x0000000000007130        0x8 ldr_main.o
                0x0000000000007130                IServer<DebugMonitorService>::GetHandle()
 *fill*         0x0000000000007138        0x8 
 .text._ZN7IServerI12ShellServiceE9GetHandleEv
                0x0000000000007140        0x8 ldr_main.o
                0x0000000000007140                IServer<ShellService>::GetHandle()
 *fill*         0x0000000000007148        0x8 
 .text._ZN7IServerI21ProcessManagerServiceE9GetHandleEv
                0x0000000000007150        0x8 ldr_main.o
                0x0000000000007150                IServer<ProcessManagerService>::GetHandle()
 *fill*         0x0000000000007158        0x8 
 .text._ZN12ShellServiceD2Ev
                0x0000000000007160        0x4 ldr_main.o
                0x0000000000007160                ShellService::~ShellService()
                0x0000000000007160                ShellService::~ShellService()
 *fill*         0x0000000000007164        0xc 
 .text._ZN19DebugMonitorServiceD2Ev
                0x0000000000007170        0x4 ldr_main.o
                0x0000000000007170                DebugMonitorService::~DebugMonitorService()
                0x0000000000007170                DebugMonitorService::~DebugMonitorService()
 *fill*         0x0000000000007174        0xc 
 .text._ZN21ProcessManagerServiceD2Ev
                0x0000000000007180        0x4 ldr_main.o
                0x0000000000007180                ProcessManagerService::~ProcessManagerService()
                0x0000000000007180                ProcessManagerService::~ProcessManagerService()
 *fill*         0x0000000000007184        0xc 
 .text._ZNSt23_Sp_counted_ptr_inplaceI21ProcessManagerServiceSaIS0_ELN9__gnu_cxx12_Lock_policyE2EED2Ev
                0x0000000000007190        0x4 ldr_main.o
                0x0000000000007190                std::_Sp_counted_ptr_inplace<ProcessManagerService, std::allocator<ProcessManagerService>, (__gnu_cxx::_Lock_policy)2>::~_Sp_counted_ptr_inplace()
                0x0000000000007190                std::_Sp_counted_ptr_inplace<ProcessManagerService, std::allocator<ProcessManagerService>, (__gnu_cxx::_Lock_policy)2>::~_Sp_counted_ptr_inplace()
 *fill*         0x0000000000007194        0xc 
 .text._ZNSt23_Sp_counted_ptr_inplaceI21ProcessManagerServiceSaIS0_ELN9__gnu_cxx12_Lock_policyE2EE10_M_disposeEv
                0x00000000000071a0        0x4 ldr_main.o
                0x00000000000071a0                std::_Sp_counted_ptr_inplace<ProcessManagerService, std::allocator<ProcessManagerService>, (__gnu_cxx::_Lock_policy)2>::_M_dispose()
 *fill*         0x00000000000071a4        0xc 
 .text._ZNSt23_Sp_counted_ptr_inplaceI21ProcessManagerServiceSaIS0_ELN9__gnu_cxx12_Lock_policyE2EE14_M_get_deleterERKSt9type_info
                0x00000000000071b0       0x18 ldr_main.o
                0x00000000000071b0                std::_Sp_counted_ptr_inplace<ProcessManagerService, std::allocator<ProcessManagerService>, (__gnu_cxx::_Lock_policy)2>::_M_get_deleter(std::type_info const&)
 *fill*         0x00000000000071c8        0x8 
 .text._ZNSt23_Sp_counted_ptr_inplaceI12ShellServiceSaIS0_ELN9__gnu_cxx12_Lock_policyE2EED2Ev
                0x00000000000071d0        0x4 ldr_main.o
                0x00000000000071d0                std::_Sp_counted_ptr_inplace<ShellService, std::allocator<ShellService>, (__gnu_cxx::_Lock_policy)2>::~_Sp_counted_ptr_inplace()
                0x00000000000071d0                std::_Sp_counted_ptr_inplace<ShellService, std::allocator<ShellService>, (__gnu_cxx::_Lock_policy)2>::~_Sp_counted_ptr_inplace()
 *fill*         0x00000000000071d4        0xc 
 .text._ZNSt23_Sp_counted_ptr_inplaceI12ShellServiceSaIS0_ELN9__gnu_cxx12_Lock_policyE2EE10_M_disposeEv
                0x00000000000071e0        0x4 ldr_main.o
                0x00000000000071e0                std::_Sp_counted_ptr_inplace<ShellService, std::allocator<ShellService>, (__gnu_cxx::_Lock_policy)2>::_M_dispose()
 *fill*         0x00000000000071e4        0xc 
 .text._ZNSt23_Sp_counted_ptr_inplaceI12ShellServiceSaIS0_ELN9__gnu_cxx12_Lock_policyE2EE14_M_get_deleterERKSt9type_info
                0x00000000000071f0       0x18 ldr_main.o
                0x00000000000071f0                std::_Sp_counted_ptr_inplace<ShellService, std::allocator<ShellService>, (__gnu_cxx::_Lock_policy)2>::_M_get_deleter(std::type_info const&)
 *fill*         0x0000000000007208        0x8 
 .text._ZNSt23_Sp_counted_ptr_inplaceI19DebugMonitorServiceSaIS0_ELN9__gnu_cxx12_Lock_policyE2EED2Ev
                0x0000000000007210        0x4 ldr_main.o
                0x0000000000007210                std::_Sp_counted_ptr_inplace<DebugMonitorService, std::allocator<DebugMonitorService>, (__gnu_cxx::_Lock_policy)2>::~_Sp_counted_ptr_inplace()
                0x0000000000007210                std::_Sp_counted_ptr_inplace<DebugMonitorService, std::allocator<DebugMonitorService>, (__gnu_cxx::_Lock_policy)2>::~_Sp_counted_ptr_inplace()
 *fill*         0x0000000000007214        0xc 
 .text._ZNSt23_Sp_counted_ptr_inplaceI19DebugMonitorServiceSaIS0_ELN9__gnu_cxx12_Lock_policyE2EE10_M_disposeEv
                0x0000000000007220        0x4 ldr_main.o
                0x0000000000007220                std::_Sp_counted_ptr_inplace<DebugMonitorService, std::allocator<DebugMonitorService>, (__gnu_cxx::_Lock_policy)2>::_M_dispose()
 *fill*         0x0000000000007224        0xc 
 .text._ZNSt23_Sp_counted_ptr_inplaceI19DebugMonitorServiceSaIS0_ELN9__gnu_cxx12_Lock_policyE2EE14_M_get_deleterERKSt9type_info
                0x0000000000007230       0x18 ldr_main.o
                0x0000000000007230                std::_Sp_counted_ptr_inplace<DebugMonitorService, std::allocator<DebugMonitorService>, (__gnu_cxx::_Lock_policy)2>::_M_get_deleter(std::type_info const&)
 *fill*         0x0000000000007248        0x8 
 .text._ZNSt23_Sp_counted_ptr_inplaceI25RelocatableObjectsServiceSaIS0_ELN9__gnu_cxx12_Lock_policyE2EED2Ev
                0x0000000000007250        0x4 ldr_main.o
                0x0000000000007250                std::_Sp_counted_ptr_inplace<RelocatableObjectsService, std::allocator<RelocatableObjectsService>, (__gnu_cxx::_Lock_policy)2>::~_Sp_counted_ptr_inplace()
                0x0000000000007250                std::_Sp_counted_ptr_inplace<RelocatableObjectsService, std::allocator<RelocatableObjectsService>, (__gnu_cxx::_Lock_policy)2>::~_Sp_counted_ptr_inplace()
 *fill*         0x0000000000007254        0xc 
 .text._ZNSt23_Sp_counted_ptr_inplaceI25RelocatableObjectsServiceSaIS0_ELN9__gnu_cxx12_Lock_policyE2EE14_M_get_deleterERKSt9type_info
                0x0000000000007260       0x18 ldr_main.o
                0x0000000000007260                std::_Sp_counted_ptr_inplace<RelocatableObjectsService, std::allocator<RelocatableObjectsService>, (__gnu_cxx::_Lock_policy)2>::_M_get_deleter(std::type_info const&)
 *fill*         0x0000000000007278        0x8 
 .text._ZN15WaitableManagerI19LoaderServerOptionsED2Ev
                0x0000000000007280       0xf8 ldr_main.o
                0x0000000000007280                WaitableManager<LoaderServerOptions>::~WaitableManager()
                0x0000000000007280                WaitableManager<LoaderServerOptions>::~WaitableManager()
 *fill*         0x0000000000007378        0x8 
 .text._ZNSt23_Sp_counted_ptr_inplaceIN14ServiceSession19IHipcControlServiceESaIS1_ELN9__gnu_cxx12_Lock_policyE2EE10_M_destroyEv
                0x0000000000007380        0x4 ldr_main.o
                0x0000000000007380                std::_Sp_counted_ptr_inplace<ServiceSession::IHipcControlService, std::allocator<ServiceSession::IHipcControlService>, (__gnu_cxx::_Lock_policy)2>::_M_destroy()
 *fill*         0x0000000000007384        0xc 
 .text._ZNSt23_Sp_counted_ptr_inplaceI21ProcessManagerServiceSaIS0_ELN9__gnu_cxx12_Lock_policyE2EE10_M_destroyEv
                0x0000000000007390        0x4 ldr_main.o
                0x0000000000007390                std::_Sp_counted_ptr_inplace<ProcessManagerService, std::allocator<ProcessManagerService>, (__gnu_cxx::_Lock_policy)2>::_M_destroy()
 *fill*         0x0000000000007394        0xc 
 .text._ZNSt23_Sp_counted_ptr_inplaceI12ShellServiceSaIS0_ELN9__gnu_cxx12_Lock_policyE2EE10_M_destroyEv
                0x00000000000073a0        0x4 ldr_main.o
                0x00000000000073a0                std::_Sp_counted_ptr_inplace<ShellService, std::allocator<ShellService>, (__gnu_cxx::_Lock_policy)2>::_M_destroy()
 *fill*         0x00000000000073a4        0xc 
 .text._ZNSt23_Sp_counted_ptr_inplaceI19DebugMonitorServiceSaIS0_ELN9__gnu_cxx12_Lock_policyE2EE10_M_destroyEv
                0x00000000000073b0        0x4 ldr_main.o
                0x00000000000073b0                std::_Sp_counted_ptr_inplace<DebugMonitorService, std::allocator<DebugMonitorService>, (__gnu_cxx::_Lock_policy)2>::_M_destroy()
 *fill*         0x00000000000073b4        0xc 
 .text._ZNSt23_Sp_counted_ptr_inplaceI25RelocatableObjectsServiceSaIS0_ELN9__gnu_cxx12_Lock_policyE2EE10_M_destroyEv
                0x00000000000073c0        0x4 ldr_main.o
                0x00000000000073c0                std::_Sp_counted_ptr_inplace<RelocatableObjectsService, std::allocator<RelocatableObjectsService>, (__gnu_cxx::_Lock_policy)2>::_M_destroy()
 *fill*         0x00000000000073c4        0xc 
 .text._ZN15WaitableManagerI19LoaderServerOptionsE10FreeDomainEP13IDomainObject
                0x00000000000073d0       0x58 ldr_main.o
                0x00000000000073d0                WaitableManager<LoaderServerOptions>::FreeDomain(IDomainObject*)
                0x0000000000007400                non-virtual thunk to WaitableManager<LoaderServerOptions>::FreeDomain(IDomainObject*)
 *fill*         0x0000000000007428        0x8 
 .text._ZN15WaitableManagerI19LoaderServerOptionsE13ReserveObjectEP13IDomainObjectPj
                0x0000000000007430       0x74 ldr_main.o
                0x0000000000007430                WaitableManager<LoaderServerOptions>::ReserveObject(IDomainObject*, unsigned int*)
                0x0000000000007470                non-virtual thunk to WaitableManager<LoaderServerOptions>::ReserveObject(IDomainObject*, unsigned int*)
 *fill*         0x00000000000074a4        0xc 
 .text._ZN15WaitableManagerI19LoaderServerOptionsE21CancelSynchronizationEv
                0x00000000000074b0       0x38 ldr_main.o
                0x00000000000074b0                WaitableManager<LoaderServerOptions>::CancelSynchronization()
 *fill*         0x00000000000074e8        0x8 
 .text._ZN15WaitableManagerI19LoaderServerOptionsE14AllocateDomainEv
                0x00000000000074f0       0x74 ldr_main.o
                0x00000000000074f0                WaitableManager<LoaderServerOptions>::AllocateDomain()
                0x0000000000007530                non-virtual thunk to WaitableManager<LoaderServerOptions>::AllocateDomain()
 *fill*         0x0000000000007564        0xc 
 .text._ZN15WaitableManagerI19LoaderServerOptionsE9GetObjectEP13IDomainObjectj
                0x0000000000007570       0x94 ldr_main.o
                0x0000000000007570                WaitableManager<LoaderServerOptions>::GetObject(IDomainObject*, unsigned int)
                0x00000000000075c0                non-virtual thunk to WaitableManager<LoaderServerOptions>::GetObject(IDomainObject*, unsigned int)
 *fill*         0x0000000000007604        0xc 
 .text._ZN15WaitableManagerI19LoaderServerOptionsE21ReserveSpecificObjectEP13IDomainObjectj
                0x0000000000007610       0x98 ldr_main.o
                0x0000000000007610                WaitableManager<LoaderServerOptions>::ReserveSpecificObject(IDomainObject*, unsigned int)
                0x0000000000007660                non-virtual thunk to WaitableManager<LoaderServerOptions>::ReserveSpecificObject(IDomainObject*, unsigned int)
 *fill*         0x00000000000076a8        0x8 
 .text._ZN14ServiceSession14HandleDeferredEv
                0x00000000000076b0       0x4c ldr_main.o
                0x00000000000076b0                ServiceSession::HandleDeferred()
 *fill*         0x00000000000076fc        0x4 
 .text._ZN14ServiceSession19IHipcControlServiceD0Ev
                0x0000000000007700        0x8 ldr_main.o
                0x0000000000007700                ServiceSession::IHipcControlService::~IHipcControlService()
 *fill*         0x0000000000007708        0x8 
 .text._ZN21ProcessManagerServiceD0Ev
                0x0000000000007710        0x8 ldr_main.o
                0x0000000000007710                ProcessManagerService::~ProcessManagerService()
 *fill*         0x0000000000007718        0x8 
 .text._ZN12ShellServiceD0Ev
                0x0000000000007720        0x8 ldr_main.o
                0x0000000000007720                ShellService::~ShellService()
 *fill*         0x0000000000007728        0x8 
 .text._ZN19DebugMonitorServiceD0Ev
                0x0000000000007730        0x8 ldr_main.o
                0x0000000000007730                DebugMonitorService::~DebugMonitorService()
 *fill*         0x0000000000007738        0x8 
 .text._ZNSt23_Sp_counted_ptr_inplaceIN14ServiceSession19IHipcControlServiceESaIS1_ELN9__gnu_cxx12_Lock_policyE2EED0Ev
                0x0000000000007740        0x8 ldr_main.o
                0x0000000000007740                std::_Sp_counted_ptr_inplace<ServiceSession::IHipcControlService, std::allocator<ServiceSession::IHipcControlService>, (__gnu_cxx::_Lock_policy)2>::~_Sp_counted_ptr_inplace()
 *fill*         0x0000000000007748        0x8 
 .text._ZNSt23_Sp_counted_ptr_inplaceI25RelocatableObjectsServiceSaIS0_ELN9__gnu_cxx12_Lock_policyE2EED0Ev
                0x0000000000007750        0x8 ldr_main.o
                0x0000000000007750                std::_Sp_counted_ptr_inplace<RelocatableObjectsService, std::allocator<RelocatableObjectsService>, (__gnu_cxx::_Lock_policy)2>::~_Sp_counted_ptr_inplace()
 *fill*         0x0000000000007758        0x8 
 .text._ZNSt23_Sp_counted_ptr_inplaceI19DebugMonitorServiceSaIS0_ELN9__gnu_cxx12_Lock_policyE2EED0Ev
                0x0000000000007760        0x8 ldr_main.o
                0x0000000000007760                std::_Sp_counted_ptr_inplace<DebugMonitorService, std::allocator<DebugMonitorService>, (__gnu_cxx::_Lock_policy)2>::~_Sp_counted_ptr_inplace()
 *fill*         0x0000000000007768        0x8 
 .text._ZNSt23_Sp_counted_ptr_inplaceI12ShellServiceSaIS0_ELN9__gnu_cxx12_Lock_policyE2EED0Ev
                0x0000000000007770        0x8 ldr_main.o
                0x0000000000007770                std::_Sp_counted_ptr_inplace<ShellService, std::allocator<ShellService>, (__gnu_cxx::_Lock_policy)2>::~_Sp_counted_ptr_inplace()
 *fill*         0x0000000000007778        0x8 
 .text._ZNSt23_Sp_counted_ptr_inplaceI21ProcessManagerServiceSaIS0_ELN9__gnu_cxx12_Lock_policyE2EED0Ev
                0x0000000000007780        0x8 ldr_main.o
                0x0000000000007780                std::_Sp_counted_ptr_inplace<ProcessManagerService, std::allocator<ProcessManagerService>, (__gnu_cxx::_Lock_policy)2>::~_Sp_counted_ptr_inplace()
 *fill*         0x0000000000007788        0x8 
 .text._ZN25RelocatableObjectsServiceD2Ev
                0x0000000000007790       0x48 ldr_main.o
                0x0000000000007790                RelocatableObjectsService::~RelocatableObjectsService()
                0x0000000000007790                RelocatableObjectsService::~RelocatableObjectsService()
 *fill*         0x00000000000077d8        0x8 
 .text._ZN7IServerI25RelocatableObjectsServiceED2Ev
                0x00000000000077e0       0x20 ldr_main.o
                0x00000000000077e0                IServer<RelocatableObjectsService>::~IServer()
                0x00000000000077e0                IServer<RelocatableObjectsService>::~IServer()
 .text._ZN7IServerI25RelocatableObjectsServiceED0Ev
                0x0000000000007800       0x50 ldr_main.o
                0x0000000000007800                IServer<RelocatableObjectsService>::~IServer()
 .text._ZN13ServiceServerI25RelocatableObjectsServiceED2Ev
                0x0000000000007850       0x20 ldr_main.o
                0x0000000000007850                ServiceServer<RelocatableObjectsService>::~ServiceServer()
                0x0000000000007850                ServiceServer<RelocatableObjectsService>::~ServiceServer()
 .text._ZN13ServiceServerI25RelocatableObjectsServiceED0Ev
                0x0000000000007870       0x50 ldr_main.o
                0x0000000000007870                ServiceServer<RelocatableObjectsService>::~ServiceServer()
 .text._ZN7IServerI19DebugMonitorServiceED2Ev
                0x00000000000078c0       0x20 ldr_main.o
                0x00000000000078c0                IServer<DebugMonitorService>::~IServer()
                0x00000000000078c0                IServer<DebugMonitorService>::~IServer()
 .text._ZN7IServerI19DebugMonitorServiceED0Ev
                0x00000000000078e0       0x50 ldr_main.o
                0x00000000000078e0                IServer<DebugMonitorService>::~IServer()
 .text._ZN13ServiceServerI19DebugMonitorServiceED2Ev
                0x0000000000007930       0x20 ldr_main.o
                0x0000000000007930                ServiceServer<DebugMonitorService>::~ServiceServer()
                0x0000000000007930                ServiceServer<DebugMonitorService>::~ServiceServer()
 .text._ZN13ServiceServerI19DebugMonitorServiceED0Ev
                0x0000000000007950       0x50 ldr_main.o
                0x0000000000007950                ServiceServer<DebugMonitorService>::~ServiceServer()
 .text._ZN7IServerI12ShellServiceED2Ev
                0x00000000000079a0       0x20 ldr_main.o
                0x00000000000079a0                IServer<ShellService>::~IServer()
                0x00000000000079a0                IServer<ShellService>::~IServer()
 .text._ZN7IServerI12ShellServiceED0Ev
                0x00000000000079c0       0x50 ldr_main.o
                0x00000000000079c0                IServer<ShellService>::~IServer()
 .text._ZN13ServiceServerI12ShellServiceED2Ev
                0x0000000000007a10       0x20 ldr_main.o
                0x0000000000007a10                ServiceServer<ShellService>::~ServiceServer()
                0x0000000000007a10                ServiceServer<ShellService>::~ServiceServer()
 .text._ZN13ServiceServerI12ShellServiceED0Ev
                0x0000000000007a30       0x50 ldr_main.o
                0x0000000000007a30                ServiceServer<ShellService>::~ServiceServer()
 .text._ZN7IServerI21ProcessManagerServiceED2Ev
                0x0000000000007a80       0x20 ldr_main.o
                0x0000000000007a80                IServer<ProcessManagerService>::~IServer()
                0x0000000000007a80                IServer<ProcessManagerService>::~IServer()
 .text._ZN7IServerI21ProcessManagerServiceED0Ev
                0x0000000000007aa0       0x50 ldr_main.o
                0x0000000000007aa0                IServer<ProcessManagerService>::~IServer()
 .text._ZN13ServiceServerI21ProcessManagerServiceED2Ev
                0x0000000000007af0       0x20 ldr_main.o
                0x0000000000007af0                ServiceServer<ProcessManagerService>::~ServiceServer()
                0x0000000000007af0                ServiceServer<ProcessManagerService>::~ServiceServer()
 .text._ZN13ServiceServerI21ProcessManagerServiceED0Ev
                0x0000000000007b10       0x50 ldr_main.o
                0x0000000000007b10                ServiceServer<ProcessManagerService>::~ServiceServer()
 .text._ZN14ServiceSession15CleanupResponseEP18IpcResponseContext
                0x0000000000007b60       0x10 ldr_main.o
                0x0000000000007b60                ServiceSession::CleanupResponse(IpcResponseContext*)
 .text._ZN9IWaitable7CompareEPS_S0_
                0x0000000000007b70       0x50 ldr_main.o
                0x0000000000007b70                IWaitable::Compare(IWaitable*, IWaitable*)
 .text._ZN14ServiceSession11GetResponseEP18IpcResponseContext
                0x0000000000007bc0      0x174 ldr_main.o
                0x0000000000007bc0                ServiceSession::GetResponse(IpcResponseContext*)
 *fill*         0x0000000000007d34        0xc 
 .text._ZNSt23_Sp_counted_ptr_inplaceIN14ServiceSession19IHipcControlServiceESaIS1_ELN9__gnu_cxx12_Lock_policyE2EE10_M_disposeEv
                0x0000000000007d40       0x24 ldr_main.o
                0x0000000000007d40                std::_Sp_counted_ptr_inplace<ServiceSession::IHipcControlService, std::allocator<ServiceSession::IHipcControlService>, (__gnu_cxx::_Lock_policy)2>::_M_dispose()
 *fill*         0x0000000000007d64        0xc 
 .text._ZNSt23_Sp_counted_ptr_inplaceI25RelocatableObjectsServiceSaIS0_ELN9__gnu_cxx12_Lock_policyE2EE10_M_disposeEv
                0x0000000000007d70       0x50 ldr_main.o
                0x0000000000007d70                std::_Sp_counted_ptr_inplace<RelocatableObjectsService, std::allocator<RelocatableObjectsService>, (__gnu_cxx::_Lock_policy)2>::_M_dispose()
 .text._ZN25RelocatableObjectsServiceD0Ev
                0x0000000000007dc0       0x5c ldr_main.o
                0x0000000000007dc0                RelocatableObjectsService::~RelocatableObjectsService()
 *fill*         0x0000000000007e1c        0x4 
 .text._ZN15WaitableManagerI19LoaderServerOptionsE11RequestStopEv
                0x0000000000007e20       0x60 ldr_main.o
                0x0000000000007e20                WaitableManager<LoaderServerOptions>::RequestStop()
 .text._ZN15WaitableManagerI19LoaderServerOptionsE14NotifySignaledEP9IWaitable
                0x0000000000007e80       0xb0 ldr_main.o
                0x0000000000007e80                WaitableManager<LoaderServerOptions>::NotifySignaled(IWaitable*)
 .text._ZN15WaitableManagerI19LoaderServerOptionsE10FreeObjectEP13IDomainObjectj
                0x0000000000007f30       0x98 ldr_main.o
                0x0000000000007f30                non-virtual thunk to WaitableManager<LoaderServerOptions>::FreeObject(IDomainObject*, unsigned int)
                0x0000000000007f80                WaitableManager<LoaderServerOptions>::FreeObject(IDomainObject*, unsigned int)
 *fill*         0x0000000000007fc8        0x8 
 .text._ZN15WaitableManagerI19LoaderServerOptionsE9SetObjectEP13IDomainObjectjO19ServiceObjectHolder
                0x0000000000007fd0       0x7c ldr_main.o
                0x0000000000007fd0                non-virtual thunk to WaitableManager<LoaderServerOptions>::SetObject(IDomainObject*, unsigned int, ServiceObjectHolder&&)
                0x0000000000008010                WaitableManager<LoaderServerOptions>::SetObject(IDomainObject*, unsigned int, ServiceObjectHolder&&)
 *fill*         0x000000000000804c        0x4 
 .text._ZN15WaitableManagerI19LoaderServerOptionsE15ForceFreeObjectEj
                0x0000000000008050       0x98 ldr_main.o
                0x0000000000008050                non-virtual thunk to WaitableManager<LoaderServerOptions>::ForceFreeObject(unsigned int)
                0x00000000000080a0                WaitableManager<LoaderServerOptions>::ForceFreeObject(unsigned int)
 *fill*         0x00000000000080e8        0x8 
 .text._ZN14ServiceSessionD0Ev
                0x00000000000080f0      0x10c ldr_main.o
                0x00000000000080f0                ServiceSession::~ServiceSession()
 *fill*         0x00000000000081fc        0x4 
 .text._ZN15WaitableManagerI19LoaderServerOptionsED0Ev
                0x0000000000008200      0x100 ldr_main.o
                0x0000000000008200                WaitableManager<LoaderServerOptions>::~WaitableManager()
 .text._ZN14ServiceSessionD2Ev
                0x0000000000008300      0x10c ldr_main.o
                0x0000000000008300                ServiceSession::~ServiceSession()
                0x0000000000008300                ServiceSession::~ServiceSession()
 *fill*         0x000000000000840c        0x4 
 .text.ipcPrepareHeaderForDomain.constprop.524
                0x0000000000008410      0x2b0 ldr_main.o
 .text._Z18WrapIpcCommandImplIXadL_ZN14ServiceSession19IHipcControlService28ConvertCurrentObjectToDomainE3OutIjvEEEEjP18IpcResponseContext
                0x00000000000086c0      0x3c8 ldr_main.o
                0x00000000000086c0                unsigned int WrapIpcCommandImpl<&ServiceSession::IHipcControlService::ConvertCurrentObjectToDomain>(IpcResponseContext*)
 *fill*         0x0000000000008a88        0x8 
 .text._Z18WrapIpcCommandImplIXadL_ZN12ShellService24SetExternalContentSourceE3OutI11MovedHandlevEmEEEjP18IpcResponseContext
                0x0000000000008a90      0x1cc ldr_main.o
                0x0000000000008a90                unsigned int WrapIpcCommandImpl<&ShellService::SetExternalContentSource>(IpcResponseContext*)
 *fill*         0x0000000000008c5c        0x4 
 .text._Z18WrapIpcCommandImplIXadL_ZN25RelocatableObjectsService10InitializeE13PidDescriptor12CopiedHandleEEEjP18IpcResponseContext
                0x0000000000008c60      0x1c4 ldr_main.o
                0x0000000000008c60                unsigned int WrapIpcCommandImpl<&RelocatableObjectsService::Initialize>(IpcResponseContext*)
 *fill*         0x0000000000008e24        0xc 
 .text._Z18WrapIpcCommandImplIXadL_ZN25RelocatableObjectsService7LoadNrrE13PidDescriptormmEEEjP18IpcResponseContext
                0x0000000000008e30      0x1bc ldr_main.o
                0x0000000000008e30                unsigned int WrapIpcCommandImpl<&RelocatableObjectsService::LoadNrr>(IpcResponseContext*)
 *fill*         0x0000000000008fec        0x4 
 .text._Z18WrapIpcCommandImplIXadL_ZN21ProcessManagerService13RegisterTitleE3OutImvEN12Registration6TidSidEEEEjP18IpcResponseContext
                0x0000000000008ff0      0x1dc ldr_main.o
                0x0000000000008ff0                unsigned int WrapIpcCommandImpl<&ProcessManagerService::RegisterTitle>(IpcResponseContext*)
 *fill*         0x00000000000091cc        0x4 
 .text._Z18WrapIpcCommandImplIXadL_ZN19DebugMonitorService10GetNsoInfoE3OutIjvE24OutPointerWithClientSizeIN12Registration7NsoInfoEEmEEEjP18IpcResponseContext
                0x00000000000091d0      0x254 ldr_main.o
                0x00000000000091d0                unsigned int WrapIpcCommandImpl<&DebugMonitorService::GetNsoInfo>(IpcResponseContext*)
 *fill*         0x0000000000009424        0xc 
 .text._Z18WrapIpcCommandImplIXadL_ZN21ProcessManagerService14GetProgramInfoE24OutPointerWithServerSizeINS0_11ProgramInfoELm1EEN12Registration6TidSidEEEEjP18IpcResponseContext
                0x0000000000009430      0x1ec ldr_main.o
                0x0000000000009430                unsigned int WrapIpcCommandImpl<&ProcessManagerService::GetProgramInfo>(IpcResponseContext*)
 *fill*         0x000000000000961c        0x4 
 .text._Z18WrapIpcCommandImplIXadL_ZN21ProcessManagerService13CreateProcessE3OutI11MovedHandlevEmj12CopiedHandleEEEjP18IpcResponseContext
                0x0000000000009620      0x1e0 ldr_main.o
                0x0000000000009620                unsigned int WrapIpcCommandImpl<&ProcessManagerService::CreateProcess>(IpcResponseContext*)
 .text._Z18WrapIpcCommandImplIXadL_ZN25RelocatableObjectsService7LoadNroE3OutImvE13PidDescriptormmmmEEEjP18IpcResponseContext
                0x0000000000009800      0x1ec ldr_main.o
                0x0000000000009800                unsigned int WrapIpcCommandImpl<&RelocatableObjectsService::LoadNro>(IpcResponseContext*)
 *fill*         0x00000000000099ec        0x4 
 .text._Z18WrapIpcCommandImplIXadL_ZN25RelocatableObjectsService9UnloadNroE13PidDescriptormEEEjP18IpcResponseContext
                0x00000000000099f0      0x1bc ldr_main.o
                0x00000000000099f0                unsigned int WrapIpcCommandImpl<&RelocatableObjectsService::UnloadNro>(IpcResponseContext*)
 *fill*         0x0000000000009bac        0x4 
 .text._Z18WrapIpcCommandImplIXadL_ZN19DebugMonitorService21AddTitleToLaunchQueueEm9InPointerIcEjEEEjP18IpcResponseContext
                0x0000000000009bb0      0x254 ldr_main.o
                0x0000000000009bb0                unsigned int WrapIpcCommandImpl<&DebugMonitorService::AddTitleToLaunchQueue>(IpcResponseContext*)
 *fill*         0x0000000000009e04        0xc 
 .text._Z18WrapIpcCommandImplIXadL_ZN12ShellService21AddTitleToLaunchQueueEm9InPointerIcEjEEEjP18IpcResponseContext
                0x0000000000009e10      0x254 ldr_main.o
                0x0000000000009e10                unsigned int WrapIpcCommandImpl<&ShellService::AddTitleToLaunchQueue>(IpcResponseContext*)
 *fill*         0x000000000000a064        0xc 
 .text._Z18WrapIpcCommandImplIXadL_ZN25RelocatableObjectsService9UnloadNrrE13PidDescriptormEEEjP18IpcResponseContext
                0x000000000000a070      0x1bc ldr_main.o
                0x000000000000a070                unsigned int WrapIpcCommandImpl<&RelocatableObjectsService::UnloadNrr>(IpcResponseContext*)
 *fill*         0x000000000000a22c        0x4 
 .text._ZN14ServiceSession14HandleReceivedEv
                0x000000000000a230      0xaf8 ldr_main.o
                0x000000000000a230                ServiceSession::HandleReceived()
 *fill*         0x000000000000ad28        0x8 
 .text._Z18WrapIpcCommandImplIXadL_ZN19DebugMonitorService16ClearLaunchQueueEvEEEjP18IpcResponseContext
                0x000000000000ad30      0x148 ldr_main.o
                0x000000000000ad30                unsigned int WrapIpcCommandImpl<&DebugMonitorService::ClearLaunchQueue>(IpcResponseContext*)
 *fill*         0x000000000000ae78        0x8 
 .text._Z18WrapIpcCommandImplIXadL_ZN12ShellService16ClearLaunchQueueEvEEEjP18IpcResponseContext
                0x000000000000ae80      0x148 ldr_main.o
                0x000000000000ae80                unsigned int WrapIpcCommandImpl<&ShellService::ClearLaunchQueue>(IpcResponseContext*)
 *fill*         0x000000000000afc8        0x8 
 .text._Z18WrapIpcCommandImplIXadL_ZN14ServiceSession19IHipcControlService22QueryPointerBufferSizeE3OutItvEEEEjP18IpcResponseContext
                0x000000000000afd0      0x3e0 ldr_main.o
                0x000000000000afd0                unsigned int WrapIpcCommandImpl<&ServiceSession::IHipcControlService::QueryPointerBufferSize>(IpcResponseContext*)
 .text._Z18WrapIpcCommandImplIXadL_ZN12ShellService26ClearExternalContentSourceEmEEEjP18IpcResponseContext
                0x000000000000b3b0      0x15c ldr_main.o
                0x000000000000b3b0                unsigned int WrapIpcCommandImpl<&ShellService::ClearExternalContentSource>(IpcResponseContext*)
 *fill*         0x000000000000b50c        0x4 
 .text._Z18WrapIpcCommandImplIXadL_ZN21ProcessManagerService15UnregisterTitleEmEEEjP18IpcResponseContext
                0x000000000000b510      0x1ac ldr_main.o
                0x000000000000b510                unsigned int WrapIpcCommandImpl<&ProcessManagerService::UnregisterTitle>(IpcResponseContext*)
 *fill*         0x000000000000b6bc        0x4 
 .text._ZN14ServiceSession7ReceiveEv
                0x000000000000b6c0       0xac ldr_main.o
                0x000000000000b6c0                ServiceSession::Receive()
 *fill*         0x000000000000b76c        0x4 
 .text._ZN14ServiceSession14HandleSignaledEm
                0x000000000000b770       0x3c ldr_main.o
                0x000000000000b770                ServiceSession::HandleSignaled(unsigned long)
 *fill*         0x000000000000b7ac        0x4 
 .text.__libnx_initheap
                0x000000000000b7b0       0x30 ldr_main.o
                0x000000000000b7b0                __libnx_initheap
 .text.__appInit
                0x000000000000b7e0       0xa0 ldr_main.o
                0x000000000000b7e0                __appInit
 .text.__appExit
                0x000000000000b880       0x20 ldr_main.o
                0x000000000000b880                __appExit
 .text._ZNSt6vectorIP9IWaitableSaIS1_EE17_M_realloc_insertIJRKS1_EEEvN9__gnu_cxx17__normal_iteratorIPS1_S3_EEDpOT_
                0x000000000000b8a0      0x120 ldr_main.o
                0x000000000000b8a0                void std::vector<IWaitable*, std::allocator<IWaitable*> >::_M_realloc_insert<IWaitable* const&>(__gnu_cxx::__normal_iterator<IWaitable**, std::vector<IWaitable*, std::allocator<IWaitable*> > >, IWaitable* const&)
 .text._ZN15WaitableManagerI19LoaderServerOptionsE11AddWaitableEP9IWaitable
                0x000000000000b9c0       0xc8 ldr_main.o
                0x000000000000b9c0                WaitableManager<LoaderServerOptions>::AddWaitable(IWaitable*)
 *fill*         0x000000000000ba88        0x8 
 .text._ZN15WaitableManagerI19LoaderServerOptionsE10AddSessionEjO19ServiceObjectHolder
                0x000000000000ba90      0x1b0 ldr_main.o
                0x000000000000ba90                WaitableManager<LoaderServerOptions>::AddSession(unsigned int, ServiceObjectHolder&&)
 .text._Z18WrapIpcCommandImplIXadL_ZN14ServiceSession19IHipcControlService20CloneCurrentObjectExE3OutI11MovedHandlevEjEEEjP18IpcResponseContext
                0x000000000000bc40      0x3e8 ldr_main.o
                0x000000000000bc40                unsigned int WrapIpcCommandImpl<&ServiceSession::IHipcControlService::CloneCurrentObjectEx>(IpcResponseContext*)
 *fill*         0x000000000000c028        0x8 
 .text._ZN7IServerI12ShellServiceE14HandleSignaledEm
                0x000000000000c030      0x2ac ldr_main.o
                0x000000000000c030                IServer<ShellService>::HandleSignaled(unsigned long)
 *fill*         0x000000000000c2dc        0x4 
 .text._ZN7IServerI19DebugMonitorServiceE14HandleSignaledEm
                0x000000000000c2e0      0x2ac ldr_main.o
                0x000000000000c2e0                IServer<DebugMonitorService>::HandleSignaled(unsigned long)
 *fill*         0x000000000000c58c        0x4 
 .text._ZN7IServerI21ProcessManagerServiceE14HandleSignaledEm
                0x000000000000c590      0x2ac ldr_main.o
                0x000000000000c590                IServer<ProcessManagerService>::HandleSignaled(unsigned long)
 *fill*         0x000000000000c83c        0x4 
 .text._ZN7IServerI25RelocatableObjectsServiceE14HandleSignaledEm
                0x000000000000c840      0x2bc ldr_main.o
                0x000000000000c840                IServer<RelocatableObjectsService>::HandleSignaled(unsigned long)
 *fill*         0x000000000000cafc        0x4 
 .text._Z18WrapIpcCommandImplIXadL_ZN14ServiceSession19IHipcControlService18CloneCurrentObjectE3OutI11MovedHandlevEEEEjP18IpcResponseContext
                0x000000000000cb00      0x3ec ldr_main.o
                0x000000000000cb00                unsigned int WrapIpcCommandImpl<&ServiceSession::IHipcControlService::CloneCurrentObject>(IpcResponseContext*)
 *fill*         0x000000000000ceec        0x4 
 .text._Z18WrapIpcCommandImplIXadL_ZN14ServiceSession19IHipcControlService21CopyFromCurrentDomainE3OutI11MovedHandlevEjEEEjP18IpcResponseContext
                0x000000000000cef0      0x484 ldr_main.o
                0x000000000000cef0                unsigned int WrapIpcCommandImpl<&ServiceSession::IHipcControlService::CopyFromCurrentDomain>(IpcResponseContext*)
 *fill*         0x000000000000d374        0xc 
 .text._ZNSt6vectorIjSaIjEE17_M_default_appendEm
                0x000000000000d380      0x124 ldr_main.o
                0x000000000000d380                std::vector<unsigned int, std::allocator<unsigned int> >::_M_default_append(unsigned long)
 *fill*         0x000000000000d4a4        0xc 
 .text._ZNSt6vectorIP9IWaitableSaIS1_EE17_M_default_appendEm
                0x000000000000d4b0      0x124 ldr_main.o
                0x000000000000d4b0                std::vector<IWaitable*, std::allocator<IWaitable*> >::_M_default_append(unsigned long)
 *fill*         0x000000000000d5d4        0xc 
 .text._ZSt11__remove_ifIN9__gnu_cxx17__normal_iteratorIPP9IWaitableSt6vectorIS3_SaIS3_EEEENS0_5__ops10_Iter_predIZN15WaitableManagerI19LoaderServerOptionsE11GetWaitableEvEUlS3_E0_EEET_SG_SG_T0_
                0x000000000000d5e0      0x16c ldr_main.o
                0x000000000000d5e0                __gnu_cxx::__normal_iterator<IWaitable**, std::vector<IWaitable*, std::allocator<IWaitable*> > > std::__remove_if<__gnu_cxx::__normal_iterator<IWaitable**, std::vector<IWaitable*, std::allocator<IWaitable*> > >, __gnu_cxx::__ops::_Iter_pred<WaitableManager<LoaderServerOptions>::GetWaitable()::{lambda(IWaitable*)#2}> >(__gnu_cxx::__ops::_Iter_pred<WaitableManager<LoaderServerOptions>::GetWaitable()::{lambda(IWaitable*)#2}>, __gnu_cxx::__ops::_Iter_pred<WaitableManager<LoaderServerOptions>::GetWaitable()::{lambda(IWaitable*)#2}>, __gnu_cxx::__ops::_Iter_pred<WaitableManager<LoaderServerOptions>::GetWaitable()::{lambda(IWaitable*)#2}>)
 *fill*         0x000000000000d74c        0x4 
 .text._ZNSt6vectorIP9IWaitableSaIS1_EE15_M_range_insertIN9__gnu_cxx17__normal_iteratorIPS1_S3_EEEEvS8_T_S9_St20forward_iterator_tag
                0x000000000000d750      0x270 ldr_main.o
                0x000000000000d750                void std::vector<IWaitable*, std::allocator<IWaitable*> >::_M_range_insert<__gnu_cxx::__normal_iterator<IWaitable**, std::vector<IWaitable*, std::allocator<IWaitable*> > > >(__gnu_cxx::__normal_iterator<IWaitable**, std::vector<IWaitable*, std::allocator<IWaitable*> > >, __gnu_cxx::__normal_iterator<IWaitable**, std::vector<IWaitable*, std::allocator<IWaitable*> > >, __gnu_cxx::__normal_iterator<IWaitable**, std::vector<IWaitable*, std::allocator<IWaitable*> > >, std::forward_iterator_tag)
 .text._ZSt16__insertion_sortIN9__gnu_cxx17__normal_iteratorIPP9IWaitableSt6vectorIS3_SaIS3_EEEENS0_5__ops15_Iter_comp_iterIPFbS3_S3_EEEEvT_SE_T0_
                0x000000000000d9c0       0xd0 ldr_main.o
                0x000000000000d9c0                void std::__insertion_sort<__gnu_cxx::__normal_iterator<IWaitable**, std::vector<IWaitable*, std::allocator<IWaitable*> > >, __gnu_cxx::__ops::_Iter_comp_iter<bool (*)(IWaitable*, IWaitable*)> >(__gnu_cxx::__normal_iterator<IWaitable**, std::vector<IWaitable*, std::allocator<IWaitable*> > >, __gnu_cxx::__normal_iterator<IWaitable**, std::vector<IWaitable*, std::allocator<IWaitable*> > >, __gnu_cxx::__ops::_Iter_comp_iter<bool (*)(IWaitable*, IWaitable*)>)
 .text._ZSt13__adjust_heapIN9__gnu_cxx17__normal_iteratorIPP9IWaitableSt6vectorIS3_SaIS3_EEEElS3_NS0_5__ops15_Iter_comp_iterIPFbS3_S3_EEEEvT_T0_SF_T1_T2_
                0x000000000000da90      0x184 ldr_main.o
                0x000000000000da90                void std::__adjust_heap<__gnu_cxx::__normal_iterator<IWaitable**, std::vector<IWaitable*, std::allocator<IWaitable*> > >, long, IWaitable*, __gnu_cxx::__ops::_Iter_comp_iter<bool (*)(IWaitable*, IWaitable*)> >(__gnu_cxx::__normal_iterator<IWaitable**, std::vector<IWaitable*, std::allocator<IWaitable*> > >, long, long, IWaitable*, __gnu_cxx::__ops::_Iter_comp_iter<bool (*)(IWaitable*, IWaitable*)>)
 *fill*         0x000000000000dc14        0xc 
 .text._ZSt16__introsort_loopIN9__gnu_cxx17__normal_iteratorIPP9IWaitableSt6vectorIS3_SaIS3_EEEElNS0_5__ops15_Iter_comp_iterIPFbS3_S3_EEEEvT_SE_T0_T1_
                0x000000000000dc20      0x214 ldr_main.o
                0x000000000000dc20                void std::__introsort_loop<__gnu_cxx::__normal_iterator<IWaitable**, std::vector<IWaitable*, std::allocator<IWaitable*> > >, long, __gnu_cxx::__ops::_Iter_comp_iter<bool (*)(IWaitable*, IWaitable*)> >(__gnu_cxx::__normal_iterator<IWaitable**, std::vector<IWaitable*, std::allocator<IWaitable*> > >, __gnu_cxx::__normal_iterator<IWaitable**, std::vector<IWaitable*, std::allocator<IWaitable*> > >, long, __gnu_cxx::__ops::_Iter_comp_iter<bool (*)(IWaitable*, IWaitable*)>)
 *fill*         0x000000000000de34        0xc 
 .text._ZN15WaitableManagerI19LoaderServerOptionsE11GetWaitableEv
                0x000000000000de40      0x6ac ldr_main.o
                0x000000000000de40                WaitableManager<LoaderServerOptions>::GetWaitable()
 *fill*         0x000000000000e4ec        0x4 
 .text._ZN15WaitableManagerI19LoaderServerOptionsE7ProcessEv
                0x000000000000e4f0      0x4ac ldr_main.o
                0x000000000000e4f0                WaitableManager<LoaderServerOptions>::Process()
 *fill*         0x000000000000e99c        0x4 
 .text._ZN25RelocatableObjectsService7LoadNroE3OutImvE13PidDescriptormmmm
                0x000000000000e9a0      0x110 ldr_ro_service.o
                0x000000000000e9a0                RelocatableObjectsService::LoadNro(Out<unsigned long, void>, PidDescriptor, unsigned long, unsigned long, unsigned long, unsigned long)
 .text._ZN25RelocatableObjectsService9UnloadNroE13PidDescriptorm
                0x000000000000eab0       0x88 ldr_ro_service.o
                0x000000000000eab0                RelocatableObjectsService::UnloadNro(PidDescriptor, unsigned long)
 *fill*         0x000000000000eb38        0x8 
 .text._ZN25RelocatableObjectsService7LoadNrrE13PidDescriptormm
                0x000000000000eb40      0x210 ldr_ro_service.o
                0x000000000000eb40                RelocatableObjectsService::LoadNrr(PidDescriptor, unsigned long, unsigned long)
 .text._ZN25RelocatableObjectsService9UnloadNrrE13PidDescriptorm
                0x000000000000ed50       0x84 ldr_ro_service.o
                0x000000000000ed50                RelocatableObjectsService::UnloadNrr(PidDescriptor, unsigned long)
 *fill*         0x000000000000edd4        0xc 
 .text._ZN25RelocatableObjectsService10InitializeE13PidDescriptor12CopiedHandle
                0x000000000000ede0       0x90 ldr_ro_service.o
                0x000000000000ede0                RelocatableObjectsService::Initialize(PidDescriptor, CopiedHandle)
 .text.LZ4_decompress_safe
                0x000000000000ee70      0x338 lz4.o
                0x000000000000ee70                LZ4_decompress_safe
 *fill*         0x000000000000f1a8        0x8 
 .text.ini_reader_string
                0x000000000000f1b0       0x78 ini.o
 *fill*         0x000000000000f228        0x8 
 .text.find_chars_or_comment
                0x000000000000f230       0x94 ini.o
 *fill*         0x000000000000f2c4        0xc 
 .text.rstrip   0x000000000000f2d0       0x68 ini.o
 *fill*         0x000000000000f338        0x8 
 .text.ini_parse_stream
                0x000000000000f340      0x29c ini.o
                0x000000000000f340                ini_parse_stream
 *fill*         0x000000000000f5dc        0x4 
 .text.ini_parse_file
                0x000000000000f5e0       0x18 ini.o
                0x000000000000f5e0                ini_parse_file
 *fill*         0x000000000000f5f8        0x8 
 .text.ini_parse_string
                0x000000000000f600       0x3c ini.o
                0x000000000000f600                ini_parse_string
 *fill*         0x000000000000f63c        0x4 
 .text._ZL12_CacheValuesv
                0x000000000000f640      0x134 /developer/stratosphere/loader/../libstratosphere/lib/libstratosphere.a(firmware_version.o)
 *fill*         0x000000000000f774        0xc 
 .text._Z25GetRuntimeFirmwareVersionv
                0x000000000000f780       0x1c /developer/stratosphere/loader/../libstratosphere/lib/libstratosphere.a(firmware_version.o)
                0x000000000000f780                GetRuntimeFirmwareVersion()
 *fill*         0x000000000000f79c        0x4 
 .text._Z26SetFirmwareVersionForLibnxv
                0x000000000000f7a0       0x38 /developer/stratosphere/loader/../libstratosphere/lib/libstratosphere.a(firmware_version.o)
                0x000000000000f7a0                SetFirmwareVersionForLibnx()
 *fill*         0x000000000000f7d8        0x8 
 .text.detectKernelVersion
                0x000000000000f7e0      0x17c /opt/devkitpro/libnx/lib/libnx.a(detect.o)
                0x000000000000f7e0                detectKernelVersion
 *fill*         0x000000000000f95c        0x4 
 .text.detectDebugger
                0x000000000000f960       0x30 /opt/devkitpro/libnx/lib/libnx.a(detect.o)
                0x000000000000f960                detectDebugger
 .text.mutexLock
                0x000000000000f990       0x8c /opt/devkitpro/libnx/lib/libnx.a(mutex.o)
                0x000000000000f990                mutexLock
 *fill*         0x000000000000fa1c        0x4 
 .text.mutexUnlock
                0x000000000000fa20       0x30 /opt/devkitpro/libnx/lib/libnx.a(mutex.o)
                0x000000000000fa20                mutexUnlock
 .text.rmutexLock
                0x000000000000fa50       0x4c /opt/devkitpro/libnx/lib/libnx.a(mutex.o)
                0x000000000000fa50                rmutexLock
 *fill*         0x000000000000fa9c        0x4 
 .text.rmutexUnlock
                0x000000000000faa0       0x1c /opt/devkitpro/libnx/lib/libnx.a(mutex.o)
                0x000000000000faa0                rmutexUnlock
 *fill*         0x000000000000fabc        0x4 
 .text.threadStart
                0x000000000000fac0        0x8 /opt/devkitpro/libnx/lib/libnx.a(thread.o)
                0x000000000000fac0                threadStart
 *fill*         0x000000000000fac8        0x8 
 .text.threadWaitForExit
                0x000000000000fad0       0x2c /opt/devkitpro/libnx/lib/libnx.a(thread.o)
                0x000000000000fad0                threadWaitForExit
 *fill*         0x000000000000fafc        0x4 
 .text.threadClose
                0x000000000000fb00       0x54 /opt/devkitpro/libnx/lib/libnx.a(thread.o)
                0x000000000000fb00                threadClose
 *fill*         0x000000000000fb54        0xc 
 .text.threadGetCurHandle
                0x000000000000fb60        0xc /opt/devkitpro/libnx/lib/libnx.a(thread.o)
                0x000000000000fb60                threadGetCurHandle
 *fill*         0x000000000000fb6c        0x4 
 .text.threadTlsGet
                0x000000000000fb70       0x10 /opt/devkitpro/libnx/lib/libnx.a(thread.o)
                0x000000000000fb70                threadTlsGet
 .text.threadTlsSet
                0x000000000000fb80       0x10 /opt/devkitpro/libnx/lib/libnx.a(thread.o)
                0x000000000000fb80                threadTlsSet
 .text.threadTlsAlloc
                0x000000000000fb90       0xd8 /opt/devkitpro/libnx/lib/libnx.a(thread.o)
                0x000000000000fb90                threadTlsAlloc
 *fill*         0x000000000000fc68        0x8 
 .text.threadTlsFree
                0x000000000000fc70       0x48 /opt/devkitpro/libnx/lib/libnx.a(thread.o)
                0x000000000000fc70                threadTlsFree
 *fill*         0x000000000000fcb8        0x8 
 .text.ipcCloseObjectById
                0x000000000000fcc0       0x34 /opt/devkitpro/libnx/lib/libnx.a(hid.o)
 *fill*         0x000000000000fcf4        0xc 
 .text._hidGetSharedMemoryHandle.constprop.10
                0x000000000000fd00      0x124 /opt/devkitpro/libnx/lib/libnx.a(hid.o)
 *fill*         0x000000000000fe24        0xc 
 .text._hidCmdWithNoInput
                0x000000000000fe30      0x100 /opt/devkitpro/libnx/lib/libnx.a(hid.o)
 .text._hidCreateAppletResource.constprop.9
                0x000000000000ff30      0x134 /opt/devkitpro/libnx/lib/libnx.a(hid.o)
 *fill*         0x0000000000010064        0xc 
 .text._hidCmdWithInputU32
                0x0000000000010070      0x10c /opt/devkitpro/libnx/lib/libnx.a(hid.o)
 *fill*         0x000000000001017c        0x4 
 .text._hidCmdWithInputU64.constprop.11
                0x0000000000010180      0x108 /opt/devkitpro/libnx/lib/libnx.a(hid.o)
 *fill*         0x0000000000010288        0x8 
 .text.hidReset
                0x0000000000010290      0x1e0 /opt/devkitpro/libnx/lib/libnx.a(hid.o)
                0x0000000000010290                hidReset
 .text.hidGetSessionService
                0x0000000000010470        0xc /opt/devkitpro/libnx/lib/libnx.a(hid.o)
                0x0000000000010470                hidGetSessionService
 *fill*         0x000000000001047c        0x4 
 .text.hidGetSharedmemAddr
                0x0000000000010480        0xc /opt/devkitpro/libnx/lib/libnx.a(hid.o)
                0x0000000000010480                hidGetSharedmemAddr
 *fill*         0x000000000001048c        0x4 
 .text.hidKeysHeld
                0x0000000000010490       0x6c /opt/devkitpro/libnx/lib/libnx.a(hid.o)
                0x0000000000010490                hidKeysHeld
 *fill*         0x00000000000104fc        0x4 
 .text.hidTouchCount
                0x0000000000010500        0xc /opt/devkitpro/libnx/lib/libnx.a(hid.o)
                0x0000000000010500                hidTouchCount
 *fill*         0x000000000001050c        0x4 
 .text.hidScanInput
                0x0000000000010510      0x578 /opt/devkitpro/libnx/lib/libnx.a(hid.o)
                0x0000000000010510                hidScanInput
 *fill*         0x0000000000010a88        0x8 
 .text.hidSetSupportedNpadIdType
                0x0000000000010a90      0x198 /opt/devkitpro/libnx/lib/libnx.a(hid.o)
                0x0000000000010a90                hidSetSupportedNpadIdType
 *fill*         0x0000000000010c28        0x8 
 .text.hidSetSupportedNpadStyleSet
                0x0000000000010c30        0xc /opt/devkitpro/libnx/lib/libnx.a(hid.o)
                0x0000000000010c30                hidSetSupportedNpadStyleSet
 *fill*         0x0000000000010c3c        0x4 
 .text.hidSetNpadJoyHoldType
                0x0000000000010c40        0x8 /opt/devkitpro/libnx/lib/libnx.a(hid.o)
                0x0000000000010c40                hidSetNpadJoyHoldType
 *fill*         0x0000000000010c48        0x8 
 .text.hidSetNpadJoyAssignmentModeDual
                0x0000000000010c50        0xc /opt/devkitpro/libnx/lib/libnx.a(hid.o)
                0x0000000000010c50                hidSetNpadJoyAssignmentModeDual
 *fill*         0x0000000000010c5c        0x4 
 .text.hidExit  0x0000000000010c60      0x12c /opt/devkitpro/libnx/lib/libnx.a(hid.o)
                0x0000000000010c60                hidExit
 *fill*         0x0000000000010d8c        0x4 
 .text.hidInitialize
                0x0000000000010d90      0x168 /opt/devkitpro/libnx/lib/libnx.a(hid.o)
                0x0000000000010d90                hidInitialize
 *fill*         0x0000000000010ef8        0x8 
 .text.ipcCloseObjectById
                0x0000000000010f00       0x34 /opt/devkitpro/libnx/lib/libnx.a(fsldr.o)
 *fill*         0x0000000000010f34        0xc 
 .text.ipcConvertSessionToDomain
                0x0000000000010f40       0xc4 /opt/devkitpro/libnx/lib/libnx.a(fsldr.o)
 *fill*         0x0000000000011004        0xc 
 .text.ipcCloneSession.constprop.14
                0x0000000000011010      0x10c /opt/devkitpro/libnx/lib/libnx.a(fsldr.o)
 *fill*         0x000000000001111c        0x4 
 .text.fsldrExit
                0x0000000000011120       0x9c /opt/devkitpro/libnx/lib/libnx.a(fsldr.o)
                0x0000000000011120                fsldrExit
 *fill*         0x00000000000111bc        0x4 
 .text.fsldrOpenCodeFileSystem
                0x00000000000111c0      0x2cc /opt/devkitpro/libnx/lib/libnx.a(fsldr.o)
                0x00000000000111c0                fsldrOpenCodeFileSystem
 *fill*         0x000000000001148c        0x4 
 .text.fsldrSetCurrentProcess
                0x0000000000011490      0x1b4 /opt/devkitpro/libnx/lib/libnx.a(fsldr.o)
                0x0000000000011490                fsldrSetCurrentProcess
 *fill*         0x0000000000011644        0xc 
 .text.fsldrInitialize
                0x0000000000011650       0xc4 /opt/devkitpro/libnx/lib/libnx.a(fsldr.o)
                0x0000000000011650                fsldrInitialize
 *fill*         0x0000000000011714        0xc 
 .text.smAddOverrideHandle
                0x0000000000011720       0x44 /opt/devkitpro/libnx/lib/libnx.a(sm.o)
                0x0000000000011720                smAddOverrideHandle
 *fill*         0x0000000000011764        0xc 
 .text.smGetServiceOverride
                0x0000000000011770       0x60 /opt/devkitpro/libnx/lib/libnx.a(sm.o)
                0x0000000000011770                smGetServiceOverride
 .text.smHasInitialized
                0x00000000000117d0       0x14 /opt/devkitpro/libnx/lib/libnx.a(sm.o)
                0x00000000000117d0                smHasInitialized
 *fill*         0x00000000000117e4        0xc 
 .text.smExit   0x00000000000117f0       0x5c /opt/devkitpro/libnx/lib/libnx.a(sm.o)
                0x00000000000117f0                smExit
 *fill*         0x000000000001184c        0x4 
 .text.smEncodeName
                0x0000000000011850       0x38 /opt/devkitpro/libnx/lib/libnx.a(sm.o)
                0x0000000000011850                smEncodeName
 *fill*         0x0000000000011888        0x8 
 .text.smGetServiceOriginal
                0x0000000000011890      0x12c /opt/devkitpro/libnx/lib/libnx.a(sm.o)
                0x0000000000011890                smGetServiceOriginal
 *fill*         0x00000000000119bc        0x4 
 .text.smInitialize
                0x00000000000119c0      0x158 /opt/devkitpro/libnx/lib/libnx.a(sm.o)
                0x00000000000119c0                smInitialize
 *fill*         0x0000000000011b18        0x8 
 .text.smGetService
                0x0000000000011b20       0x74 /opt/devkitpro/libnx/lib/libnx.a(sm.o)
                0x0000000000011b20                smGetService
 *fill*         0x0000000000011b94        0xc 
 .text.smRegisterService
                0x0000000000011ba0      0x14c /opt/devkitpro/libnx/lib/libnx.a(sm.o)
                0x0000000000011ba0                smRegisterService
 *fill*         0x0000000000011cec        0x4 
 .text._fatalImpl
                0x0000000000011cf0      0x140 /opt/devkitpro/libnx/lib/libnx.a(fatal.o)
 .text.fatalWithType
                0x0000000000011e30       0x14 /opt/devkitpro/libnx/lib/libnx.a(fatal.o)
                0x0000000000011e30                fatalWithType
 *fill*         0x0000000000011e44        0xc 
 .text.fatalSimple
                0x0000000000011e50       0x14 /opt/devkitpro/libnx/lib/libnx.a(fatal.o)
                0x0000000000011e50                fatalSimple
 *fill*         0x0000000000011e64        0xc 
 .text._lrResolvePath
                0x0000000000011e70      0x158 /opt/devkitpro/libnx/lib/libnx.a(lr.o)
 *fill*         0x0000000000011fc8        0x8 
 .text.ipcCloseObjectById
                0x0000000000011fd0       0x34 /opt/devkitpro/libnx/lib/libnx.a(lr.o)
 *fill*         0x0000000000012004        0xc 
 .text._lrRedirectPath
                0x0000000000012010      0x140 /opt/devkitpro/libnx/lib/libnx.a(lr.o)
 .text.lrInitialize
                0x0000000000012150       0x3c /opt/devkitpro/libnx/lib/libnx.a(lr.o)
                0x0000000000012150                lrInitialize
 *fill*         0x000000000001218c        0x4 
 .text.lrExit   0x0000000000012190       0x9c /opt/devkitpro/libnx/lib/libnx.a(lr.o)
                0x0000000000012190                lrExit
 *fill*         0x000000000001222c        0x4 
 .text.lrOpenLocationResolver
                0x0000000000012230      0x134 /opt/devkitpro/libnx/lib/libnx.a(lr.o)
                0x0000000000012230                lrOpenLocationResolver
 *fill*         0x0000000000012364        0xc 
 .text.lrOpenRegisteredLocationResolver
                0x0000000000012370      0x134 /opt/devkitpro/libnx/lib/libnx.a(lr.o)
                0x0000000000012370                lrOpenRegisteredLocationResolver
 *fill*         0x00000000000124a4        0xc 
 .text.lrLrResolveProgramPath
                0x00000000000124b0       0x10 /opt/devkitpro/libnx/lib/libnx.a(lr.o)
                0x00000000000124b0                lrLrResolveProgramPath
 .text.lrLrRedirectProgramPath
                0x00000000000124c0       0x10 /opt/devkitpro/libnx/lib/libnx.a(lr.o)
                0x00000000000124c0                lrLrRedirectProgramPath
 .text.lrLrResolveApplicationHtmlDocumentPath
                0x00000000000124d0       0x10 /opt/devkitpro/libnx/lib/libnx.a(lr.o)
                0x00000000000124d0                lrLrResolveApplicationHtmlDocumentPath
 .text.lrLrRedirectApplicationHtmlDocumentPath
                0x00000000000124e0       0x10 /opt/devkitpro/libnx/lib/libnx.a(lr.o)
                0x00000000000124e0                lrLrRedirectApplicationHtmlDocumentPath
 .text.lrRegLrResolveProgramPath
                0x00000000000124f0       0x10 /opt/devkitpro/libnx/lib/libnx.a(lr.o)
                0x00000000000124f0                lrRegLrResolveProgramPath
 .text.ipcPrepareHeader
                0x0000000000012500      0x220 /opt/devkitpro/libnx/lib/libnx.a(fs.o)
 .text.ipcParse
                0x0000000000012720      0x22c /opt/devkitpro/libnx/lib/libnx.a(fs.o)
 *fill*         0x000000000001294c        0x4 
 .text.serviceIpcParse
                0x0000000000012950       0xb0 /opt/devkitpro/libnx/lib/libnx.a(fs.o)
 .text.ipcCloseObjectById
                0x0000000000012a00       0x34 /opt/devkitpro/libnx/lib/libnx.a(fs.o)
 *fill*         0x0000000000012a34        0xc 
 .text.fsInitialize
                0x0000000000012a40      0x200 /opt/devkitpro/libnx/lib/libnx.a(fs.o)
                0x0000000000012a40                fsInitialize
 .text.fsExit   0x0000000000012c40       0x9c /opt/devkitpro/libnx/lib/libnx.a(fs.o)
                0x0000000000012c40                fsExit
 *fill*         0x0000000000012cdc        0x4 
 .text.fsMountSdcard
                0x0000000000012ce0      0x1cc /opt/devkitpro/libnx/lib/libnx.a(fs.o)
                0x0000000000012ce0                fsMountSdcard
 *fill*         0x0000000000012eac        0x4 
 .text.fsOpenFileSystemWithId
                0x0000000000012eb0      0x248 /opt/devkitpro/libnx/lib/libnx.a(fs.o)
                0x0000000000012eb0                fsOpenFileSystemWithId
 *fill*         0x00000000000130f8        0x8 
 .text.fsFsCreateFile
                0x0000000000013100      0x1a4 /opt/devkitpro/libnx/lib/libnx.a(fs.o)
                0x0000000000013100                fsFsCreateFile
 *fill*         0x00000000000132a4        0xc 
 .text.fsFsDeleteFile
                0x00000000000132b0      0x19c /opt/devkitpro/libnx/lib/libnx.a(fs.o)
                0x00000000000132b0                fsFsDeleteFile
 *fill*         0x000000000001344c        0x4 
 .text.fsFsCreateDirectory