Archive member included to satisfy reference by file (symbol)

/developer/stratosphere/pm/../libstratosphere/lib/libstratosphere.a(firmware_version.o)
                              pm_boot2.o (GetRuntimeFirmwareVersion())
/developer/stratosphere/pm/../libstratosphere/lib/libstratosphere.a(smm_ams.o)
                              pm_boot2.o (smManagerAmsInitialize)
/opt/devkitpro/libnx/lib/libnx.a(detect.o)
                              pm_resource_limits.o (detectKernelVersion)
/opt/devkitpro/libnx/lib/libnx.a(semaphore.o)
                              pm_registration.o (semaphoreInit)
/opt/devkitpro/libnx/lib/libnx.a(mutex.o)
                              pm_registration.o (mutexLock)
/opt/devkitpro/libnx/lib/libnx.a(condvar.o)
                              /opt/devkitpro/libnx/lib/libnx.a(semaphore.o) (condvarWaitTimeout)
/opt/devkitpro/libnx/lib/libnx.a(thread.o)
                              pm_main.o (threadCreate)
/opt/devkitpro/libnx/lib/libnx.a(smm.o)
                              pm_main.o (smManagerInitialize)
/opt/devkitpro/libnx/lib/libnx.a(sm.o)
                              pm_main.o (smExit)
/opt/devkitpro/libnx/lib/libnx.a(fatal.o)
                              pm_process_track.o (fatalSimple)
/opt/devkitpro/libnx/lib/libnx.a(gpio.o)
                              pm_boot2.o (gpioExit)
/opt/devkitpro/libnx/lib/libnx.a(fspr.o)
                              pm_main.o (fsprExit)
/opt/devkitpro/libnx/lib/libnx.a(ldr.o)
                              pm_main.o (ldrPmInitialize)
/opt/devkitpro/libnx/lib/libnx.a(spl.o)
                              pm_main.o (splInitialize)
/opt/devkitpro/libnx/lib/libnx.a(lr.o)
                              pm_main.o (lrInitialize)
/opt/devkitpro/libnx/lib/libnx.a(fs.o)
                              pm_main.o (fsInitialize)
/opt/devkitpro/libnx/lib/libnx.a(set.o)
                              pm_boot2.o (setsysInitialize)
/opt/devkitpro/libnx/lib/libnx.a(hosversion.o)
                              /opt/devkitpro/libnx/lib/libnx.a(fspr.o) (hosversionGet)
/opt/devkitpro/libnx/lib/libnx.a(console.o)
                              pm_main.o (consoleDebugInit)
/opt/devkitpro/libnx/lib/libnx.a(console_sw.o)
                              /opt/devkitpro/libnx/lib/libnx.a(console.o) (getDefaultConsoleRenderer)
/opt/devkitpro/libnx/lib/libnx.a(fs_dev.o)
                              pm_boot2.o (fsdevMountSdmc)
/opt/devkitpro/libnx/lib/libnx.a(decode_utf8.o)
                              /opt/devkitpro/libnx/lib/libnx.a(fs_dev.o) (decode_utf8)
/opt/devkitpro/libnx/lib/libnx.a(svc.o)
                              /opt/devkitpro/libnx/lib/libnx.a(thread.o) (svcMapMemory)
/opt/devkitpro/libnx/lib/libnx.a(readtp.o)
                              /opt/devkitpro/libnx/lib/libnx.a(fs_dev.o) (__aarch64_read_tp)
/opt/devkitpro/libnx/lib/libnx.a(switch_crt0.o)
                              (_start)
/opt/devkitpro/libnx/lib/libnx.a(default_font.bin.o)
                              /opt/devkitpro/libnx/lib/libnx.a(console.o) (default_font_bin)
/opt/devkitpro/libnx/lib/libnx.a(wait.o)
                              /opt/devkitpro/libnx/lib/libnx.a(thread.o) (waitHandles)
/opt/devkitpro/libnx/lib/libnx.a(virtmem.o)
                              /opt/devkitpro/libnx/lib/libnx.a(thread.o) (virtmemReserveStack)
/opt/devkitpro/libnx/lib/libnx.a(event.o)
                              /opt/devkitpro/libnx/lib/libnx.a(set.o) (eventLoadRemote)
/opt/devkitpro/libnx/lib/libnx.a(framebuffer.o)
                              /opt/devkitpro/libnx/lib/libnx.a(console_sw.o) (framebufferMakeLinear)
/opt/devkitpro/libnx/lib/libnx.a(default_window.o)
                              /opt/devkitpro/libnx/lib/libnx.a(console_sw.o) (nwindowGetDefault)
/opt/devkitpro/libnx/lib/libnx.a(native_window.o)
                              /opt/devkitpro/libnx/lib/libnx.a(framebuffer.o) (nwindowIsValid)
/opt/devkitpro/libnx/lib/libnx.a(dynamic.o)
                              /opt/devkitpro/libnx/lib/libnx.a(switch_crt0.o) (__nx_dynamic)
/opt/devkitpro/libnx/lib/libnx.a(init.o)
                              /opt/devkitpro/libnx/lib/libnx.a(switch_crt0.o) (__libnx_init)
/opt/devkitpro/libnx/lib/libnx.a(newlib.o)
                              /opt/devkitpro/libnx/lib/libnx.a(init.o) (__libnx_init_time)
/opt/devkitpro/libnx/lib/libnx.a(argv.o)
                              /opt/devkitpro/libnx/lib/libnx.a(init.o) (argvSetup)
/opt/devkitpro/libnx/lib/libnx.a(cache.o)
                              /opt/devkitpro/libnx/lib/libnx.a(framebuffer.o) (armDCacheFlush)
/opt/devkitpro/libnx/lib/libnx.a(exception.o)
                              /opt/devkitpro/libnx/lib/libnx.a(switch_crt0.o) (__libnx_exception_entry)
/opt/devkitpro/libnx/lib/libnx.a(applet.o)
                              /opt/devkitpro/libnx/lib/libnx.a(init.o) (appletExit)
/opt/devkitpro/libnx/lib/libnx.a(time.o)
                              /opt/devkitpro/libnx/lib/libnx.a(init.o) (timeExit)
/opt/devkitpro/libnx/lib/libnx.a(hid.o)
[...]
Memory Configuration

Name             Origin             Length             Attributes
*default*        0x0000000000000000 0xffffffffffffffff

Linker script and memory map

                0x0000000000000000                PROVIDE (__start__ = 0x0)
                0x0000000000000000                . = __start__

.crt0           0x0000000000000000      0x150
 *(.crt0)
 .crt0          0x0000000000000000      0x14c /opt/devkitpro/libnx/lib/libnx.a(switch_crt0.o)
                0x0000000000000000                _start
                0x0000000000000120                __nx_exit
                0x0000000000000130                __nx_mod0
                0x0000000000000150                . = ALIGN (0x8)
 *fill*         0x000000000000014c        0x4 

.init           0x0000000000000150       0x38
 *(.init)
 .init          0x0000000000000150       0x18 /opt/devkitpro/devkitA64/lib/gcc/aarch64-none-elf/8.3.0/pic/crti.o
                0x0000000000000150                _init
 .init          0x0000000000000168       0x1c /opt/devkitpro/devkitA64/lib/gcc/aarch64-none-elf/8.3.0/pic/crtn.o
                0x0000000000000188                . = ALIGN (0x8)
 *fill*         0x0000000000000184        0x4 

.plt            0x0000000000000188        0x0
 *(.plt)
 .plt           0x0000000000000188        0x0 /opt/devkitpro/devkitA64/lib/gcc/aarch64-none-elf/8.3.0/pic/crti.o
 *(.iplt)
                0x0000000000000188                . = ALIGN (0x8)

.text           0x00000000000001c0    0x30058
 *(.text.unlikely .text.*_unlikely .text.unlikely.*)
 .text.unlikely._ZN9IWaitable14HandleDeferredEv
                0x00000000000001c0        0xc pm_registration.o
                0x00000000000001c0                IWaitable::HandleDeferred()
 *(.text.exit .text.exit.*)
 *fill*         0x00000000000001cc        0x4 
 .text.exit     0x00000000000001d0       0x38 /opt/devkitpro/devkitA64/lib/gcc/aarch64-none-elf/8.3.0/../../../../aarch64-none-elf/lib/pic/libg.a(lib_a-exit.o)
                0x00000000000001d0                exit
 *(.text.startup .text.startup.*)
 *fill*         0x0000000000000208        0x8 
 .text.startup._GLOBAL__sub_I__ZN13EmbeddedBoot24MainEv
                0x0000000000000210       0x28 pm_boot2.o
 *fill*         0x0000000000000238        0x8 
 .text.startup._GLOBAL__sub_I__ZN12Registration14GetProcessListEv
                0x0000000000000240       0x8c pm_registration.o
 *fill*         0x00000000000002cc        0x4 
 .text.startup.main
                0x00000000000002d0      0x248 pm_main.o
                0x00000000000002d0                main
 .text.startup._GLOBAL__sub_I_eh_alloc.cc
                0x0000000000000518       0x54 /opt/devkitpro/devkitA64/lib/gcc/aarch64-none-elf/8.3.0/../../../../aarch64-none-elf/lib/pic/libstdc++.a(eh_alloc.o)
 *fill*         0x000000000000056c        0x4 
 .text.startup._GLOBAL__sub_I_eh_globals.cc
                0x0000000000000570       0x54 /opt/devkitpro/devkitA64/lib/gcc/aarch64-none-elf/8.3.0/../../../../aarch64-none-elf/lib/pic/libstdc++.a(eh_globals.o)
 *(.text.hot .text.hot.*)
 *(.text .stub .text.* .gnu.linkonce.t.*)
 *fill*         0x00000000000005c4        0x4 
 .text.deregister_tm_clones
                0x00000000000005c8       0x2c /opt/devkitpro/devkitA64/lib/gcc/aarch64-none-elf/8.3.0/pic/crtbegin.o
 *fill*         0x00000000000005f4        0x4 
 .text.register_tm_clones
                0x00000000000005f8       0x38 /opt/devkitpro/devkitA64/lib/gcc/aarch64-none-elf/8.3.0/pic/crtbegin.o
 .text.__do_global_dtors_aux
                0x0000000000000630       0x48 /opt/devkitpro/devkitA64/lib/gcc/aarch64-none-elf/8.3.0/pic/crtbegin.o
 .text.frame_dummy
                0x0000000000000678       0x34 /opt/devkitpro/devkitA64/lib/gcc/aarch64-none-elf/8.3.0/pic/crtbegin.o
 *fill*         0x00000000000006ac        0x4 
 .text._ZL16HasLaunchedTitlem
                0x00000000000006b0      0x150 pm_boot2.o
 .text._ZL13GetGpioPadLow11GpioPadName
                0x0000000000000800       0x74 pm_boot2.o
 *fill*         0x0000000000000874        0xc 
 .text._ZL11WaitForMitmPKc
                0x0000000000000880       0x78 pm_boot2.o
 *fill*         0x00000000000008f8        0x8 
 .text._ZNSt6vectorImSaImEED2Ev
                0x0000000000000900       0x10 pm_boot2.o
                0x0000000000000900                std::vector<unsigned long, std::allocator<unsigned long> >::~vector()
                0x0000000000000900                std::vector<unsigned long, std::allocator<unsigned long> >::~vector()
 .text._ZNSt6vectorImSaImEE17_M_realloc_insertIJRKmEEEvN9__gnu_cxx17__normal_iteratorIPmS1_EEDpOT_
                0x0000000000000910      0x120 pm_boot2.o
                0x0000000000000910                void std::vector<unsigned long, std::allocator<unsigned long> >::_M_realloc_insert<unsigned long const&>(__gnu_cxx::__normal_iterator<unsigned long*, std::vector<unsigned long, std::allocator<unsigned long> > >, unsigned long const&)
 .text._ZL11LaunchTitlem11FsStorageIdjPm.constprop.30
                0x0000000000000a30       0xac pm_boot2.o
 *fill*         0x0000000000000adc        0x4 
 .text._ZN13EmbeddedBoot24MainEv
                0x0000000000000ae0      0x3c8 pm_boot2.o
                0x0000000000000ae0                EmbeddedBoot2::Main()
 *fill*         0x0000000000000ea8        0x8 
 .text._ZL17SetResourceLimitsN18ResourceLimitUtils21ResourceLimitCategoryEm
                0x0000000000000eb0       0xa0 pm_resource_limits.o
 .text._ZN18ResourceLimitUtils16InitializeLimitsEv
                0x0000000000000f50      0x2c4 pm_resource_limits.o
                0x0000000000000f50                ResourceLimitUtils::InitializeLimits()
 *fill*         0x0000000000001214        0xc 
 .text._ZN18ResourceLimitUtils35EnsureApplicationResourcesAvailableEv
                0x0000000000001220       0xb4 pm_resource_limits.o
                0x0000000000001220                ResourceLimitUtils::EnsureApplicationResourcesAvailable()
 *fill*         0x00000000000012d4        0xc 
 .text._ZN18ResourceLimitUtils22GetResourceLimitHandleEt
                0x00000000000012e0       0x3c pm_resource_limits.o
                0x00000000000012e0                ResourceLimitUtils::GetResourceLimitHandle(unsigned short)
 *fill*         0x000000000000131c        0x4 
 .text._ZN18ResourceLimitUtils32GetResourceLimitHandleByCategoryENS_21ResourceLimitCategoryE
                0x0000000000001320       0x14 pm_resource_limits.o
                0x0000000000001320                ResourceLimitUtils::GetResourceLimitHandleByCategory(ResourceLimitUtils::ResourceLimitCategory)
 *fill*         0x0000000000001334        0xc 
 .text._ZN18ResourceLimitUtils30BoostSystemMemoryResourceLimitEm
                0x0000000000001340      0x190 pm_resource_limits.o
                0x0000000000001340                ResourceLimitUtils::BoostSystemMemoryResourceLimit(unsigned long)
 .text._ZN12ShellService13LaunchProcessE3OutImvEN12Registration6TidSidEj
                0x00000000000014d0       0x1c pm_shell.o
                0x00000000000014d0                ShellService::LaunchProcess(Out<unsigned long, void>, Registration::TidSid, unsigned int)
 *fill*         0x00000000000014ec        0x4 
 .text._ZN12ShellService18TerminateProcessIdEm
                0x00000000000014f0       0xcc pm_shell.o
                0x00000000000014f0                ShellService::TerminateProcessId(unsigned long)
 *fill*         0x00000000000015bc        0x4 
 .text._ZN12ShellService16TerminateTitleIdEm
                0x00000000000015c0       0xcc pm_shell.o
                0x00000000000015c0                ShellService::TerminateTitleId(unsigned long)
 *fill*         0x000000000000168c        0x4 
 .text._ZN12ShellService19GetProcessWaitEventE3OutI12CopiedHandlevE
                0x0000000000001690       0x24 pm_shell.o
                0x0000000000001690                ShellService::GetProcessWaitEvent(Out<CopiedHandle, void>)
 *fill*         0x00000000000016b4        0xc 
 .text._ZN12ShellService19GetProcessEventTypeE3OutImvES1_
                0x00000000000016c0        0x8 pm_shell.o
                0x00000000000016c0                ShellService::GetProcessEventType(Out<unsigned long, void>, Out<unsigned long, void>)
 *fill*         0x00000000000016c8        0x8 
 .text._ZN12ShellService21FinalizeExitedProcessEm
                0x00000000000016d0      0x168 pm_shell.o
                0x00000000000016d0                ShellService::FinalizeExitedProcess(unsigned long)
 *fill*         0x0000000000001838        0x8 
 .text._ZN12ShellService28ClearProcessNotificationFlagEm
                0x0000000000001840       0xd0 pm_shell.o
                0x0000000000001840                ShellService::ClearProcessNotificationFlag(unsigned long)
 .text._ZN12ShellService18NotifyBootFinishedEv
                0x0000000000001910       0x1c pm_shell.o
                0x0000000000001910                ShellService::NotifyBootFinished()
 *fill*         0x000000000000192c        0x4 
 .text._ZN12ShellService23GetApplicationProcessIdE3OutImvE
                0x0000000000001930       0xc8 pm_shell.o
                0x0000000000001930                ShellService::GetApplicationProcessId(Out<unsigned long, void>)
 *fill*         0x00000000000019f8        0x8 
 .text._ZN12ShellService30BoostSystemMemoryResourceLimitEm
                0x0000000000001a00        0x8 pm_shell.o
                0x0000000000001a00                ShellService::BoostSystemMemoryResourceLimit(unsigned long)
 *fill*         0x0000000000001a08        0x8 
 .text._ZN12ShellService31BoostSystemThreadsResourceLimitEv
                0x0000000000001a10        0x8 pm_shell.o
                0x0000000000001a10                ShellService::BoostSystemThreadsResourceLimit()
 *fill*         0x0000000000001a18        0x8 
 .text._ZN19DebugMonitorService14GetUnknownStubE3OutIjvE9OutBufferIhL10BufferType0EEm
                0x0000000000001a20       0x1c pm_debug_monitor.o
                0x0000000000001a20                DebugMonitorService::GetUnknownStub(Out<unsigned int, void>, OutBuffer<unsigned char, (BufferType)0>, unsigned long)
 *fill*         0x0000000000001a3c        0x4 
 .text._ZN19DebugMonitorService18GetDebugProcessIdsE3OutIjvE9OutBufferImL10BufferType0EE
                0x0000000000001a40       0x28 pm_debug_monitor.o
                0x0000000000001a40                DebugMonitorService::GetDebugProcessIds(Out<unsigned int, void>, OutBuffer<unsigned long, (BufferType)0>)
 *fill*         0x0000000000001a68        0x8 
 .text._ZN19DebugMonitorService18LaunchDebugProcessEm
                0x0000000000001a70        0x8 pm_debug_monitor.o
                0x0000000000001a70                DebugMonitorService::LaunchDebugProcess(unsigned long)
 *fill*         0x0000000000001a78        0x8 
 .text._ZN19DebugMonitorService17GetTitleProcessIdE3OutImvEm
                0x0000000000001a80       0xcc pm_debug_monitor.o
                0x0000000000001a80                DebugMonitorService::GetTitleProcessId(Out<unsigned long, void>, unsigned long)
 *fill*         0x0000000000001b4c        0x4 
 .text._ZN19DebugMonitorService21EnableDebugForTitleIdE3OutI12CopiedHandlevEm
                0x0000000000001b50        0x8 pm_debug_monitor.o
                0x0000000000001b50                DebugMonitorService::EnableDebugForTitleId(Out<CopiedHandle, void>, unsigned long)
 *fill*         0x0000000000001b58        0x8 
 .text._ZN19DebugMonitorService23GetApplicationProcessIdE3OutImvE
                0x0000000000001b60       0xc8 pm_debug_monitor.o
                0x0000000000001b60                DebugMonitorService::GetApplicationProcessId(Out<unsigned long, void>)
 *fill*         0x0000000000001c28        0x8 
 .text._ZN19DebugMonitorService25EnableDebugForApplicationE3OutI12CopiedHandlevE
                0x0000000000001c30        0x8 pm_debug_monitor.o
                0x0000000000001c30                DebugMonitorService::EnableDebugForApplication(Out<CopiedHandle, void>)
 *fill*         0x0000000000001c38        0x8 
 .text._ZN19DebugMonitorService12DisableDebugEj
                0x0000000000001c40        0x8 pm_debug_monitor.o
                0x0000000000001c40                DebugMonitorService::DisableDebug(unsigned int)
 *fill*         0x0000000000001c48        0x8 
 .text._ZN19DebugMonitorService24AtmosphereGetProcessInfoE3OutI12CopiedHandlevES0_IN12Registration6TidSidEvEm
                0x0000000000001c50       0xc4 pm_debug_monitor.o
                0x0000000000001c50                DebugMonitorService::AtmosphereGetProcessInfo(Out<CopiedHandle, void>, Out<Registration::TidSid, void>, unsigned long)
 *fill*         0x0000000000001d14        0xc 
 .text._ZN19DebugMonitorService29AtmosphereGetCurrentLimitInfoE3OutImvES1_jj
                0x0000000000001d20       0x78 pm_debug_monitor.o
                0x0000000000001d20                DebugMonitorService::AtmosphereGetCurrentLimitInfo(Out<unsigned long, void>, Out<unsigned long, void>, unsigned int, unsigned int)
 *fill*         0x0000000000001d98        0x8 
 .text._ZN18InformationService10GetTitleIdE3OutImvEm
                0x0000000000001da0       0xcc pm_info.o
                0x0000000000001da0                InformationService::GetTitleId(Out<unsigned long, void>, unsigned long)
 *fill*         0x0000000000001e6c        0x4 
 .text._ZN6IEvent9GetHandleEv
                0x0000000000001e70        0x8 pm_registration.o
                0x0000000000001e70                IEvent::GetHandle()
 *fill*         0x0000000000001e78        0x8 
 .text._ZN13ProcessWaiter9GetHandleEv
                0x0000000000001e80        0xc pm_registration.o
                0x0000000000001e80                ProcessWaiter::GetHandle()
 *fill*         0x0000000000001e8c        0x4 
 .text._ZNSt23_Sp_counted_ptr_inplaceIN12Registration7ProcessESaIS1_ELN9__gnu_cxx12_Lock_policyE2EED2Ev
                0x0000000000001e90        0x4 pm_registration.o
                0x0000000000001e90                std::_Sp_counted_ptr_inplace<Registration::Process, std::allocator<Registration::Process>, (__gnu_cxx::_Lock_policy)2>::~_Sp_counted_ptr_inplace()
                0x0000000000001e90                std::_Sp_counted_ptr_inplace<Registration::Process, std::allocator<Registration::Process>, (__gnu_cxx::_Lock_policy)2>::~_Sp_counted_ptr_inplace()
 *fill*         0x0000000000001e94        0xc 
 .text._ZNSt23_Sp_counted_ptr_inplaceIN12Registration7ProcessESaIS1_ELN9__gnu_cxx12_Lock_policyE2EE10_M_disposeEv
                0x0000000000001ea0        0x4 pm_registration.o
                0x0000000000001ea0                std::_Sp_counted_ptr_inplace<Registration::Process, std::allocator<Registration::Process>, (__gnu_cxx::_Lock_policy)2>::_M_dispose()
 *fill*         0x0000000000001ea4        0xc 
 .text._ZNSt23_Sp_counted_ptr_inplaceIN12Registration7ProcessESaIS1_ELN9__gnu_cxx12_Lock_policyE2EE14_M_get_deleterERKSt9type_info
                0x0000000000001eb0       0x18 pm_registration.o
                0x0000000000001eb0                std::_Sp_counted_ptr_inplace<Registration::Process, std::allocator<Registration::Process>, (__gnu_cxx::_Lock_policy)2>::_M_get_deleter(std::type_info const&)
 *fill*         0x0000000000001ec8        0x8 
 .text._ZN8HosEventIZ26CreateWriteOnlySystemEventILb0EEP6IEventvEUlmE_E14HandleSignaledEm
                0x0000000000001ed0       0x44 pm_registration.o
 *fill*         0x0000000000001f14        0xc 
 .text._ZNSt23_Sp_counted_ptr_inplaceIN12Registration7ProcessESaIS1_ELN9__gnu_cxx12_Lock_policyE2EED0Ev
                0x0000000000001f20        0x8 pm_registration.o
                0x0000000000001f20                std::_Sp_counted_ptr_inplace<Registration::Process, std::allocator<Registration::Process>, (__gnu_cxx::_Lock_policy)2>::~_Sp_counted_ptr_inplace()
 *fill*         0x0000000000001f28        0x8 
 .text._ZNSt23_Sp_counted_ptr_inplaceIN12Registration7ProcessESaIS1_ELN9__gnu_cxx12_Lock_policyE2EE10_M_destroyEv
                0x0000000000001f30        0x4 pm_registration.o
                0x0000000000001f30                std::_Sp_counted_ptr_inplace<Registration::Process, std::allocator<Registration::Process>, (__gnu_cxx::_Lock_policy)2>::_M_destroy()
 *fill*         0x0000000000001f34        0xc 
 .text._Z17CreateSystemEventIZ26CreateWriteOnlySystemEventILb0EEP6IEventvEUlmE_ES2_T_b.isra.4.constprop.60
                0x0000000000001f40       0x58 pm_registration.o
 *fill*         0x0000000000001f98        0x8 
 .text._ZN8HosEventIPFjmEE14HandleSignaledEm
                0x0000000000001fa0       0x7c pm_registration.o
                0x0000000000001fa0                HosEvent<unsigned int (*)(unsigned long)>::HandleSignaled(unsigned long)
 *fill*         0x000000000000201c        0x4 
 .text._ZN8HosEventIZ26CreateWriteOnlySystemEventILb0EEP6IEventvEUlmE_ED2Ev
                0x0000000000002020       0x50 pm_registration.o
 .text._ZN8HosEventIPFjmEED2Ev
                0x0000000000002070       0x50 pm_registration.o
                0x0000000000002070                HosEvent<unsigned int (*)(unsigned long)>::~HosEvent()
                0x0000000000002070                HosEvent<unsigned int (*)(unsigned long)>::~HosEvent()
 .text._ZN8HosEventIZ26CreateWriteOnlySystemEventILb0EEP6IEventvEUlmE_ED0Ev
                0x00000000000020c0       0x64 pm_registration.o
 *fill*         0x0000000000002124        0xc 
 .text._ZN8HosEventIPFjmEED0Ev
                0x0000000000002130       0x64 pm_registration.o
                0x0000000000002130                HosEvent<unsigned int (*)(unsigned long)>::~HosEvent()
 *fill*         0x0000000000002194        0xc 
 .text._ZN11ProcessListD2Ev
                0x00000000000021a0       0xcc pm_registration.o
                0x00000000000021a0                ProcessList::~ProcessList()
                0x00000000000021a0                ProcessList::~ProcessList()
 *fill*         0x000000000000226c        0x4 
 .text._ZN13ProcessWaiterD2Ev
                0x0000000000002270       0x8c pm_registration.o
                0x0000000000002270                ProcessWaiter::~ProcessWaiter()
                0x0000000000002270                ProcessWaiter::~ProcessWaiter()
 *fill*         0x00000000000022fc        0x4 
 .text._ZN13ProcessWaiterD0Ev
                0x0000000000002300       0x94 pm_registration.o
                0x0000000000002300                ProcessWaiter::~ProcessWaiter()
 *fill*         0x0000000000002394        0xc 
 .text._ZN12Registration14GetProcessListEv
                0x00000000000023a0        0xc pm_registration.o
                0x00000000000023a0                Registration::GetProcessList()
 *fill*         0x00000000000023ac        0x4 
 .text._ZN12Registration25InitializeSystemResourcesEv
                0x00000000000023b0       0x74 pm_registration.o
                0x00000000000023b0                Registration::InitializeSystemResources()
 *fill*         0x0000000000002424        0xc 
 .text._ZN12Registration26GetProcessLaunchStartEventEv
                0x0000000000002430        0xc pm_registration.o
                0x0000000000002430                Registration::GetProcessLaunchStartEvent()
 *fill*         0x000000000000243c        0x4 
 .text._ZN12Registration13LaunchProcessEm11FsStorageIdmPm
                0x0000000000002440       0xd4 pm_registration.o
                0x0000000000002440                Registration::LaunchProcess(unsigned long, FsStorageId, unsigned long, unsigned long*)
 *fill*         0x0000000000002514        0xc 
 .text._ZN12Registration21LaunchProcessByTidSidENS_6TidSidEmPm
                0x0000000000002520        0x4 pm_registration.o
                0x0000000000002520                Registration::LaunchProcessByTidSid(Registration::TidSid, unsigned long, unsigned long*)
 *fill*         0x0000000000002524        0xc 
 .text._ZN12Registration15SetProcessStateEm12ProcessState
                0x0000000000002530       0x90 pm_registration.o
                0x0000000000002530                Registration::SetProcessState(unsigned long, ProcessState)
 .text._ZN12Registration21HasApplicationProcessEPSt10shared_ptrINS_7ProcessEE
                0x00000000000025c0      0x154 pm_registration.o
                0x00000000000025c0                Registration::HasApplicationProcess(std::shared_ptr<Registration::Process>*)
 *fill*         0x0000000000002714        0xc 
 .text._ZN12Registration10GetProcessEm
                0x0000000000002720       0xc4 pm_registration.o
                0x0000000000002720                Registration::GetProcess(unsigned long)
 *fill*         0x00000000000027e4        0xc 
 .text._ZN12Registration18LaunchDebugProcessEm
                0x00000000000027f0      0x134 pm_registration.o
                0x00000000000027f0                Registration::LaunchDebugProcess(unsigned long)
 *fill*         0x0000000000002924        0xc 
 .text._ZN12Registration19GetProcessByTitleIdEm
                0x0000000000002930       0xc4 pm_registration.o
                0x0000000000002930                Registration::GetProcessByTitleId(unsigned long)
 *fill*         0x00000000000029f4        0xc 
 .text._ZN12Registration18GetDebugProcessIdsEPmjPj
                0x0000000000002a00       0x9c pm_registration.o
                0x0000000000002a00                Registration::GetDebugProcessIds(unsigned long*, unsigned int, unsigned int*)
 *fill*         0x0000000000002a9c        0x4 
 .text._ZN12Registration21GetProcessEventHandleEv
                0x0000000000002aa0       0x2c pm_registration.o
                0x0000000000002aa0                Registration::GetProcessEventHandle()
 *fill*         0x0000000000002acc        0x4 
 .text._ZN12Registration21EnableDebugForTitleIdEmPj
                0x0000000000002ad0       0x88 pm_registration.o
                0x0000000000002ad0                Registration::EnableDebugForTitleId(unsigned long, unsigned int*)
 *fill*         0x0000000000002b58        0x8 
 .text._ZN12Registration25EnableDebugForApplicationEPj
                0x0000000000002b60       0x74 pm_registration.o
                0x0000000000002b60                Registration::EnableDebugForApplication(unsigned int*)
 *fill*         0x0000000000002bd4        0xc 
 .text._ZN12Registration12DisableDebugEj
                0x0000000000002be0       0x3c pm_registration.o
                0x0000000000002be0                Registration::DisableDebug(unsigned int)
 *fill*         0x0000000000002c1c        0x4 
 .text._ZNSt6vectorISt10shared_ptrIN12Registration7ProcessEESaIS3_EE17_M_realloc_insertIJRKS3_EEEvN9__gnu_cxx17__normal_iteratorIPS3_S5_EEDpOT_
                0x0000000000002c20      0x1fc pm_registration.o
                0x0000000000002c20                void std::vector<std::shared_ptr<Registration::Process>, std::allocator<std::shared_ptr<Registration::Process> > >::_M_realloc_insert<std::shared_ptr<Registration::Process> const&>(__gnu_cxx::__normal_iterator<std::shared_ptr<Registration::Process>*, std::vector<std::shared_ptr<Registration::Process>, std::allocator<std::shared_ptr<Registration::Process> > > >, std::shared_ptr<Registration::Process> const&)
 *fill*         0x0000000000002e1c        0x4 
 .text._ZN12Registration16AddProcessToListESt10shared_ptrINS_7ProcessEE
                0x0000000000002e20      0x1a8 pm_registration.o
                0x0000000000002e20                Registration::AddProcessToList(std::shared_ptr<Registration::Process>)
 *fill*         0x0000000000002fc8        0x8 
 .text._ZNSt6vectorISt10shared_ptrIN12Registration7ProcessEESaIS3_EE8_M_eraseEN9__gnu_cxx17__normal_iteratorIPS3_S5_EE
                0x0000000000002fd0      0x154 pm_registration.o
                0x0000000000002fd0                std::vector<std::shared_ptr<Registration::Process>, std::allocator<std::shared_ptr<Registration::Process> > >::_M_erase(__gnu_cxx::__normal_iterator<std::shared_ptr<Registration::Process>*, std::vector<std::shared_ptr<Registration::Process>, std::allocator<std::shared_ptr<Registration::Process> > > >)
 *fill*         0x0000000000003124        0xc 
 .text._ZN12Registration21RemoveProcessFromListEm
                0x0000000000003130      0x1d8 pm_registration.o
                0x0000000000003130                Registration::RemoveProcessFromList(unsigned long)
 *fill*         0x0000000000003308        0x8 
 .text._ZN12Registration19HandleProcessLaunchEv
                0x0000000000003310      0x588 pm_registration.o
                0x0000000000003310                Registration::HandleProcessLaunch()
 *fill*         0x0000000000003898        0x8 
 .text._ZN12Registration26ProcessLaunchStartCallbackEm
                0x00000000000038a0       0x68 pm_registration.o
                0x00000000000038a0                Registration::ProcessLaunchStartCallback(unsigned long)
 *fill*         0x0000000000003908        0x8 
 .text._ZN12Registration21FinalizeExitedProcessESt10shared_ptrINS_7ProcessEE
                0x0000000000003910      0x198 pm_registration.o
                0x0000000000003910                Registration::FinalizeExitedProcess(std::shared_ptr<Registration::Process>)
 *fill*         0x0000000000003aa8        0x8 
 .text._ZN12Registration21HandleSignaledProcessESt10shared_ptrINS_7ProcessEE
                0x0000000000003ab0      0x368 pm_registration.o
                0x0000000000003ab0                Registration::HandleSignaledProcess(std::shared_ptr<Registration::Process>)
 *fill*         0x0000000000003e18        0x8 
 .text._ZN13ProcessWaiter14HandleSignaledEm
                0x0000000000003e20       0xac pm_registration.o
                0x0000000000003e20                ProcessWaiter::HandleSignaled(unsigned long)
 *fill*         0x0000000000003ecc        0x4 
 .text._ZN12Registration19GetProcessEventTypeEPmS0_
                0x0000000000003ed0      0x26c pm_registration.o
                0x0000000000003ed0                Registration::GetProcessEventType(unsigned long*, unsigned long*)
 *fill*         0x000000000000413c        0x4 
 .text._ZN14ServiceSession9GetHandleEv
                0x0000000000004140        0x8 pm_process_track.o
                0x0000000000004140                ServiceSession::GetHandle()
 *fill*         0x0000000000004148        0x8 
 .text._ZN14ServiceSession17PreProcessRequestEP18IpcResponseContext
                0x0000000000004150        0x4 pm_process_track.o
                0x0000000000004150                ServiceSession::PreProcessRequest(IpcResponseContext*)
 *fill*         0x0000000000004154        0xc 
 .text._ZN14ServiceSession19PostProcessResponseEP18IpcResponseContext
                0x0000000000004160        0x4 pm_process_track.o
                0x0000000000004160                ServiceSession::PostProcessResponse(IpcResponseContext*)
 *fill*         0x0000000000004164        0xc 
 .text._ZN14ServiceSession19IHipcControlServiceD2Ev
                0x0000000000004170        0x4 pm_process_track.o
                0x0000000000004170                ServiceSession::IHipcControlService::~IHipcControlService()
                0x0000000000004170                ServiceSession::IHipcControlService::~IHipcControlService()
 *fill*         0x0000000000004174        0xc 
 .text._ZNSt23_Sp_counted_ptr_inplaceIN14ServiceSession19IHipcControlServiceESaIS1_ELN9__gnu_cxx12_Lock_policyE2EED2Ev
                0x0000000000004180        0x4 pm_process_track.o
                0x0000000000004180                std::_Sp_counted_ptr_inplace<ServiceSession::IHipcControlService, std::allocator<ServiceSession::IHipcControlService>, (__gnu_cxx::_Lock_policy)2>::~_Sp_counted_ptr_inplace()
                0x0000000000004180                std::_Sp_counted_ptr_inplace<ServiceSession::IHipcControlService, std::allocator<ServiceSession::IHipcControlService>, (__gnu_cxx::_Lock_policy)2>::~_Sp_counted_ptr_inplace()
 *fill*         0x0000000000004184        0xc 
 .text._ZNSt23_Sp_counted_ptr_inplaceIN14ServiceSession19IHipcControlServiceESaIS1_ELN9__gnu_cxx12_Lock_policyE2EE14_M_get_deleterERKSt9type_info
                0x0000000000004190       0x18 pm_process_track.o
                0x0000000000004190                std::_Sp_counted_ptr_inplace<ServiceSession::IHipcControlService, std::allocator<ServiceSession::IHipcControlService>, (__gnu_cxx::_Lock_policy)2>::_M_get_deleter(std::type_info const&)
 *fill*         0x00000000000041a8        0x8 
 .text._ZN15WaitableManagerI21DefaultManagerOptionsED2Ev
                0x00000000000041b0       0xf8 pm_process_track.o
                0x00000000000041b0                WaitableManager<DefaultManagerOptions>::~WaitableManager()
                0x00000000000041b0                WaitableManager<DefaultManagerOptions>::~WaitableManager()
 *fill*         0x00000000000042a8        0x8 
 .text._ZNSt23_Sp_counted_ptr_inplaceIN14ServiceSession19IHipcControlServiceESaIS1_ELN9__gnu_cxx12_Lock_policyE2EE10_M_destroyEv
                0x00000000000042b0        0x4 pm_process_track.o
                0x00000000000042b0                std::_Sp_counted_ptr_inplace<ServiceSession::IHipcControlService, std::allocator<ServiceSession::IHipcControlService>, (__gnu_cxx::_Lock_policy)2>::_M_destroy()
 *fill*         0x00000000000042b4        0xc 
 .text._ZN15WaitableManagerI21DefaultManagerOptionsE10FreeDomainEP13IDomainObject
                0x00000000000042c0       0x58 pm_process_track.o
                0x00000000000042c0                WaitableManager<DefaultManagerOptions>::FreeDomain(IDomainObject*)
                0x00000000000042f0                non-virtual thunk to WaitableManager<DefaultManagerOptions>::FreeDomain(IDomainObject*)
 *fill*         0x0000000000004318        0x8 
 .text._ZN15WaitableManagerI21DefaultManagerOptionsE13ReserveObjectEP13IDomainObjectPj
                0x0000000000004320       0x74 pm_process_track.o
                0x0000000000004320                WaitableManager<DefaultManagerOptions>::ReserveObject(IDomainObject*, unsigned int*)
                0x0000000000004360                non-virtual thunk to WaitableManager<DefaultManagerOptions>::ReserveObject(IDomainObject*, unsigned int*)
 *fill*         0x0000000000004394        0xc 
 .text._ZN15WaitableManagerI21DefaultManagerOptionsE21CancelSynchronizationEv
                0x00000000000043a0       0x38 pm_process_track.o
                0x00000000000043a0                WaitableManager<DefaultManagerOptions>::CancelSynchronization()
 *fill*         0x00000000000043d8        0x8 
 .text._ZN15WaitableManagerI21DefaultManagerOptionsE14AllocateDomainEv
                0x00000000000043e0       0x74 pm_process_track.o
                0x00000000000043e0                WaitableManager<DefaultManagerOptions>::AllocateDomain()
                0x0000000000004420                non-virtual thunk to WaitableManager<DefaultManagerOptions>::AllocateDomain()
 *fill*         0x0000000000004454        0xc 
 .text._ZN15WaitableManagerI21DefaultManagerOptionsE9GetObjectEP13IDomainObjectj
                0x0000000000004460       0x94 pm_process_track.o
                0x0000000000004460                WaitableManager<DefaultManagerOptions>::GetObject(IDomainObject*, unsigned int)
                0x00000000000044b0                non-virtual thunk to WaitableManager<DefaultManagerOptions>::GetObject(IDomainObject*, unsigned int)
 *fill*         0x00000000000044f4        0xc 
 .text._ZN15WaitableManagerI21DefaultManagerOptionsE21ReserveSpecificObjectEP13IDomainObjectj
                0x0000000000004500       0x98 pm_process_track.o
                0x0000000000004500                WaitableManager<DefaultManagerOptions>::ReserveSpecificObject(IDomainObject*, unsigned int)
                0x0000000000004550                non-virtual thunk to WaitableManager<DefaultManagerOptions>::ReserveSpecificObject(IDomainObject*, unsigned int)
 *fill*         0x0000000000004598        0x8 
 .text._ZN14ServiceSession19IHipcControlServiceD0Ev
                0x00000000000045a0        0x8 pm_process_track.o
                0x00000000000045a0                ServiceSession::IHipcControlService::~IHipcControlService()
 *fill*         0x00000000000045a8        0x8 
 .text._ZNSt23_Sp_counted_ptr_inplaceIN14ServiceSession19IHipcControlServiceESaIS1_ELN9__gnu_cxx12_Lock_policyE2EED0Ev
                0x00000000000045b0        0x8 pm_process_track.o
                0x00000000000045b0                std::_Sp_counted_ptr_inplace<ServiceSession::IHipcControlService, std::allocator<ServiceSession::IHipcControlService>, (__gnu_cxx::_Lock_policy)2>::~_Sp_counted_ptr_inplace()
 *fill*         0x00000000000045b8        0x8 
 .text._ZN14ServiceSession14HandleDeferredEv
                0x00000000000045c0       0x4c pm_process_track.o
                0x00000000000045c0                ServiceSession::HandleDeferred()
 *fill*         0x000000000000460c        0x4 
 .text._ZN14ServiceSession15CleanupResponseEP18IpcResponseContext
                0x0000000000004610       0x10 pm_process_track.o
                0x0000000000004610                ServiceSession::CleanupResponse(IpcResponseContext*)
 .text._ZN9IWaitable7CompareEPS_S0_
                0x0000000000004620       0x50 pm_process_track.o
                0x0000000000004620                IWaitable::Compare(IWaitable*, IWaitable*)
 .text._ZNSt23_Sp_counted_ptr_inplaceIN14ServiceSession19IHipcControlServiceESaIS1_ELN9__gnu_cxx12_Lock_policyE2EE10_M_disposeEv
                0x0000000000004670       0x24 pm_process_track.o
                0x0000000000004670                std::_Sp_counted_ptr_inplace<ServiceSession::IHipcControlService, std::allocator<ServiceSession::IHipcControlService>, (__gnu_cxx::_Lock_policy)2>::_M_dispose()
 *fill*         0x0000000000004694        0xc 
 .text._ZN15WaitableManagerI21DefaultManagerOptionsE11RequestStopEv
                0x00000000000046a0       0x60 pm_process_track.o
                0x00000000000046a0                WaitableManager<DefaultManagerOptions>::RequestStop()
 .text._ZN15WaitableManagerI21DefaultManagerOptionsE14NotifySignaledEP9IWaitable
                0x0000000000004700       0xb0 pm_process_track.o
                0x0000000000004700                WaitableManager<DefaultManagerOptions>::NotifySignaled(IWaitable*)
 .text._ZN15WaitableManagerI21DefaultManagerOptionsE15ForceFreeObjectEj
                0x00000000000047b0       0x98 pm_process_track.o
                0x00000000000047b0                non-virtual thunk to WaitableManager<DefaultManagerOptions>::ForceFreeObject(unsigned int)
                0x0000000000004800                WaitableManager<DefaultManagerOptions>::ForceFreeObject(unsigned int)
 *fill*         0x0000000000004848        0x8 
 .text._ZN15WaitableManagerI21DefaultManagerOptionsE10FreeObjectEP13IDomainObjectj
                0x0000000000004850       0x98 pm_process_track.o
                0x0000000000004850                non-virtual thunk to WaitableManager<DefaultManagerOptions>::FreeObject(IDomainObject*, unsigned int)
                0x00000000000048a0                WaitableManager<DefaultManagerOptions>::FreeObject(IDomainObject*, unsigned int)
 *fill*         0x00000000000048e8        0x8 
 .text._ZN15WaitableManagerI21DefaultManagerOptionsE9SetObjectEP13IDomainObjectjO19ServiceObjectHolder
                0x00000000000048f0       0x7c pm_process_track.o
                0x00000000000048f0                non-virtual thunk to WaitableManager<DefaultManagerOptions>::SetObject(IDomainObject*, unsigned int, ServiceObjectHolder&&)
                0x0000000000004930                WaitableManager<DefaultManagerOptions>::SetObject(IDomainObject*, unsigned int, ServiceObjectHolder&&)
 *fill*         0x000000000000496c        0x4 
 .text._ZN14ServiceSessionD0Ev
                0x0000000000004970      0x10c pm_process_track.o
                0x0000000000004970                ServiceSession::~ServiceSession()
 *fill*         0x0000000000004a7c        0x4 
 .text._ZN14ServiceSessionD2Ev
                0x0000000000004a80      0x10c pm_process_track.o
                0x0000000000004a80                ServiceSession::~ServiceSession()
                0x0000000000004a80                ServiceSession::~ServiceSession()
 *fill*         0x0000000000004b8c        0x4 
 .text._ZN15WaitableManagerI21DefaultManagerOptionsED0Ev
                0x0000000000004b90      0x100 pm_process_track.o
                0x0000000000004b90                WaitableManager<DefaultManagerOptions>::~WaitableManager()
 .text._ZN14ServiceSession14HandleReceivedEv
                0x0000000000004c90      0xaf8 pm_process_track.o
                0x0000000000004c90                ServiceSession::HandleReceived()
 *fill*         0x0000000000005788        0x8 
 .text._ZN14ServiceSession11GetResponseEP18IpcResponseContext
                0x0000000000005790      0x5b8 pm_process_track.o
                0x0000000000005790                ServiceSession::GetResponse(IpcResponseContext*)
 *fill*         0x0000000000005d48        0x8 
 .text._Z18WrapIpcCommandImplIXadL_ZN14ServiceSession19IHipcControlService22QueryPointerBufferSizeE3OutItvEEEEjP18IpcResponseContext
                0x0000000000005d50      0x650 pm_process_track.o
                0x0000000000005d50                unsigned int WrapIpcCommandImpl<&ServiceSession::IHipcControlService::QueryPointerBufferSize>(IpcResponseContext*)
 .text._Z18WrapIpcCommandImplIXadL_ZN14ServiceSession19IHipcControlService28ConvertCurrentObjectToDomainE3OutIjvEEEEjP18IpcResponseContext
                0x00000000000063a0      0xd3c pm_process_track.o
                0x00000000000063a0                unsigned int WrapIpcCommandImpl<&ServiceSession::IHipcControlService::ConvertCurrentObjectToDomain>(IpcResponseContext*)
 *fill*         0x00000000000070dc        0x4 
 .text._ZN14ServiceSession7ReceiveEv
                0x00000000000070e0       0xac pm_process_track.o
                0x00000000000070e0                ServiceSession::Receive()
 *fill*         0x000000000000718c        0x4 
 .text._ZN14ServiceSession14HandleSignaledEm
                0x0000000000007190       0x3c pm_process_track.o
                0x0000000000007190                ServiceSession::HandleSignaled(unsigned long)
 *fill*         0x00000000000071cc        0x4 
 .text._ZNSt6vectorIP9IWaitableSaIS1_EE17_M_realloc_insertIJRKS1_EEEvN9__gnu_cxx17__normal_iteratorIPS1_S3_EEDpOT_
                0x00000000000071d0      0x120 pm_process_track.o
                0x00000000000071d0                void std::vector<IWaitable*, std::allocator<IWaitable*> >::_M_realloc_insert<IWaitable* const&>(__gnu_cxx::__normal_iterator<IWaitable**, std::vector<IWaitable*, std::allocator<IWaitable*> > >, IWaitable* const&)
 .text._ZN15WaitableManagerI21DefaultManagerOptionsE11AddWaitableEP9IWaitable
                0x00000000000072f0       0xc8 pm_process_track.o
                0x00000000000072f0                WaitableManager<DefaultManagerOptions>::AddWaitable(IWaitable*)
 *fill*         0x00000000000073b8        0x8 
 .text._ZN15WaitableManagerI21DefaultManagerOptionsE10AddSessionEjO19ServiceObjectHolder
                0x00000000000073c0      0x190 pm_process_track.o
                0x00000000000073c0                WaitableManager<DefaultManagerOptions>::AddSession(unsigned int, ServiceObjectHolder&&)
 .text._Z18WrapIpcCommandImplIXadL_ZN14ServiceSession19IHipcControlService20CloneCurrentObjectExE3OutI11MovedHandlevEjEEEjP18IpcResponseContext
                0x0000000000007550      0x884 pm_process_track.o
                0x0000000000007550                unsigned int WrapIpcCommandImpl<&ServiceSession::IHipcControlService::CloneCurrentObjectEx>(IpcResponseContext*)
 *fill*         0x0000000000007dd4        0xc 
 .text._Z18WrapIpcCommandImplIXadL_ZN14ServiceSession19IHipcControlService21CopyFromCurrentDomainE3OutI11MovedHandlevEjEEEjP18IpcResponseContext
                0x0000000000007de0      0xdd8 pm_process_track.o
                0x0000000000007de0                unsigned int WrapIpcCommandImpl<&ServiceSession::IHipcControlService::CopyFromCurrentDomain>(IpcResponseContext*)
 *fill*         0x0000000000008bb8        0x8 
 .text._Z18WrapIpcCommandImplIXadL_ZN14ServiceSession19IHipcControlService18CloneCurrentObjectE3OutI11MovedHandlevEEEEjP18IpcResponseContext
                0x0000000000008bc0      0x8a4 pm_process_track.o
                0x0000000000008bc0                unsigned int WrapIpcCommandImpl<&ServiceSession::IHipcControlService::CloneCurrentObject>(IpcResponseContext*)
 *fill*         0x0000000000009464        0xc 
 .text._ZNSt6vectorIjSaIjEE17_M_default_appendEm
                0x0000000000009470      0x124 pm_process_track.o
                0x0000000000009470                std::vector<unsigned int, std::allocator<unsigned int> >::_M_default_append(unsigned long)
 *fill*         0x0000000000009594        0xc 
 .text._ZNSt6vectorIP9IWaitableSaIS1_EE17_M_default_appendEm
                0x00000000000095a0      0x124 pm_process_track.o
                0x00000000000095a0                std::vector<IWaitable*, std::allocator<IWaitable*> >::_M_default_append(unsigned long)
 *fill*         0x00000000000096c4        0xc 
 .text._ZSt11__remove_ifIN9__gnu_cxx17__normal_iteratorIPP9IWaitableSt6vectorIS3_SaIS3_EEEENS0_5__ops10_Iter_predIZN15WaitableManagerI21DefaultManagerOptionsE11GetWaitableEvEUlS3_E0_EEET_SG_SG_T0_
                0x00000000000096d0      0x16c pm_process_track.o
                0x00000000000096d0                __gnu_cxx::__normal_iterator<IWaitable**, std::vector<IWaitable*, std::allocator<IWaitable*> > > std::__remove_if<__gnu_cxx::__normal_iterator<IWaitable**, std::vector<IWaitable*, std::allocator<IWaitable*> > >, __gnu_cxx::__ops::_Iter_pred<WaitableManager<DefaultManagerOptions>::GetWaitable()::{lambda(IWaitable*)#2}> >(__gnu_cxx::__ops::_Iter_pred<WaitableManager<DefaultManagerOptions>::GetWaitable()::{lambda(IWaitable*)#2}>, __gnu_cxx::__ops::_Iter_pred<WaitableManager<DefaultManagerOptions>::GetWaitable()::{lambda(IWaitable*)#2}>, __gnu_cxx::__ops::_Iter_pred<WaitableManager<DefaultManagerOptions>::GetWaitable()::{lambda(IWaitable*)#2}>)
 *fill*         0x000000000000983c        0x4 
 .text._ZNSt6vectorIP9IWaitableSaIS1_EE15_M_range_insertIN9__gnu_cxx17__normal_iteratorIPS1_S3_EEEEvS8_T_S9_St20forward_iterator_tag
                0x0000000000009840      0x270 pm_process_track.o
                0x0000000000009840                void std::vector<IWaitable*, std::allocator<IWaitable*> >::_M_range_insert<__gnu_cxx::__normal_iterator<IWaitable**, std::vector<IWaitable*, std::allocator<IWaitable*> > > >(__gnu_cxx::__normal_iterator<IWaitable**, std::vector<IWaitable*, std::allocator<IWaitable*> > >, __gnu_cxx::__normal_iterator<IWaitable**, std::vector<IWaitable*, std::allocator<IWaitable*> > >, __gnu_cxx::__normal_iterator<IWaitable**, std::vector<IWaitable*, std::allocator<IWaitable*> > >, std::forward_iterator_tag)
 .text._ZSt16__insertion_sortIN9__gnu_cxx17__normal_iteratorIPP9IWaitableSt6vectorIS3_SaIS3_EEEENS0_5__ops15_Iter_comp_iterIPFbS3_S3_EEEEvT_SE_T0_
                0x0000000000009ab0       0xd0 pm_process_track.o
                0x0000000000009ab0                void std::__insertion_sort<__gnu_cxx::__normal_iterator<IWaitable**, std::vector<IWaitable*, std::allocator<IWaitable*> > >, __gnu_cxx::__ops::_Iter_comp_iter<bool (*)(IWaitable*, IWaitable*)> >(__gnu_cxx::__normal_iterator<IWaitable**, std::vector<IWaitable*, std::allocator<IWaitable*> > >, __gnu_cxx::__normal_iterator<IWaitable**, std::vector<IWaitable*, std::allocator<IWaitable*> > >, __gnu_cxx::__ops::_Iter_comp_iter<bool (*)(IWaitable*, IWaitable*)>)
 .text._ZSt13__adjust_heapIN9__gnu_cxx17__normal_iteratorIPP9IWaitableSt6vectorIS3_SaIS3_EEEElS3_NS0_5__ops15_Iter_comp_iterIPFbS3_S3_EEEEvT_T0_SF_T1_T2_
                0x0000000000009b80      0x184 pm_process_track.o
                0x0000000000009b80                void std::__adjust_heap<__gnu_cxx::__normal_iterator<IWaitable**, std::vector<IWaitable*, std::allocator<IWaitable*> > >, long, IWaitable*, __gnu_cxx::__ops::_Iter_comp_iter<bool (*)(IWaitable*, IWaitable*)> >(__gnu_cxx::__normal_iterator<IWaitable**, std::vector<IWaitable*, std::allocator<IWaitable*> > >, long, long, IWaitable*, __gnu_cxx::__ops::_Iter_comp_iter<bool (*)(IWaitable*, IWaitable*)>)
 *fill*         0x0000000000009d04        0xc 
 .text._ZSt16__introsort_loopIN9__gnu_cxx17__normal_iteratorIPP9IWaitableSt6vectorIS3_SaIS3_EEEElNS0_5__ops15_Iter_comp_iterIPFbS3_S3_EEEEvT_SE_T0_T1_
                0x0000000000009d10      0x214 pm_process_track.o
                0x0000000000009d10                void std::__introsort_loop<__gnu_cxx::__normal_iterator<IWaitable**, std::vector<IWaitable*, std::allocator<IWaitable*> > >, long, __gnu_cxx::__ops::_Iter_comp_iter<bool (*)(IWaitable*, IWaitable*)> >(__gnu_cxx::__normal_iterator<IWaitable**, std::vector<IWaitable*, std::allocator<IWaitable*> > >, __gnu_cxx::__normal_iterator<IWaitable**, std::vector<IWaitable*, std::allocator<IWaitable*> > >, long, __gnu_cxx::__ops::_Iter_comp_iter<bool (*)(IWaitable*, IWaitable*)>)
 *fill*         0x0000000000009f24        0xc 
 .text._ZN15WaitableManagerI21DefaultManagerOptionsE11GetWaitableEv
                0x0000000000009f30      0x6ac pm_process_track.o
                0x0000000000009f30                WaitableManager<DefaultManagerOptions>::GetWaitable()
 *fill*         0x000000000000a5dc        0x4 
 .text._ZN15WaitableManagerI21DefaultManagerOptionsE7ProcessEv
                0x000000000000a5e0      0x4ac pm_process_track.o
                0x000000000000a5e0                WaitableManager<DefaultManagerOptions>::Process()
 *fill*         0x000000000000aa8c        0x4 
 .text._ZN15ProcessTracking8MainLoopEPv
                0x000000000000aa90      0x710 pm_process_track.o
                0x000000000000aa90                ProcessTracking::MainLoop(void*)
 .text._ZN15BootModeService11GetBootModeE3OutIjvE
                0x000000000000b1a0       0x10 pm_boot_mode.o
                0x000000000000b1a0                BootModeService::GetBootMode(Out<unsigned int, void>)
 .text._ZN15BootModeService18SetMaintenanceBootEv
                0x000000000000b1b0       0x10 pm_boot_mode.o
                0x000000000000b1b0                BootModeService::SetMaintenanceBoot()
 .text._ZN15BootModeService34SetMaintenanceBootForEmbeddedBoot2Ev
                0x000000000000b1c0       0x10 pm_boot_mode.o
                0x000000000000b1c0                BootModeService::SetMaintenanceBootForEmbeddedBoot2()
 .text.ipcPrepareHeader
                0x000000000000b1d0      0x254 pm_main.o
 *fill*         0x000000000000b424        0xc 
 .text._ZN7IServerI18InformationServiceE9GetHandleEv
                0x000000000000b430        0x8 pm_main.o
                0x000000000000b430                IServer<InformationService>::GetHandle()
 *fill*         0x000000000000b438        0x8 
 .text._ZN7IServerI15BootModeServiceE9GetHandleEv
                0x000000000000b440        0x8 pm_main.o
                0x000000000000b440                IServer<BootModeService>::GetHandle()
 *fill*         0x000000000000b448        0x8 
 .text._ZN7IServerI19DebugMonitorServiceE9GetHandleEv
                0x000000000000b450        0x8 pm_main.o
                0x000000000000b450                IServer<DebugMonitorService>::GetHandle()
 *fill*         0x000000000000b458        0x8 
 .text._ZN7IServerI12ShellServiceE9GetHandleEv
                0x000000000000b460        0x8 pm_main.o
                0x000000000000b460                IServer<ShellService>::GetHandle()
 *fill*         0x000000000000b468        0x8 
 .text._ZN15BootModeServiceD2Ev
                0x000000000000b470        0x4 pm_main.o
                0x000000000000b470                BootModeService::~BootModeService()
                0x000000000000b470                BootModeService::~BootModeService()
 *fill*         0x000000000000b474        0xc 
 .text._ZN12ShellServiceD2Ev
                0x000000000000b480        0x4 pm_main.o
                0x000000000000b480                ShellService::~ShellService()
                0x000000000000b480                ShellService::~ShellService()
 *fill*         0x000000000000b484        0xc 
 .text._ZN19DebugMonitorServiceD2Ev
                0x000000000000b490        0x4 pm_main.o
                0x000000000000b490                DebugMonitorService::~DebugMonitorService()
                0x000000000000b490                DebugMonitorService::~DebugMonitorService()
 *fill*         0x000000000000b494        0xc 
 .text._ZN18InformationServiceD2Ev
                0x000000000000b4a0        0x4 pm_main.o
                0x000000000000b4a0                InformationService::~InformationService()
                0x000000000000b4a0                InformationService::~InformationService()
 *fill*         0x000000000000b4a4        0xc 
 .text._ZNSt23_Sp_counted_ptr_inplaceI12ShellServiceSaIS0_ELN9__gnu_cxx12_Lock_policyE2EED2Ev
                0x000000000000b4b0        0x4 pm_main.o
                0x000000000000b4b0                std::_Sp_counted_ptr_inplace<ShellService, std::allocator<ShellService>, (__gnu_cxx::_Lock_policy)2>::~_Sp_counted_ptr_inplace()
                0x000000000000b4b0                std::_Sp_counted_ptr_inplace<ShellService, std::allocator<ShellService>, (__gnu_cxx::_Lock_policy)2>::~_Sp_counted_ptr_inplace()
 *fill*         0x000000000000b4b4        0xc 
 .text._ZNSt23_Sp_counted_ptr_inplaceI12ShellServiceSaIS0_ELN9__gnu_cxx12_Lock_policyE2EE10_M_disposeEv
                0x000000000000b4c0        0x4 pm_main.o
                0x000000000000b4c0                std::_Sp_counted_ptr_inplace<ShellService, std::allocator<ShellService>, (__gnu_cxx::_Lock_policy)2>::_M_dispose()
 *fill*         0x000000000000b4c4        0xc 
 .text._ZNSt23_Sp_counted_ptr_inplaceI12ShellServiceSaIS0_ELN9__gnu_cxx12_Lock_policyE2EE14_M_get_deleterERKSt9type_info
                0x000000000000b4d0       0x18 pm_main.o
                0x000000000000b4d0                std::_Sp_counted_ptr_inplace<ShellService, std::allocator<ShellService>, (__gnu_cxx::_Lock_policy)2>::_M_get_deleter(std::type_info const&)
 *fill*         0x000000000000b4e8        0x8 
 .text._ZNSt23_Sp_counted_ptr_inplaceI19DebugMonitorServiceSaIS0_ELN9__gnu_cxx12_Lock_policyE2EED2Ev
                0x000000000000b4f0        0x4 pm_main.o
                0x000000000000b4f0                std::_Sp_counted_ptr_inplace<DebugMonitorService, std::allocator<DebugMonitorService>, (__gnu_cxx::_Lock_policy)2>::~_Sp_counted_ptr_inplace()
                0x000000000000b4f0                std::_Sp_counted_ptr_inplace<DebugMonitorService, std::allocator<DebugMonitorService>, (__gnu_cxx::_Lock_policy)2>::~_Sp_counted_ptr_inplace()
 *fill*         0x000000000000b4f4        0xc 
 .text._ZNSt23_Sp_counted_ptr_inplaceI19DebugMonitorServiceSaIS0_ELN9__gnu_cxx12_Lock_policyE2EE10_M_disposeEv
                0x000000000000b500        0x4 pm_main.o
                0x000000000000b500                std::_Sp_counted_ptr_inplace<DebugMonitorService, std::allocator<DebugMonitorService>, (__gnu_cxx::_Lock_policy)2>::_M_dispose()
 *fill*         0x000000000000b504        0xc 
 .text._ZNSt23_Sp_counted_ptr_inplaceI19DebugMonitorServiceSaIS0_ELN9__gnu_cxx12_Lock_policyE2EE14_M_get_deleterERKSt9type_info
                0x000000000000b510       0x18 pm_main.o
                0x000000000000b510                std::_Sp_counted_ptr_inplace<DebugMonitorService, std::allocator<DebugMonitorService>, (__gnu_cxx::_Lock_policy)2>::_M_get_deleter(std::type_info const&)
 *fill*         0x000000000000b528        0x8 
 .text._ZNSt23_Sp_counted_ptr_inplaceI15BootModeServiceSaIS0_ELN9__gnu_cxx12_Lock_policyE2EED2Ev
                0x000000000000b530        0x4 pm_main.o
                0x000000000000b530                std::_Sp_counted_ptr_inplace<BootModeService, std::allocator<BootModeService>, (__gnu_cxx::_Lock_policy)2>::~_Sp_counted_ptr_inplace()
                0x000000000000b530                std::_Sp_counted_ptr_inplace<BootModeService, std::allocator<BootModeService>, (__gnu_cxx::_Lock_policy)2>::~_Sp_counted_ptr_inplace()
 *fill*         0x000000000000b534        0xc 
 .text._ZNSt23_Sp_counted_ptr_inplaceI15BootModeServiceSaIS0_ELN9__gnu_cxx12_Lock_policyE2EE10_M_disposeEv
                0x000000000000b540        0x4 pm_main.o
                0x000000000000b540                std::_Sp_counted_ptr_inplace<BootModeService, std::allocator<BootModeService>, (__gnu_cxx::_Lock_policy)2>::_M_dispose()
 *fill*         0x000000000000b544        0xc 
 .text._ZNSt23_Sp_counted_ptr_inplaceI15BootModeServiceSaIS0_ELN9__gnu_cxx12_Lock_policyE2EE14_M_get_deleterERKSt9type_info
                0x000000000000b550       0x18 pm_main.o
                0x000000000000b550                std::_Sp_counted_ptr_inplace<BootModeService, std::allocator<BootModeService>, (__gnu_cxx::_Lock_policy)2>::_M_get_deleter(std::type_info const&)
 *fill*         0x000000000000b568        0x8 
 .text._ZNSt23_Sp_counted_ptr_inplaceI18InformationServiceSaIS0_ELN9__gnu_cxx12_Lock_policyE2EED2Ev
                0x000000000000b570        0x4 pm_main.o
                0x000000000000b570                std::_Sp_counted_ptr_inplace<InformationService, std::allocator<InformationService>, (__gnu_cxx::_Lock_policy)2>::~_Sp_counted_ptr_inplace()
                0x000000000000b570                std::_Sp_counted_ptr_inplace<InformationService, std::allocator<InformationService>, (__gnu_cxx::_Lock_policy)2>::~_Sp_counted_ptr_inplace()
 *fill*         0x000000000000b574        0xc 
 .text._ZNSt23_Sp_counted_ptr_inplaceI18InformationServiceSaIS0_ELN9__gnu_cxx12_Lock_policyE2EE10_M_disposeEv
                0x000000000000b580        0x4 pm_main.o
                0x000000000000b580                std::_Sp_counted_ptr_inplace<InformationService, std::allocator<InformationService>, (__gnu_cxx::_Lock_policy)2>::_M_dispose()
 *fill*         0x000000000000b584        0xc 
 .text._ZNSt23_Sp_counted_ptr_inplaceI18InformationServiceSaIS0_ELN9__gnu_cxx12_Lock_policyE2EE14_M_get_deleterERKSt9type_info
                0x000000000000b590       0x18 pm_main.o
                0x000000000000b590                std::_Sp_counted_ptr_inplace<InformationService, std::allocator<InformationService>, (__gnu_cxx::_Lock_policy)2>::_M_get_deleter(std::type_info const&)
 *fill*         0x000000000000b5a8        0x8 
 .text._ZNSt23_Sp_counted_ptr_inplaceI12ShellServiceSaIS0_ELN9__gnu_cxx12_Lock_policyE2EE10_M_destroyEv
                0x000000000000b5b0        0x4 pm_main.o
                0x000000000000b5b0                std::_Sp_counted_ptr_inplace<ShellService, std::allocator<ShellService>, (__gnu_cxx::_Lock_policy)2>::_M_destroy()
 *fill*         0x000000000000b5b4        0xc 
 .text._ZNSt23_Sp_counted_ptr_inplaceI19DebugMonitorServiceSaIS0_ELN9__gnu_cxx12_Lock_policyE2EE10_M_destroyEv
                0x000000000000b5c0        0x4 pm_main.o
                0x000000000000b5c0                std::_Sp_counted_ptr_inplace<DebugMonitorService, std::allocator<DebugMonitorService>, (__gnu_cxx::_Lock_policy)2>::_M_destroy()
 *fill*         0x000000000000b5c4        0xc 
 .text._ZNSt23_Sp_counted_ptr_inplaceI15BootModeServiceSaIS0_ELN9__gnu_cxx12_Lock_policyE2EE10_M_destroyEv
                0x000000000000b5d0        0x4 pm_main.o
                0x000000000000b5d0                std::_Sp_counted_ptr_inplace<BootModeService, std::allocator<BootModeService>, (__gnu_cxx::_Lock_policy)2>::_M_destroy()
 *fill*         0x000000000000b5d4        0xc 
 .text._ZNSt23_Sp_counted_ptr_inplaceI18InformationServiceSaIS0_ELN9__gnu_cxx12_Lock_policyE2EE10_M_destroyEv
                0x000000000000b5e0        0x4 pm_main.o
                0x000000000000b5e0                std::_Sp_counted_ptr_inplace<InformationService, std::allocator<InformationService>, (__gnu_cxx::_Lock_policy)2>::_M_destroy()
 *fill*         0x000000000000b5e4        0xc 
 .text._ZN12ShellServiceD0Ev
                0x000000000000b5f0        0x8 pm_main.o
                0x000000000000b5f0                ShellService::~ShellService()
 *fill*         0x000000000000b5f8        0x8 
 .text._ZN19DebugMonitorServiceD0Ev
                0x000000000000b600        0x8 pm_main.o
                0x000000000000b600                DebugMonitorService::~DebugMonitorService()
 *fill*         0x000000000000b608        0x8 
 .text._ZN15BootModeServiceD0Ev
                0x000000000000b610        0x8 pm_main.o
                0x000000000000b610                BootModeService::~BootModeService()
 *fill*         0x000000000000b618        0x8 
 .text._ZN18InformationServiceD0Ev
                0x000000000000b620        0x8 pm_main.o
                0x000000000000b620                InformationService::~InformationService()
 *fill*         0x000000000000b628        0x8 
 .text._ZNSt23_Sp_counted_ptr_inplaceI18InformationServiceSaIS0_ELN9__gnu_cxx12_Lock_policyE2EED0Ev
                0x000000000000b630        0x8 pm_main.o
                0x000000000000b630                std::_Sp_counted_ptr_inplace<InformationService, std::allocator<InformationService>, (__gnu_cxx::_Lock_policy)2>::~_Sp_counted_ptr_inplace()
 *fill*         0x000000000000b638        0x8 
 .text._ZNSt23_Sp_counted_ptr_inplaceI15BootModeServiceSaIS0_ELN9__gnu_cxx12_Lock_policyE2EED0Ev
                0x000000000000b640        0x8 pm_main.o
                0x000000000000b640                std::_Sp_counted_ptr_inplace<BootModeService, std::allocator<BootModeService>, (__gnu_cxx::_Lock_policy)2>::~_Sp_counted_ptr_inplace()
 *fill*         0x000000000000b648        0x8 
 .text._ZNSt23_Sp_counted_ptr_inplaceI19DebugMonitorServiceSaIS0_ELN9__gnu_cxx12_Lock_policyE2EED0Ev
                0x000000000000b650        0x8 pm_main.o
                0x000000000000b650                std::_Sp_counted_ptr_inplace<DebugMonitorService, std::allocator<DebugMonitorService>, (__gnu_cxx::_Lock_policy)2>::~_Sp_counted_ptr_inplace()
 *fill*         0x000000000000b658        0x8 
 .text._ZNSt23_Sp_counted_ptr_inplaceI12ShellServiceSaIS0_ELN9__gnu_cxx12_Lock_policyE2EED0Ev
                0x000000000000b660        0x8 pm_main.o
                0x000000000000b660                std::_Sp_counted_ptr_inplace<ShellService, std::allocator<ShellService>, (__gnu_cxx::_Lock_policy)2>::~_Sp_counted_ptr_inplace()
 *fill*         0x000000000000b668        0x8 
 .text._ZN7IServerI18InformationServiceED2Ev
                0x000000000000b670       0x20 pm_main.o
                0x000000000000b670                IServer<InformationService>::~IServer()
                0x000000000000b670                IServer<InformationService>::~IServer()
 .text._ZN7IServerI18InformationServiceED0Ev
                0x000000000000b690       0x50 pm_main.o
                0x000000000000b690                IServer<InformationService>::~IServer()
 .text._ZN13ServiceServerI18InformationServiceED2Ev
                0x000000000000b6e0       0x20 pm_main.o
                0x000000000000b6e0                ServiceServer<InformationService>::~ServiceServer()
                0x000000000000b6e0                ServiceServer<InformationService>::~ServiceServer()
 .text._ZN13ServiceServerI18InformationServiceED0Ev
                0x000000000000b700       0x50 pm_main.o
                0x000000000000b700                ServiceServer<InformationService>::~ServiceServer()
 .text._ZN7IServerI15BootModeServiceED2Ev
                0x000000000000b750       0x20 pm_main.o
                0x000000000000b750                IServer<BootModeService>::~IServer()
                0x000000000000b750                IServer<BootModeService>::~IServer()
 .text._ZN7IServerI15BootModeServiceED0Ev
                0x000000000000b770       0x50 pm_main.o
                0x000000000000b770                IServer<BootModeService>::~IServer()
 .text._ZN13ServiceServerI15BootModeServiceED2Ev
                0x000000000000b7c0       0x20 pm_main.o
                0x000000000000b7c0                ServiceServer<BootModeService>::~ServiceServer()
                0x000000000000b7c0                ServiceServer<BootModeService>::~ServiceServer()
 .text._ZN13ServiceServerI15BootModeServiceED0Ev
                0x000000000000b7e0       0x50 pm_main.o
                0x000000000000b7e0                ServiceServer<BootModeService>::~ServiceServer()
 .text._ZN7IServerI19DebugMonitorServiceED2Ev
                0x000000000000b830       0x20 pm_main.o
                0x000000000000b830                IServer<DebugMonitorService>::~IServer()
                0x000000000000b830                IServer<DebugMonitorService>::~IServer()
 .text._ZN7IServerI19DebugMonitorServiceED0Ev
                0x000000000000b850       0x50 pm_main.o
                0x000000000000b850                IServer<DebugMonitorService>::~IServer()
 .text._ZN13ServiceServerI19DebugMonitorServiceED2Ev
                0x000000000000b8a0       0x20 pm_main.o
                0x000000000000b8a0                ServiceServer<DebugMonitorService>::~ServiceServer()
                0x000000000000b8a0                ServiceServer<DebugMonitorService>::~ServiceServer()
 .text._ZN13ServiceServerI19DebugMonitorServiceED0Ev
                0x000000000000b8c0       0x50 pm_main.o
                0x000000000000b8c0                ServiceServer<DebugMonitorService>::~ServiceServer()
 .text._ZN7IServerI12ShellServiceED2Ev
                0x000000000000b910       0x20 pm_main.o
                0x000000000000b910                IServer<ShellService>::~IServer()
                0x000000000000b910                IServer<ShellService>::~IServer()
 .text._ZN7IServerI12ShellServiceED0Ev
                0x000000000000b930       0x50 pm_main.o
                0x000000000000b930                IServer<ShellService>::~IServer()
 .text._ZN13ServiceServerI12ShellServiceED2Ev
                0x000000000000b980       0x20 pm_main.o
                0x000000000000b980                ServiceServer<ShellService>::~ServiceServer()
                0x000000000000b980                ServiceServer<ShellService>::~ServiceServer()
 .text._ZN13ServiceServerI12ShellServiceED0Ev
                0x000000000000b9a0       0x50 pm_main.o
                0x000000000000b9a0                ServiceServer<ShellService>::~ServiceServer()
 .text.ipcPrepareHeaderForDomain.constprop.569
                0x000000000000b9f0      0x2b0 pm_main.o
 .text._Z18WrapIpcCommandImplIXadL_ZN12ShellService31BoostSystemThreadsResourceLimitEvEEEjP18IpcResponseContext
                0x000000000000bca0      0x198 pm_main.o
                0x000000000000bca0                unsigned int WrapIpcCommandImpl<&ShellService::BoostSystemThreadsResourceLimit>(IpcResponseContext*)
 *fill*         0x000000000000be38        0x8 
 .text._Z18WrapIpcCommandImplIXadL_ZN12ShellService19GetProcessWaitEventE3OutI12CopiedHandlevEEEEjP18IpcResponseContext
                0x000000000000be40      0x170 pm_main.o
                0x000000000000be40                unsigned int WrapIpcCommandImpl<&ShellService::GetProcessWaitEvent>(IpcResponseContext*)
 .text._Z18WrapIpcCommandImplIXadL_ZN19DebugMonitorService25EnableDebugForApplicationE3OutI12CopiedHandlevEEEEjP18IpcResponseContext
                0x000000000000bfb0      0x1b4 pm_main.o
                0x000000000000bfb0                unsigned int WrapIpcCommandImpl<&DebugMonitorService::EnableDebugForApplication>(IpcResponseContext*)
 *fill*         0x000000000000c164        0xc 
 .text._Z18WrapIpcCommandImplIXadL_ZN19DebugMonitorService12DisableDebugEjEEEjP18IpcResponseContext
                0x000000000000c170      0x1ac pm_main.o
                0x000000000000c170                unsigned int WrapIpcCommandImpl<&DebugMonitorService::DisableDebug>(IpcResponseContext*)
 *fill*         0x000000000000c31c        0x4 
 .text._Z18WrapIpcCommandImplIXadL_ZN15BootModeService11GetBootModeE3OutIjvEEEEjP18IpcResponseContext
                0x000000000000c320      0x17c pm_main.o
                0x000000000000c320                unsigned int WrapIpcCommandImpl<&BootModeService::GetBootMode>(IpcResponseContext*)
 *fill*         0x000000000000c49c        0x4 
 .text._Z18WrapIpcCommandImplIXadL_ZN19DebugMonitorService21EnableDebugForTitleIdE3OutI12CopiedHandlevEmEEEjP18IpcResponseContext
                0x000000000000c4a0      0x1c8 pm_main.o
                0x000000000000c4a0                unsigned int WrapIpcCommandImpl<&DebugMonitorService::EnableDebugForTitleId>(IpcResponseContext*)
 *fill*         0x000000000000c668        0x8 
 .text._Z18WrapIpcCommandImplIXadL_ZN12ShellService19GetProcessEventTypeE3OutImvES2_EEEjP18IpcResponseContext
                0x000000000000c670      0x174 pm_main.o
                0x000000000000c670                unsigned int WrapIpcCommandImpl<&ShellService::GetProcessEventType>(IpcResponseContext*)
 *fill*         0x000000000000c7e4        0xc 
 .text._Z18WrapIpcCommandImplIXadL_ZN19DebugMonitorService24AtmosphereGetProcessInfoE3OutI12CopiedHandlevES1_IN12Registration6TidSidEvEmEEEjP18IpcResponseContext
                0x000000000000c7f0      0x1ec pm_main.o
                0x000000000000c7f0                unsigned int WrapIpcCommandImpl<&DebugMonitorService::AtmosphereGetProcessInfo>(IpcResponseContext*)
 *fill*         0x000000000000c9dc        0x4 
 .text._Z18WrapIpcCommandImplIXadL_ZN19DebugMonitorService18GetDebugProcessIdsE3OutIjvE9OutBufferImL10BufferType0EEEEEjP18IpcResponseContext
                0x000000000000c9e0      0x224 pm_main.o
                0x000000000000c9e0                unsigned int WrapIpcCommandImpl<&DebugMonitorService::GetDebugProcessIds>(IpcResponseContext*)
 *fill*         0x000000000000cc04        0xc 
 .text._Z18WrapIpcCommandImplIXadL_ZN12ShellService13LaunchProcessE3OutImvEN12Registration6TidSidEjEEEjP18IpcResponseContext
                0x000000000000cc10      0x1e0 pm_main.o
                0x000000000000cc10                unsigned int WrapIpcCommandImpl<&ShellService::LaunchProcess>(IpcResponseContext*)
 .text._Z18WrapIpcCommandImplIXadL_ZN19DebugMonitorService29AtmosphereGetCurrentLimitInfoE3OutImvES2_jjEEEjP18IpcResponseContext
                0x000000000000cdf0      0x1d4 pm_main.o
                0x000000000000cdf0                unsigned int WrapIpcCommandImpl<&DebugMonitorService::AtmosphereGetCurrentLimitInfo>(IpcResponseContext*)
 *fill*         0x000000000000cfc4        0xc 
 .text._Z18WrapIpcCommandImplIXadL_ZN19DebugMonitorService14GetUnknownStubE3OutIjvE9OutBufferIhL10BufferType0EEmEEEjP18IpcResponseContext
                0x000000000000cfd0      0x234 pm_main.o
                0x000000000000cfd0                unsigned int WrapIpcCommandImpl<&DebugMonitorService::GetUnknownStub>(IpcResponseContext*)
 *fill*         0x000000000000d204        0xc 
 .text._Z18WrapIpcCommandImplIXadL_ZN12ShellService18NotifyBootFinishedEvEEEjP18IpcResponseContext
                0x000000000000d210      0x148 pm_main.o
                0x000000000000d210                unsigned int WrapIpcCommandImpl<&ShellService::NotifyBootFinished>(IpcResponseContext*)
 *fill*         0x000000000000d358        0x8 
 .text._Z18WrapIpcCommandImplIXadL_ZN12ShellService23GetApplicationProcessIdE3OutImvEEEEjP18IpcResponseContext
                0x000000000000d360      0x1d4 pm_main.o
                0x000000000000d360                unsigned int WrapIpcCommandImpl<&ShellService::GetApplicationProcessId>(IpcResponseContext*)
 *fill*         0x000000000000d534        0xc 
 .text._Z18WrapIpcCommandImplIXadL_ZN19DebugMonitorService17GetTitleProcessIdE3OutImvEmEEEjP18IpcResponseContext
                0x000000000000d540      0x1d8 pm_main.o
                0x000000000000d540                unsigned int WrapIpcCommandImpl<&DebugMonitorService::GetTitleProcessId>(IpcResponseContext*)
 *fill*         0x000000000000d718        0x8 
 .text._Z18WrapIpcCommandImplIXadL_ZN15BootModeService18SetMaintenanceBootEvEEEjP18IpcResponseContext
                0x000000000000d720      0x148 pm_main.o
                0x000000000000d720                unsigned int WrapIpcCommandImpl<&BootModeService::SetMaintenanceBoot>(IpcResponseContext*)
 *fill*         0x000000000000d868        0x8 
 .text._Z18WrapIpcCommandImplIXadL_ZN19DebugMonitorService23GetApplicationProcessIdE3OutImvEEEEjP18IpcResponseContext
                0x000000000000d870      0x1d4 pm_main.o
                0x000000000000d870                unsigned int WrapIpcCommandImpl<&DebugMonitorService::GetApplicationProcessId>(IpcResponseContext*)
 *fill*         0x000000000000da44        0xc 
 .text._Z18WrapIpcCommandImplIXadL_ZN18InformationService10GetTitleIdE3OutImvEmEEEjP18IpcResponseContext
                0x000000000000da50      0x1d8 pm_main.o
                0x000000000000da50                unsigned int WrapIpcCommandImpl<&InformationService::GetTitleId>(IpcResponseContext*)
 *fill*         0x000000000000dc28        0x8 
 .text.__libnx_initheap
                0x000000000000dc30       0x30 pm_main.o
                0x000000000000dc30                __libnx_initheap
 .text._Z33RegisterPrivilegedProcessesWithFsv
                0x000000000000dc60      0x148 pm_main.o
                0x000000000000dc60                RegisterPrivilegedProcessesWithFs()
 *fill*         0x000000000000dda8        0x8 
 .text.__appInit
                0x000000000000ddb0       0xc8 pm_main.o
                0x000000000000ddb0                __appInit
 *fill*         0x000000000000de78        0x8 
 .text.__appExit
                0x000000000000de80       0x2c pm_main.o
                0x000000000000de80                __appExit
 *fill*         0x000000000000deac        0x4 
 .text._ZN7EncoderI15CommandMetaInfoISt5tupleIJmEEjES2_E13EncodeFailureEP18IpcResponseContextj
                0x000000000000deb0      0x328 pm_main.o
                0x000000000000deb0                Encoder<CommandMetaInfo<std::tuple<unsigned long>, unsigned int>, std::tuple<unsigned long> >::EncodeFailure(IpcResponseContext*, unsigned int)
 *fill*         0x000000000000e1d8        0x8 
 .text._Z18WrapIpcCommandImplIXadL_ZN19DebugMonitorService18LaunchDebugProcessEmEEEjP18IpcResponseContext
                0x000000000000e1e0      0x160 pm_main.o
                0x000000000000e1e0                unsigned int WrapIpcCommandImpl<&DebugMonitorService::LaunchDebugProcess>(IpcResponseContext*)
 .text._Z18WrapIpcCommandImplIXadL_ZN12ShellService30BoostSystemMemoryResourceLimitEmEEEjP18IpcResponseContext
                0x000000000000e340      0x160 pm_main.o
                0x000000000000e340                unsigned int WrapIpcCommandImpl<&ShellService::BoostSystemMemoryResourceLimit>(IpcResponseContext*)
 .text._Z18WrapIpcCommandImplIXadL_ZN12ShellService28ClearProcessNotificationFlagEmEEEjP18IpcResponseContext
                0x000000000000e4a0      0x160 pm_main.o
                0x000000000000e4a0                unsigned int WrapIpcCommandImpl<&ShellService::ClearProcessNotificationFlag>(IpcResponseContext*)
 .text._Z18WrapIpcCommandImplIXadL_ZN12ShellService21FinalizeExitedProcessEmEEEjP18IpcResponseContext
                0x000000000000e600      0x160 pm_main.o
                0x000000000000e600                unsigned int WrapIpcCommandImpl<&ShellService::FinalizeExitedProcess>(IpcResponseContext*)
 .text._Z18WrapIpcCommandImplIXadL_ZN12ShellService16TerminateTitleIdEmEEEjP18IpcResponseContext
                0x000000000000e760      0x160 pm_main.o
                0x000000000000e760                unsigned int WrapIpcCommandImpl<&ShellService::TerminateTitleId>(IpcResponseContext*)
 .text._Z18WrapIpcCommandImplIXadL_ZN12ShellService18TerminateProcessIdEmEEEjP18IpcResponseContext
                0x000000000000e8c0      0x160 pm_main.o
                0x000000000000e8c0                unsigned int WrapIpcCommandImpl<&ShellService::TerminateProcessId>(IpcResponseContext*)
 .text._ZN7IServerI18InformationServiceE14HandleSignaledEm
                0x000000000000ea20      0x278 pm_main.o
                0x000000000000ea20                IServer<InformationService>::HandleSignaled(unsigned long)
 *fill*         0x000000000000ec98        0x8 
 .text._ZN7IServerI12ShellServiceE14HandleSignaledEm
                0x000000000000eca0      0x278 pm_main.o
                0x000000000000eca0                IServer<ShellService>::HandleSignaled(unsigned long)
 *fill*         0x000000000000ef18        0x8 
 .text._ZN7IServerI15BootModeServiceE14HandleSignaledEm
                0x000000000000ef20      0x278 pm_main.o
                0x000000000000ef20                IServer<BootModeService>::HandleSignaled(unsigned long)
 *fill*         0x000000000000f198        0x8 
 .text._ZN7IServerI19DebugMonitorServiceE14HandleSignaledEm
                0x000000000000f1a0      0x278 pm_main.o
                0x000000000000f1a0                IServer<DebugMonitorService>::HandleSignaled(unsigned long)
 *fill*         0x000000000000f418        0x8 
 .text._ZL12_CacheValuesv
                0x000000000000f420      0x134 /developer/stratosphere/pm/../libstratosphere/lib/libstratosphere.a(firmware_version.o)
 *fill*         0x000000000000f554        0xc 
 .text._Z25GetRuntimeFirmwareVersionv
                0x000000000000f560       0x1c /developer/stratosphere/pm/../libstratosphere/lib/libstratosphere.a(firmware_version.o)
                0x000000000000f560                GetRuntimeFirmwareVersion()
 *fill*         0x000000000000f57c        0x4 
 .text._Z26SetFirmwareVersionForLibnxv
                0x000000000000f580       0x38 /developer/stratosphere/pm/../libstratosphere/lib/libstratosphere.a(firmware_version.o)
                0x000000000000f580                SetFirmwareVersionForLibnx()
 *fill*         0x000000000000f5b8        0x8 
 .text.ipcCloseObjectById
                0x000000000000f5c0       0x34 /developer/stratosphere/pm/../libstratosphere/lib/libstratosphere.a(smm_ams.o)
 *fill*         0x000000000000f5f4        0xc 
 .text.smManagerAmsInitialize
                0x000000000000f600       0x38 /developer/stratosphere/pm/../libstratosphere/lib/libstratosphere.a(smm_ams.o)
                0x000000000000f600                smManagerAmsInitialize
 *fill*         0x000000000000f638        0x8 
 .text.smManagerAmsExit
                0x000000000000f640       0x90 /developer/stratosphere/pm/../libstratosphere/lib/libstratosphere.a(smm_ams.o)
                0x000000000000f640                smManagerAmsExit
 .text.smManagerAmsEndInitialDefers
                0x000000000000f6d0      0x1a0 /developer/stratosphere/pm/../libstratosphere/lib/libstratosphere.a(smm_ams.o)
                0x000000000000f6d0                smManagerAmsEndInitialDefers
 .text.smManagerAmsHasMitm
                0x000000000000f870      0x1dc /developer/stratosphere/pm/../libstratosphere/lib/libstratosphere.a(smm_ams.o)
                0x000000000000f870                smManagerAmsHasMitm
 *fill*         0x000000000000fa4c        0x4 
 .text.detectKernelVersion
                0x000000000000fa50      0x17c /opt/devkitpro/libnx/lib/libnx.a(detect.o)
                0x000000000000fa50                detectKernelVersion
 *fill*         0x000000000000fbcc        0x4 
 .text.detectDebugger
                0x000000000000fbd0       0x30 /opt/devkitpro/libnx/lib/libnx.a(detect.o)
                0x000000000000fbd0                detectDebugger
 .text.semaphoreInit
                0x000000000000fc00        0x8 /opt/devkitpro/libnx/lib/libnx.a(semaphore.o)
                0x000000000000fc00                semaphoreInit
 *fill*         0x000000000000fc08        0x8 
 .text.semaphoreSignal
                0x000000000000fc10       0x44 /opt/devkitpro/libnx/lib/libnx.a(semaphore.o)
                0x000000000000fc10                semaphoreSignal
 *fill*         0x000000000000fc54        0xc 
 .text.semaphoreWait
                0x000000000000fc60       0x58 /opt/devkitpro/libnx/lib/libnx.a(semaphore.o)
                0x000000000000fc60                semaphoreWait
 *fill*         0x000000000000fcb8        0x8 
 .text.mutexLock
                0x000000000000fcc0       0x8c /opt/devkitpro/libnx/lib/libnx.a(mutex.o)
                0x000000000000fcc0                mutexLock
 *fill*         0x000000000000fd4c        0x4 
 .text.mutexUnlock
                0x000000000000fd50       0x30 /opt/devkitpro/libnx/lib/libnx.a(mutex.o)
                0x000000000000fd50                mutexUnlock
 .text.rmutexLock
                0x000000000000fd80       0x4c /opt/devkitpro/libnx/lib/libnx.a(mutex.o)
                0x000000000000fd80                rmutexLock
 *fill*         0x000000000000fdcc        0x4 
 .text.rmutexUnlock
                0x000000000000fdd0       0x1c /opt/devkitpro/libnx/lib/libnx.a(mutex.o)
                0x000000000000fdd0                rmutexUnlock
 *fill*         0x000000000000fdec        0x4 
 .text.condvarWaitTimeout
                0x000000000000fdf0       0x60 /opt/devkitpro/libnx/lib/libnx.a(condvar.o)
                0x000000000000fdf0                condvarWaitTimeout
 .text.threadCreate
                0x000000000000fe50      0x1fc /opt/devkitpro/libnx/lib/libnx.a(thread.o)
                0x000000000000fe50                threadCreate
 *fill*         0x000000000001004c        0x4 
 .text.threadExit
                0x0000000000010050       0xb0 /opt/devkitpro/libnx/lib/libnx.a(thread.o)
                0x0000000000010050                threadExit
 .text._EntryWrap
                0x0000000000010100       0x90 /opt/devkitpro/libnx/lib/libnx.a(thread.o)
 .text.threadStart
                0x0000000000010190        0x8 /opt/devkitpro/libnx/lib/libnx.a(thread.o)
                0x0000000000010190                threadStart
 *fill*         0x0000000000010198        0x8 
 .text.threadWaitForExit
                0x00000000000101a0       0x2c /opt/devkitpro/libnx/lib/libnx.a(thread.o)
                0x00000000000101a0                threadWaitForExit
 *fill*         0x00000000000101cc        0x4 
 .text.threadClose
                0x00000000000101d0       0x54 /opt/devkitpro/libnx/lib/libnx.a(thread.o)
                0x00000000000101d0                threadClose
 *fill*         0x0000000000010224        0xc 
 .text.threadGetCurHandle
                0x0000000000010230        0xc /opt/devkitpro/libnx/lib/libnx.a(thread.o)
                0x0000000000010230                threadGetCurHandle
 *fill*         0x000000000001023c        0x4 
 .text.threadTlsGet
                0x0000000000010240       0x10 /opt/devkitpro/libnx/lib/libnx.a(thread.o)
                0x0000000000010240                threadTlsGet
 .text.threadTlsSet
                0x0000000000010250       0x10 /opt/devkitpro/libnx/lib/libnx.a(thread.o)
                0x0000000000010250                threadTlsSet
 .text.threadTlsAlloc
                0x0000000000010260       0xd8 /opt/devkitpro/libnx/lib/libnx.a(thread.o)
                0x0000000000010260                threadTlsAlloc
 *fill*         0x0000000000010338        0x8 
 .text.threadTlsFree
                0x0000000000010340       0x48 /opt/devkitpro/libnx/lib/libnx.a(thread.o)
                0x0000000000010340                threadTlsFree
 *fill*         0x0000000000010388        0x8 
 .text.ipcCloseObjectById
                0x0000000000010390       0x34 /opt/devkitpro/libnx/lib/libnx.a(smm.o)
 *fill*         0x00000000000103c4        0xc 
 .text.smManagerInitialize
                0x00000000000103d0       0x3c /opt/devkitpro/libnx/lib/libnx.a(smm.o)
                0x00000000000103d0                smManagerInitialize
 *fill*         0x000000000001040c        0x4 
 .text.smManagerExit
                0x0000000000010410       0x9c /opt/devkitpro/libnx/lib/libnx.a(smm.o)
                0x0000000000010410                smManagerExit
 *fill*         0x00000000000104ac        0x4 
 .text.smManagerRegisterProcess
                0x00000000000104b0      0x10c /opt/devkitpro/libnx/lib/libnx.a(smm.o)
                0x00000000000104b0                smManagerRegisterProcess
 *fill*         0x00000000000105bc        0x4 
 .text.smManagerUnregisterProcess
                0x00000000000105c0       0xcc /opt/devkitpro/libnx/lib/libnx.a(smm.o)
                0x00000000000105c0                smManagerUnregisterProcess
 *fill*         0x000000000001068c        0x4 
 .text.smAddOverrideHandle
                0x0000000000010690       0x44 /opt/devkitpro/libnx/lib/libnx.a(sm.o)
                0x0000000000010690                smAddOverrideHandle
 *fill*         0x00000000000106d4        0xc 
 .text.smGetServiceOverride
                0x00000000000106e0       0x60 /opt/devkitpro/libnx/lib/libnx.a(sm.o)
                0x00000000000106e0                smGetServiceOverride
 .text.smHasInitialized
                0x0000000000010740       0x14 /opt/devkitpro/libnx/lib/libnx.a(sm.o)
                0x0000000000010740                smHasInitialized
 *fill*         0x0000000000010754        0xc 
 .text.smExit   0x0000000000010760       0x5c /opt/devkitpro/libnx/lib/libnx.a(sm.o)
                0x0000000000010760                smExit
 *fill*         0x00000000000107bc        0x4 
 .text.smEncodeName
                0x00000000000107c0       0x38 /opt/devkitpro/libnx/lib/libnx.a(sm.o)
                0x00000000000107c0                smEncodeName
 *fill*         0x00000000000107f8        0x8 
 .text.smGetServiceOriginal
                0x0000000000010800      0x12c /opt/devkitpro/libnx/lib/libnx.a(sm.o)
                0x0000000000010800                smGetServiceOriginal
 *fill*         0x000000000001092c        0x4 
 .text.smInitialize
                0x0000000000010930      0x158 /opt/devkitpro/libnx/lib/libnx.a(sm.o)
                0x0000000000010930                smInitialize
 *fill*         0x0000000000010a88        0x8 
 .text.smGetService
                0x0000000000010a90       0x74 /opt/devkitpro/libnx/lib/libnx.a(sm.o)
                0x0000000000010a90                smGetService
 *fill*         0x0000000000010b04        0xc 
 .text.smRegisterService
                0x0000000000010b10      0x14c /opt/devkitpro/libnx/lib/libnx.a(sm.o)
                0x0000000000010b10                smRegisterService
 *fill*         0x0000000000010c5c        0x4 
 .text._fatalImpl
                0x0000000000010c60      0x140 /opt/devkitpro/libnx/lib/libnx.a(fatal.o)
 .text.fatalWithType
                0x0000000000010da0       0x14 /opt/devkitpro/libnx/lib/libnx.a(fatal.o)
                0x0000000000010da0                fatalWithType
 *fill*         0x0000000000010db4        0xc 
 .text.fatalSimple
                0x0000000000010dc0       0x14 /opt/devkitpro/libnx/lib/libnx.a(fatal.o)
                0x0000000000010dc0                fatalSimple
 *fill*         0x0000000000010dd4        0xc 
 .text.ipcCloseObjectById
                0x0000000000010de0       0x34 /opt/devkitpro/libnx/lib/libnx.a(gpio.o)
 *fill*         0x0000000000010e14        0xc 
 .text.gpioExit
                0x0000000000010e20       0x9c /opt/devkitpro/libnx/lib/libnx.a(gpio.o)
                0x0000000000010e20                gpioExit
 *fill*         0x0000000000010ebc        0x4 
 .text.gpioInitialize
                0x0000000000010ec0       0x68 /opt/devkitpro/libnx/lib/libnx.a(gpio.o)
                0x0000000000010ec0                gpioInitialize
 *fill*         0x0000000000010f28        0x8 
 .text.gpioOpenSession
                0x0000000000010f30      0x274 /opt/devkitpro/libnx/lib/libnx.a(gpio.o)
                0x0000000000010f30                gpioOpenSession
 *fill*         0x00000000000111a4        0xc 
 .text.gpioPadSetDirection
                0x00000000000111b0      0x1a8 /opt/devkitpro/libnx/lib/libnx.a(gpio.o)
                0x00000000000111b0                gpioPadSetDirection
 *fill*         0x0000000000011358        0x8 
 .text.gpioPadGetValue
                0x0000000000011360      0x1bc /opt/devkitpro/libnx/lib/libnx.a(gpio.o)
                0x0000000000011360                gpioPadGetValue
 *fill*         0x000000000001151c        0x4 
 .text.gpioPadClose
                0x0000000000011520       0x6c /opt/devkitpro/libnx/lib/libnx.a(gpio.o)
                0x0000000000011520                gpioPadClose
 *fill*         0x000000000001158c        0x4 
 .text.ipcCloseObjectById
                0x0000000000011590       0x34 /opt/devkitpro/libnx/lib/libnx.a(fspr.o)
 *fill*         0x00000000000115c4        0xc 
 .text.fsprExit
                0x00000000000115d0       0x9c /opt/devkitpro/libnx/lib/libnx.a(fspr.o)
                0x00000000000115d0                fsprExit
 *fill*         0x000000000001166c        0x4 
 .text.fsprRegisterProgram
                0x0000000000011670      0x148 /opt/devkitpro/libnx/lib/libnx.a(fspr.o)
                0x0000000000011670                fsprRegisterProgram
 *fill*         0x00000000000117b8        0x8 
 .text.fsprUnregisterProgram
                0x00000000000117c0       0xcc /opt/devkitpro/libnx/lib/libnx.a(fspr.o)
                0x00000000000117c0                fsprUnregisterProgram
 *fill*         0x000000000001188c        0x4 
 .text.fsprSetCurrentProcess
                0x0000000000011890       0xd8 /opt/devkitpro/libnx/lib/libnx.a(fspr.o)
                0x0000000000011890                fsprSetCurrentProcess
 *fill*         0x0000000000011968        0x8 
 .text.fsprInitialize
                0x0000000000011970       0x84 /opt/devkitpro/libnx/lib/libnx.a(fspr.o)
                0x0000000000011970                fsprInitialize
 *fill*         0x00000000000119f4        0xc 
 .text._ldrSrvInitialize
                0x0000000000011a00       0x2c /opt/devkitpro/libnx/lib/libnx.a(ldr.o)
 *fill*         0x0000000000011a2c        0x4 
 .text.ipcCloseObjectById
                0x0000000000011a30       0x34 /opt/devkitpro/libnx/lib/libnx.a(ldr.o)
 *fill*         0x0000000000011a64        0xc 
 .text._ldrSrvExit
                0x0000000000011a70       0x78 /opt/devkitpro/libnx/lib/libnx.a(ldr.o)
 *fill*         0x0000000000011ae8        0x8 
 .text.ldrPmInitialize
                0x0000000000011af0       0x1c /opt/devkitpro/libnx/lib/libnx.a(ldr.o)
                0x0000000000011af0                ldrPmInitialize
 *fill*         0x0000000000011b0c        0x4 
 .text.ldrPmExit
                0x0000000000011b10       0x14 /opt/devkitpro/libnx/lib/libnx.a(ldr.o)
                0x0000000000011b10                ldrPmExit
 *fill*         0x0000000000011b24        0xc 
 .text.ldrPmCreateProcess
                0x0000000000011b30      0x12c /opt/devkitpro/libnx/lib/libnx.a(ldr.o)
                0x0000000000011b30                ldrPmCreateProcess
 *fill*         0x0000000000011c5c        0x4 
 .text.ldrPmGetProgramInfo
                0x0000000000011c60       0xe8 /opt/devkitpro/libnx/lib/libnx.a(ldr.o)
                0x0000000000011c60                ldrPmGetProgramInfo
 *fill*         0x0000000000011d48        0x8 
 .text.ldrPmRegisterTitle
                0x0000000000011d50       0xf4 /opt/devkitpro/libnx/lib/libnx.a(ldr.o)
                0x0000000000011d50                ldrPmRegisterTitle
 *fill*         0x0000000000011e44        0xc 
 .text.ldrPmUnregisterTitle
                0x0000000000011e50       0xcc /opt/devkitpro/libnx/lib/libnx.a(ldr.o)
                0x0000000000011e50                ldrPmUnregisterTitle
 *fill*         0x0000000000011f1c        0x4 
 .text._splSrvInitialize
                0x0000000000011f20       0x2c /opt/devkitpro/libnx/lib/libnx.a(spl.o)
 *fill*         0x0000000000011f4c        0x4 
 .text._splGetCryptoSrv
                0x0000000000011f50       0x7c /opt/devkitpro/libnx/lib/libnx.a(spl.o)
 *fill*         0x0000000000011fcc        0x4 
 .text._splGetGeneralSrv.part.6
                0x0000000000011fd0       0x18 /opt/devkitpro/libnx/lib/libnx.a(spl.o)
 *fill*         0x0000000000011fe8        0x8 
 .text.ipcCloseObjectById
                0x0000000000011ff0       0x34 /opt/devkitpro/libnx/lib/libnx.a(spl.o)
 *fill*         0x0000000000012024        0xc 
 .text._splSrvExit
                0x0000000000012030       0x78 /opt/devkitpro/libnx/lib/libnx.a(spl.o)
 *fill*         0x00000000000120a8        0x8 
 .text.splInitialize
                0x00000000000120b0       0x1c /opt/devkitpro/libnx/lib/libnx.a(spl.o)
                0x00000000000120b0                splInitialize
 *fill*         0x00000000000120cc        0x4 
 .text.splExit  0x00000000000120d0       0x14 /opt/devkitpro/libnx/lib/libnx.a(spl.o)
                0x00000000000120d0                splExit
 *fill*         0x00000000000120e4        0xc 
 .text.splGetConfig
                0x00000000000120f0      0x10c /opt/devkitpro/libnx/lib/libnx.a(spl.o)
                0x00000000000120f0                splGetConfig
 *fill*         0x00000000000121fc        0x4 
 .text.ipcCloseObjectById
                0x0000000000012200       0x34 /opt/devkitpro/libnx/lib/libnx.a(lr.o)
 *fill*         0x0000000000012234        0xc 
 .text.lrInitialize
                0x0000000000012240       0x3c /opt/devkitpro/libnx/lib/libnx.a(lr.o)
                0x0000000000012240                lrInitialize
 *fill*         0x000000000001227c        0x4 
 .text.lrExit   0x0000000000012280       0x9c /opt/devkitpro/libnx/lib/libnx.a(lr.o)
                0x0000000000012280                lrExit
 *fill*         0x000000000001231c        0x4 
 .text.ipcPrepareHeader
                0x0000000000012320      0x220 /opt/devkitpro/libnx/lib/libnx.a(fs.o)
 .text.ipcParse
                0x0000000000012540      0x22c /opt/devkitpro/libnx/lib/libnx.a(fs.o)
 *fill*         0x000000000001276c        0x4 
 .text.serviceIpcParse
                0x0000000000012770       0xb0 /opt/devkitpro/libnx/lib/libnx.a(fs.o)
 .text.ipcCloseObjectById
                0x0000000000012820       0x34 /opt/devkitpro/libnx/lib/libnx.a(fs.o)
 *fill*         0x0000000000012854        0xc 
 .text.fsInitialize
                0x0000000000012860      0x200 /opt/devkitpro/libnx/lib/libnx.a(fs.o)
                0x0000000000012860                fsInitialize
 .text.fsExit   0x0000000000012a60       0x9c /opt/devkitpro/libnx/lib/libnx.a(fs.o)
                0x0000000000012a60                fsExit
 *fill*         0x0000000000012afc        0x4 
 .text.fsMountSdcard
                0x0000000000012b00      0x1cc /opt/devkitpro/libnx/lib/libnx.a(fs.o)
                0x0000000000012b00                fsMountSdcard
 *fill*         0x0000000000012ccc        0x4 
 .text.fsFsCreateFile
                0x0000000000012cd0      0x1a4 /opt/devkitpro/libnx/lib/libnx.a(fs.o)
                0x0000000000012cd0                fsFsCreateFile
 *fill*         0x0000000000012e74        0xc 
 .text.fsFsDeleteFile
                0x0000000000012e80      0x19c /opt/devkitpro/libnx/lib/libnx.a(fs.o)
                0x0000000000012e80                fsFsDeleteFile
 *fill*         0x000000000001301c        0x4 
 .text.fsFsCreateDirectory
                0x0000000000013020      0x19c /opt/devkitpro/libnx/lib/libnx.a(fs.o)
                0x0000000000013020                fsFsCreateDirectory
 *fill*         0x00000000000131bc        0x4 
 .text.fsFsDeleteDirectory
                0x00000000000131c0      0x19c /opt/devkitpro/libnx/lib/libnx.a(fs.o)
                0x00000000000131c0                fsFsDeleteDirectory
 *fill*         0x000000000001335c        0x4 
 .text.fsFsRenameFile
                0x0000000000013360      0x214 /opt/devkitpro/libnx/lib/libnx.a(fs.o)
                0x0000000000013360                fsFsRenameFile
 *fill*         0x0000000000013574        0xc 
 .text.fsFsRenameDirectory
                0x0000000000013580      0x214 /opt/devkitpro/libnx/lib/libnx.a(fs.o)
                0x0000000000013580                fsFsRenameDirectory
 *fill*         0x0000000000013794        0xc 
 .text.fsFsGetEntryType
                0x00000000000137a0      0x1b0 /opt/devkitpro/libnx/lib/libnx.a(fs.o)
                0x00000000000137a0                fsFsGetEntryType
 .text.fsFsOpenFile
                0x0000000000013950      0x1e4 /opt/devkitpro/libnx/lib/libnx.a(fs.o)
                0x0000000000013950                fsFsOpenFile
 *fill*         0x0000000000013b34        0xc 
 .text.fsFsOpenDirectory
                0x0000000000013b40      0x1f8 /opt/devkitpro/libnx/lib/libnx.a(fs.o)
                0x0000000000013b40                fsFsOpenDirectory
 *fill*         0x0000000000013d38        0x8 
 .text.fsFsGetFreeSpace
                0x0000000000013d40      0x1b0 /opt/devkitpro/libnx/lib/libnx.a(fs.o)
                0x0000000000013d40                fsFsGetFreeSpace
 .text.fsFsGetTotalSpace
                0x0000000000013ef0      0x1b0 /opt/devkitpro/libnx/lib/libnx.a(fs.o)
                0x0000000000013ef0                fsFsGetTotalSpace
 .text.fsFsGetFileTimeStampRaw
                0x00000000000140a0      0x194 /opt/devkitpro/libnx/lib/libnx.a(fs.o)
                0x00000000000140a0                fsFsGetFileTimeStampRaw
 *fill*         0x0000000000014234        0xc 
 .text.fsFsClose
                0x0000000000014240       0x6c /opt/devkitpro/libnx/lib/libnx.a(fs.o)
                0x0000000000014240                fsFsClose
 *fill*         0x00000000000142ac        0x4 
 .text.fsFileRead
                0x00000000000142b0      0x1f0 /opt/devkitpro/libnx/lib/libnx.a(fs.o)
                0x00000000000142b0                fsFileRead
 .text.fsFileWrite
                0x00000000000144a0      0x1b8 /opt/devkitpro/libnx/lib/libnx.a(fs.o)
                0x00000000000144a0                fsFileWrite
 *fill*         0x0000000000014658        0x8 
 .text.fsFileFlush
                0x0000000000014660      0x16c /opt/devkitpro/libnx/lib/libnx.a(fs.o)
                0x0000000000014660                fsFileFlush
 *fill*         0x00000000000147cc        0x4 
 .text.fsFileSetSize
                0x00000000000147d0      0x174 /opt/devkitpro/libnx/lib/libnx.a(fs.o)
                0x00000000000147d0                fsFileSetSize
 *fill*         0x0000000000014944        0xc 
 .text.fsFileGetSize
                0x0000000000014950      0x194 /opt/devkitpro/libnx/lib/libnx.a(fs.o)
                0x0000000000014950                fsFileGetSize
 *fill*         0x0000000000014ae4        0xc 
 .text.fsFileClose
                0x0000000000014af0       0x6c /opt/devkitpro/libnx/lib/libnx.a(fs.o)
                0x0000000000014af0                fsFileClose
 *fill*         0x0000000000014b5c        0x4 
 .text.fsDirClose
                0x0000000000014b60       0x6c /opt/devkitpro/libnx/lib/libnx.a(fs.o)
                0x0000000000014b60                fsDirClose
 *fill*         0x0000000000014bcc        0x4 
 .text.fsDirRead
                0x0000000000014bd0      0x1ec /opt/devkitpro/libnx/lib/libnx.a(fs.o)
                0x0000000000014bd0                fsDirRead
 *fill*         0x0000000000014dbc        0x4 
 .text.ipcCloseObjectById
                0x0000000000014dc0       0x34 /opt/devkitpro/libnx/lib/libnx.a(set.o)
 *fill*         0x0000000000014df4        0xc 
 .text.setsysInitialize